<html>
<body>
<pre>
<h1>µVision Build Log</h1>
<h2>Project:</h2>
C:\Users\saeed\Documents\HomeProject\Bootloader\Project_ST-X\MDK-ARM\HY-LPC1788-SDK.uvproj
Project File Date:  08/15/2014

<h2>Output:</h2>
Build target 'Project_ST-X'
compiling EXTIT_Handeler.c...
compiling GPIO_IRQHandler.c...
linking...
Program Size: Code=5142 RO-data=274 RW-data=36 ZI-data=756  
FromELF: creating hex file...
After Build - User command #1: fromelf -c ./Obj/Project_ST-X.axf --output ./List/Project_ST-X.txt
".\Obj\Project_ST-X.axf" - 0 Errors, 0 Warning(s).
Build target 'Project_ST-X'
compiling EXTIT_Handeler.c...
linking...
Program Size: Code=5346 RO-data=274 RW-data=36 ZI-data=756  
FromELF: creating hex file...
After Build - User command #1: fromelf -c ./Obj/Project_ST-X.axf --output ./List/Project_ST-X.txt
".\Obj\Project_ST-X.axf" - 0 Errors, 0 Warning(s).
Build target 'Project_ST-X'
compiling EXTIT_Handeler.c...
linking...
Program Size: Code=5346 RO-data=274 RW-data=36 ZI-data=756  
FromELF: creating hex file...
After Build - User command #1: fromelf -c ./Obj/Project_ST-X.axf --output ./List/Project_ST-X.txt
".\Obj\Project_ST-X.axf" - 0 Errors, 0 Warning(s).
