ARM Linker, 5.03 [Build 76] [MDK-ARM Professional]

==============================================================================

Section Cross References

    user_bsp.o(.text) refers to lpc177x_8x_pinsel.o(.text) for PINSEL_ConfigPin
    user_bsp.o(.text) refers to lpc177x_8x_gpio.o(.text) for GPIO_SetDir
    main.o(.text) refers to user_bsp.o(.text) for User_BSP_Init
    main.o(.text) refers to os_cpu_c.o(.text) for OS_CPU_SysTickInit
    main.o(.text) refers to os_core.o(.text) for OSStatInit
    main.o(.text) refers to uctsk_blink.o(.text) for App_BlinkTaskCreate
    main.o(.text) refers to uctsk_lwip.o(.text) for App_LWIPTaskCreate
    main.o(.text) refers to debug_frmwrk.o(.text) for debug_frmwrk_init
    main.o(.text) refers to os_time.o(.text) for OSTimeDlyHMSM
    main.o(.text) refers to os_cpu_a.o(OSKernelschedular) for IntDisAll
    main.o(.text) refers to os_task.o(.text) for OSTaskCreateExt
    main.o(.text) refers to system_lpc177x_8x.o(.data) for SystemCoreClock
    main.o(.text) refers to main.o(.bss) for .bss
    search.o(.text) refers to strncmp.o(.text) for strncmp
    uctsk_lwip.o(.text) refers to memcpya.o(.text) for __aeabi_memcpy
    uctsk_lwip.o(.text) refers to search.o(.text) for memstrExt
    uctsk_lwip.o(.text) refers to printf6.o(i.__0sprintf$6) for __2sprintf
    uctsk_lwip.o(.text) refers to api_lib.o(.text) for netconn_write
    uctsk_lwip.o(.text) refers to lwip.o(.text) for Init_lwIP
    uctsk_lwip.o(.text) refers to netbuf.o(.text) for netbuf_data
    uctsk_lwip.o(.text) refers to strstr.o(.text) for strstr
    uctsk_lwip.o(.text) refers to os_time.o(.text) for OSTimeDlyHMSM
    uctsk_lwip.o(.text) refers to os_task.o(.text) for OSTaskCreate
    uctsk_lwip.o(.text) refers to uctsk_lwip.o(.constdata) for .constdata
    uctsk_lwip.o(.text) refers to uctsk_lwip.o(.bss) for .bss
    uctsk_lwip.o(.text) refers to uctsk_lwip.o(.data) for .data
    uctsk_blink.o(.text) refers to lpc177x_8x_gpio.o(.text) for GPIO_ClearValue
    uctsk_blink.o(.text) refers to os_time.o(.text) for OSTimeDlyHMSM
    uctsk_blink.o(.text) refers to os_task.o(.text) for OSTaskCreate
    uctsk_blink.o(.text) refers to uctsk_blink.o(.bss) for .bss
    emac.o(.text) refers to os_sem.o(.text) for OSSemPost
    emac.o(.text) refers to lpc177x_8x_pinsel.o(.text) for PINSEL_ConfigPin
    emac.o(.text) refers to lpc177x_8x_emac.o(.text) for EMAC_Init
    emac.o(.text) refers to emac.o(.data) for .data
    emac.o(.text) refers to ethernetif.o(.data) for ethernetinput
    emac.o(.text) refers to phylan.o(.text) for PHY_Init
    phylan.o(.text) refers to lpc177x_8x_emac.o(.text) for EMAC_Read_PHY
    debug_frmwrk.o(.text) refers to lpc177x_8x_uart.o(.text) for UART_Send
    debug_frmwrk.o(.text) refers to lpc177x_8x_pinsel.o(.text) for PINSEL_ConfigPin
    debug_frmwrk.o(.text) refers to debug_frmwrk.o(.constdata) for .constdata
    debug_frmwrk.o(.text) refers to debug_frmwrk.o(.data) for .data
    lpc177x_8x_clkpwr.o(.text) refers to system_lpc177x_8x.o(.text) for SystemCoreClockUpdate
    lpc177x_8x_clkpwr.o(.text) refers to system_lpc177x_8x.o(.data) for SystemCoreClock
    lpc177x_8x_gpio.o(.text) refers to lpc177x_8x_clkpwr.o(.text) for CLKPWR_ConfigPPWR
    lpc177x_8x_uart.o(.text) refers to lpc177x_8x_clkpwr.o(.text) for CLKPWR_GetCLK
    lpc177x_8x_uart.o(.text) refers to uldiv.o(.text) for __aeabi_uldivmod
    lpc177x_8x_emac.o(.text) refers to memcpya.o(.text) for __aeabi_memcpy4
    lpc177x_8x_emac.o(.text) refers to lpc177x_8x_clkpwr.o(.text) for CLKPWR_ConfigPPWR
    lpc177x_8x_emac.o(.text) refers to lpc177x_8x_emac.o(.bss) for .bss
    lpc177x_8x_emac.o(.text) refers to lpc177x_8x_emac.o(.constdata) for .constdata
    lpc177x_8x_emac.o(.text) refers to lpc177x_8x_emac.o(.data) for .data
    system_lpc177x_8x.o(.text) refers to system_lpc177x_8x.o(.data) for .data
    startup_lpc177x_8x.o(RESET) refers to startup_lpc177x_8x.o(STACK) for __initial_sp
    startup_lpc177x_8x.o(RESET) refers to startup_lpc177x_8x.o(.text) for Reset_Handler
    startup_lpc177x_8x.o(RESET) refers to os_cpu_a.o(OSKernelschedular) for PendSV_Handler
    startup_lpc177x_8x.o(RESET) refers to os_cpu_c.o(.text) for SysTick_Handler
    startup_lpc177x_8x.o(RESET) refers to lpc177x_8x_emac.o(.text) for ENET_IRQHandler
    startup_lpc177x_8x.o(.text) refers to system_lpc177x_8x.o(.text) for SystemInit
    startup_lpc177x_8x.o(.text) refers to entry.o(.ARM.Collect$$$$00000000) for __main
    os_cpu_a.o(OSKernelschedular) refers to os_core.o(.data) for OSRunning
    os_cpu_c.o(.text) refers to os_apphooks.o(.text) for App_TaskCreateHook
    os_cpu_c.o(.text) refers to os_tmr.o(.text) for OSTmrSignal
    os_cpu_c.o(.text) refers to os_cpu_a.o(OSKernelschedular) for OS_CPU_SR_Save
    os_cpu_c.o(.text) refers to os_core.o(.text) for OSTimeTick
    os_cpu_c.o(.text) refers to os_cpu_c.o(.data) for .data
    os_cpu_c.o(.text) refers to os_task.o(.text) for OS_TaskReturn
[...]
    .data                                    0x10000170   Section        8  sys_arch.o(.data)
    pQueueMem                                0x10000170   Data           4  sys_arch.o(.data)
    .data                                    0x10000178   Section        4  ethernetif.o(.data)
    .data                                    0x1000017c   Section       12  sockets.o(.data)
    select_cb_list                           0x1000017c   Data           4  sockets.o(.data)
    socksem                                  0x10000180   Data           4  sockets.o(.data)
    selectsem                                0x10000184   Data           4  sockets.o(.data)
    .data                                    0x10000188   Section       16  tcpip.o(.data)
    mbox                                     0x10000188   Data           4  tcpip.o(.data)
    tcpip_init_done                          0x1000018c   Data           4  tcpip.o(.data)
    tcpip_init_done_arg                      0x10000190   Data           4  tcpip.o(.data)
    tcpip_tcp_timer_active                   0x10000194   Data           4  tcpip.o(.data)
    .data                                    0x10000198   Section        4  stdout.o(.data)
    .bss                                     0x1000019c   Section      256  main.o(.bss)
    App_TaskStartStk                         0x1000019c   Data         256  main.o(.bss)
    .bss                                     0x1000029c   Section     3508  uctsk_lwip.o(.bss)
    AppLWIPTaskStk                           0x1000029c   Data        2048  uctsk_lwip.o(.bss)
    .bss                                     0x10001050   Section      512  uctsk_blink.o(.bss)
    App_TaskBlinkStk                         0x10001050   Data         512  uctsk_blink.o(.bss)
    .bss                                     0x10001250   Section     6188  lpc177x_8x_emac.o(.bss)
    EMAC_Configs                             0x10001250   Data          44  lpc177x_8x_emac.o(.bss)
    saFrameBuffers                           0x1000127c   Data        6144  lpc177x_8x_emac.o(.bss)
    .bss                                     0x10002a7c   Section     3056  os_core.o(.bss)
    .bss                                     0x1000366c   Section       80  os_core.o(.bss)
    .bss                                     0x100036bc   Section      120  os_core.o(.bss)
    .bss                                     0x10003734   Section       96  os_core.o(.bss)
    .bss                                     0x10003794   Section      640  os_core.o(.bss)
    .bss                                     0x10003a14   Section      256  os_core.o(.bss)
    .bss                                     0x10003b14   Section       64  os_core.o(.bss)
    .bss                                     0x10003b54   Section    15380  mem.o(.bss)
    ram_heap                                 0x10003b54   Data       15380  mem.o(.bss)
    .bss                                     0x10007768   Section    11303  memp.o(.bss)
    memp_tab                                 0x10007768   Data          56  memp.o(.bss)
    memp_memory                              0x100077a0   Data       11247  memp.o(.bss)
    .bss                                     0x1000a390   Section       20  tcp_in.o(.bss)
    inseg                                    0x1000a390   Data          20  tcp_in.o(.bss)
    .bss                                     0x1000a3a4   Section       16  inet.o(.bss)
    str                                      0x1000a3a4   Data          16  inet.o(.bss)
    .bss                                     0x1000a3b4   Section     2004  ip_frag.o(.bss)
    buf                                      0x1000a3b4   Data        2004  ip_frag.o(.bss)
    .bss                                     0x1000ab88   Section      200  etharp.o(.bss)
    arp_table                                0x1000ab88   Data         200  etharp.o(.bss)
    .bss                                     0x1000ac50   Section       48  lwip.o(.bss)
    .bss                                     0x1000ac80   Section     1536  lwip.o(.bss)
    .bss                                     0x1000b280   Section     4456  sys_arch.o(.bss)
    pcQueueMemoryPool                        0x1000c090   Data         843  sys_arch.o(.bss)
    .bss                                     0x1000c3e8   Section     1024  ethernetif.o(.bss)
    App_Task_Ethernetif_Input_Stk            0x1000c3e8   Data        1024  ethernetif.o(.bss)
    .bss                                     0x1000c7e8   Section       80  sockets.o(.bss)
    sockets                                  0x1000c7e8   Data          80  sockets.o(.bss)
    STACK                                    0x1000c838   Section      512  startup_lpc177x_8x.o(STACK)

    Global Symbols

    Symbol Name                              Value     Ov Type        Size  Object(Section)

    BuildAttributes$$THM_ISAv4$P$D$K$B$S$PE$A:L22UL41UL21$X:L11$S22US41US21$IEEE1$IW$USESV6$~STKCKD$USESV7$~SHL$OSPACE$ROPI$EBA8$MICROLIB$REQ8$PRES8$EABIv2 0x00000000   Number         0  anon$$obj.o ABSOLUTE
    __ARM_use_no_argv                        0x00000000   Number         0  main.o ABSOLUTE
    __Vectors                                0x00000000   Data           4  startup_lpc177x_8x.o(RESET)
    _printf_a                                0x00000000   Number         0  stubs.o ABSOLUTE
    _printf_c                                0x00000000   Number         0  stubs.o ABSOLUTE
    _printf_charcount                        0x00000000   Number         0  stubs.o ABSOLUTE
    _printf_d                                0x00000000   Number         0  stubs.o ABSOLUTE
    _printf_e                                0x00000000   Number         0  stubs.o ABSOLUTE
    _printf_f                                0x00000000   Number         0  stubs.o ABSOLUTE
    _printf_flags                            0x00000000   Number         0  stubs.o ABSOLUTE
    _printf_fp_dec                           0x00000000   Number         0  stubs.o ABSOLUTE
    _printf_fp_hex                           0x00000000   Number         0  stubs.o ABSOLUTE
    _printf_g                                0x00000000   Number         0  stubs.o ABSOLUTE
    _printf_i                                0x00000000   Number         0  stubs.o ABSOLUTE
    _printf_int_dec                          0x00000000   Number         0  stubs.o ABSOLUTE
    _printf_l                                0x00000000   Number         0  stubs.o ABSOLUTE
    _printf_lc                               0x00000000   Number         0  stubs.o ABSOLUTE
    _printf_ll                               0x00000000   Number         0  stubs.o ABSOLUTE
    _printf_lld                              0x00000000   Number         0  stubs.o ABSOLUTE
    _printf_lli                              0x00000000   Number         0  stubs.o ABSOLUTE
    _printf_llo                              0x00000000   Number         0  stubs.o ABSOLUTE
    _printf_llu                              0x00000000   Number         0  stubs.o ABSOLUTE
    _printf_llx                              0x00000000   Number         0  stubs.o ABSOLUTE
    _printf_longlong_dec                     0x00000000   Number         0  stubs.o ABSOLUTE
    _printf_longlong_hex                     0x00000000   Number         0  stubs.o ABSOLUTE
    _printf_longlong_oct                     0x00000000   Number         0  stubs.o ABSOLUTE
    _printf_ls                               0x00000000   Number         0  stubs.o ABSOLUTE
    _printf_mbtowc                           0x00000000   Number         0  stubs.o ABSOLUTE
    _printf_n                                0x00000000   Number         0  stubs.o ABSOLUTE
    _printf_o                                0x00000000   Number         0  stubs.o ABSOLUTE
    _printf_p                                0x00000000   Number         0  stubs.o ABSOLUTE
    _printf_percent                          0x00000000   Number         0  stubs.o ABSOLUTE
    _printf_pre_padding                      0x00000000   Number         0  stubs.o ABSOLUTE
    _printf_return_value                     0x00000000   Number         0  stubs.o ABSOLUTE
    _printf_s                                0x00000000   Number         0  stubs.o ABSOLUTE
    _printf_sizespec                         0x00000000   Number         0  stubs.o ABSOLUTE
    _printf_str                              0x00000000   Number         0  stubs.o ABSOLUTE
    _printf_truncate_signed                  0x00000000   Number         0  stubs.o ABSOLUTE
    _printf_truncate_unsigned                0x00000000   Number         0  stubs.o ABSOLUTE
    _printf_u                                0x00000000   Number         0  stubs.o ABSOLUTE
    _printf_wc                               0x00000000   Number         0  stubs.o ABSOLUTE
    _printf_wctomb                           0x00000000   Number         0  stubs.o ABSOLUTE
    _printf_widthprec                        0x00000000   Number         0  stubs.o ABSOLUTE
    _printf_x                                0x00000000   Number         0  stubs.o ABSOLUTE
    __cpp_initialize__aeabi_                  - Undefined Weak Reference
    __cxa_finalize                            - Undefined Weak Reference
    _clock_init                               - Undefined Weak Reference
    _microlib_exit                            - Undefined Weak Reference
    __main                                   0x000000e5   Thumb Code     0  entry.o(.ARM.Collect$$$$00000000)
    _main_stk                                0x000000e5   Thumb Code     0  entry2.o(.ARM.Collect$$$$00000001)
    _main_scatterload                        0x000000e9   Thumb Code     0  entry5.o(.ARM.Collect$$$$00000004)
    __main_after_scatterload                 0x000000ed   Thumb Code     0  entry5.o(.ARM.Collect$$$$00000004)
    _main_clock                              0x000000ed   Thumb Code     0  entry7b.o(.ARM.Collect$$$$00000008)
    _main_cpp_init                           0x000000ed   Thumb Code     0  entry8b.o(.ARM.Collect$$$$0000000A)
    _main_init                               0x000000ed   Thumb Code     0  entry9a.o(.ARM.Collect$$$$0000000B)
    __rt_final_cpp                           0x000000f5   Thumb Code     0  entry10a.o(.ARM.Collect$$$$0000000D)
    __rt_final_exit                          0x000000f5   Thumb Code     0  entry11a.o(.ARM.Collect$$$$0000000F)
    User_BSP_Init                            0x000000f9   Thumb Code    26  user_bsp.o(.text)
    main                                     0x00000147   Thumb Code    70  main.o(.text)
    MemChr                                   0x000001a5   Thumb Code    26  search.o(.text)
    MemSearch                                0x000001bf   Thumb Code    48  search.o(.text)
    memstr                                   0x000001ef   Thumb Code    68  search.o(.text)
    memstrExt                                0x00000233   Thumb Code    64  search.o(.text)
    App_BlinkTaskCreate                      0x000002a7   Thumb Code    30  uctsk_blink.o(.text)
    OSDebugInit                              0x000002dd   Thumb Code     2  os_dbg.o(.text)
    OSTaskReturnHook                         0x000002df   Thumb Code     2  os_apphooks.o(.text)
    App_TaskCreateHook                       0x000002e1   Thumb Code     2  os_apphooks.o(.text)
    App_TaskDelHook                          0x000002e3   Thumb Code     2  os_apphooks.o(.text)
    App_TaskIdleHook                         0x000002e5   Thumb Code     2  os_apphooks.o(.text)
    App_TaskReturnHook                       0x000002e7   Thumb Code     2  os_apphooks.o(.text)
    App_TaskStatHook                         0x000002e9   Thumb Code     2  os_apphooks.o(.text)
    App_TaskSwHook                           0x000002eb   Thumb Code     2  os_apphooks.o(.text)
    App_TCBInitHook                          0x000002ed   Thumb Code     2  os_apphooks.o(.text)
    App_TimeTickHook                         0x000002ef   Thumb Code     2  os_apphooks.o(.text)
    __I$use$semihosting$fputc                0x000002f1   Thumb Code     0  iusesemip.o(.text)
    __scatterload_null                       0x000002f1   Thumb Code     2  handlers.o(i.__scatterload_null)
    __semihosting_library_function           0x000002f1   Thumb Code     0  semi.o(.text)
    App_LWIPTaskCreate                       0x000003ed   Thumb Code    32  uctsk_lwip.o(.text)
    ErrorReceiveCallback                     0x0000047d   Thumb Code     2  emac.o(.text)
    FrameReceiveCallback                     0x0000047f   Thumb Code    44  emac.o(.text)
    Init_EMAC                                0x000004ab   Thumb Code   192  emac.o(.text)
    ReadHalfWord_EMAC                        0x0000056b   Thumb Code    14  emac.o(.text)
    ReadHalfWordBE_EMAC                      0x00000579   Thumb Code     4  emac.o(.text)
    ReadFrame_EMAC                           0x0000057d   Thumb Code    36  emac.o(.text)
    DummyReadFrame_EMAC                      0x000005a1   Thumb Code    22  emac.o(.text)
    StartReadFrame                           0x000005b7   Thumb Code    40  emac.o(.text)
    EndReadFrame                             0x000005df   Thumb Code    18  emac.o(.text)
    CheckFrameReceived                       0x000005f1   Thumb Code    20  emac.o(.text)
    Rdy4Tx                                   0x00000605   Thumb Code    18  emac.o(.text)
    SendFrame                                0x00000617   Thumb Code    14  emac.o(.text)
    PHY_UpdateStatus                         0x0000063d   Thumb Code    82  phylan.o(.text)
    PHY_SetMode                              0x0000068f   Thumb Code   114  phylan.o(.text)
    PHY_Reset                                0x00000701   Thumb Code    42  phylan.o(.text)
    PHY_Init                                 0x0000072b   Thumb Code    30  phylan.o(.text)
    PHY_CheckStatus                          0x00000749   Thumb Code    58  phylan.o(.text)
    UARTPutChar                              0x00000789   Thumb Code    14  debug_frmwrk.o(.text)
    UARTGetChar                              0x00000797   Thumb Code    24  debug_frmwrk.o(.text)
    UARTGetCharInNonBlock                    0x000007af   Thumb Code    24  debug_frmwrk.o(.text)
    UARTPuts                                 0x000007c7   Thumb Code    24  debug_frmwrk.o(.text)
    UARTGetValue                             0x000007df   Thumb Code   244  debug_frmwrk.o(.text)
    UARTPuts_                                0x000008d3   Thumb Code    18  debug_frmwrk.o(.text)
    UARTPutDec                               0x000008e5   Thumb Code    68  debug_frmwrk.o(.text)
    UARTPutDec16                             0x00000929   Thumb Code   122  debug_frmwrk.o(.text)
    UARTPutDec32                             0x000009a3   Thumb Code   256  debug_frmwrk.o(.text)
    UARTPutHex_                              0x00000aa3   Thumb Code    46  debug_frmwrk.o(.text)
    UARTPutHex                               0x00000ad1   Thumb Code    52  debug_frmwrk.o(.text)
    UARTPutHex16_                            0x00000b05   Thumb Code    46  debug_frmwrk.o(.text)
    UARTPutHex16                             0x00000b33   Thumb Code    52  debug_frmwrk.o(.text)
    UARTPutHex32_                            0x00000b67   Thumb Code    46  debug_frmwrk.o(.text)
    UARTPutHex32                             0x00000b95   Thumb Code    52  debug_frmwrk.o(.text)
    debug_frmwrk_init                        0x00000bc9   Thumb Code   268  debug_frmwrk.o(.text)
    CLKPWR_SetCLKDiv                         0x00000cd5   Thumb Code    90  lpc177x_8x_clkpwr.o(.text)
    CLKPWR_GetCLK                            0x00000d2f   Thumb Code    34  lpc177x_8x_clkpwr.o(.text)
    CLKPWR_ConfigPPWR                        0x00000d51   Thumb Code    28  lpc177x_8x_clkpwr.o(.text)
    CLKPWR_Sleep                             0x00000d6d   Thumb Code    12  lpc177x_8x_clkpwr.o(.text)
    CLKPWR_DeepSleep                         0x00000d79   Thumb Code    18  lpc177x_8x_clkpwr.o(.text)
    CLKPWR_PowerDown                         0x00000d8b   Thumb Code    18  lpc177x_8x_clkpwr.o(.text)
    CLKPWR_DeepPowerDown                     0x00000d9d   Thumb Code    18  lpc177x_8x_clkpwr.o(.text)
    GPIO_Init                                0x00000e65   Thumb Code     8  lpc177x_8x_gpio.o(.text)
    GPIO_Deinit                              0x00000e6d   Thumb Code    10  lpc177x_8x_gpio.o(.text)
    GPIO_SetDir                              0x00000e77   Thumb Code    28  lpc177x_8x_gpio.o(.text)
    GPIO_SetValue                            0x00000e93   Thumb Code    16  lpc177x_8x_gpio.o(.text)
    GPIO_ClearValue                          0x00000ea3   Thumb Code    16  lpc177x_8x_gpio.o(.text)
    GPIO_OutputValue                         0x00000eb3   Thumb Code     6  lpc177x_8x_gpio.o(.text)
    GPIO_ReadValue                           0x00000eb9   Thumb Code    14  lpc177x_8x_gpio.o(.text)
    GPIO_IntCmd                              0x00000ec7   Thumb Code    56  lpc177x_8x_gpio.o(.text)
    GPIO_GetIntStatus                        0x00000eff   Thumb Code    62  lpc177x_8x_gpio.o(.text)
    GPIO_ClearInt                            0x00000f3d   Thumb Code    22  lpc177x_8x_gpio.o(.text)
    FIO_SetDir                               0x00000f53   Thumb Code     2  lpc177x_8x_gpio.o(.text)
    FIO_SetValue                             0x00000f55   Thumb Code     2  lpc177x_8x_gpio.o(.text)
    FIO_ClearValue                           0x00000f57   Thumb Code     2  lpc177x_8x_gpio.o(.text)
    FIO_ReadValue                            0x00000f59   Thumb Code     2  lpc177x_8x_gpio.o(.text)
    FIO_IntCmd                               0x00000f5b   Thumb Code     2  lpc177x_8x_gpio.o(.text)
    FIO_GetIntStatus                         0x00000f5d   Thumb Code     2  lpc177x_8x_gpio.o(.text)
    FIO_ClearInt                             0x00000f5f   Thumb Code     2  lpc177x_8x_gpio.o(.text)
    FIO_SetMask                              0x00000f61   Thumb Code    28  lpc177x_8x_gpio.o(.text)
    FIO_HalfWordSetDir                       0x00000f7d   Thumb Code    50  lpc177x_8x_gpio.o(.text)
    FIO_HalfWordSetMask                      0x00000faf   Thumb Code    50  lpc177x_8x_gpio.o(.text)
    FIO_HalfWordSetValue                     0x00000fe1   Thumb Code    24  lpc177x_8x_gpio.o(.text)
    FIO_HalfWordClearValue                   0x00000ff9   Thumb Code    24  lpc177x_8x_gpio.o(.text)
    FIO_HalfWordReadValue                    0x00001011   Thumb Code    22  lpc177x_8x_gpio.o(.text)
    FIO_ByteSetDir                           0x00001027   Thumb Code    40  lpc177x_8x_gpio.o(.text)
    FIO_ByteSetMask                          0x0000104f   Thumb Code    44  lpc177x_8x_gpio.o(.text)
    FIO_ByteSetValue                         0x0000107b   Thumb Code    24  lpc177x_8x_gpio.o(.text)
    FIO_ByteClearValue                       0x00001093   Thumb Code    24  lpc177x_8x_gpio.o(.text)
    FIO_ByteReadValue                        0x000010ab   Thumb Code    24  lpc177x_8x_gpio.o(.text)
    PINSEL_GetPinType                        0x000010cd   Thumb Code   134  lpc177x_8x_pinsel.o(.text)
    PINSEL_ConfigPin                         0x00001153   Thumb Code    46  lpc177x_8x_pinsel.o(.text)
    PINSEL_SetPinMode                        0x00001181   Thumb Code    64  lpc177x_8x_pinsel.o(.text)
    PINSEL_SetHysMode                        0x000011c1   Thumb Code    60  lpc177x_8x_pinsel.o(.text)
    PINSEL_SetInvertInput                    0x000011fd   Thumb Code    58  lpc177x_8x_pinsel.o(.text)
    PINSEL_SetSlewMode                       0x00001237   Thumb Code    60  lpc177x_8x_pinsel.o(.text)
    PINSEL_SetI2CFilter                      0x00001273   Thumb Code    58  lpc177x_8x_pinsel.o(.text)
    PINSEL_SetI2CMode                        0x000012ad   Thumb Code   104  lpc177x_8x_pinsel.o(.text)
    PINSEL_SetOpenDrainMode                  0x00001315   Thumb Code    64  lpc177x_8x_pinsel.o(.text)
    PINSEL_SetAnalogPinMode                  0x00001355   Thumb Code    58  lpc177x_8x_pinsel.o(.text)
    PINSEL_DacEnable                         0x0000138f   Thumb Code    62  lpc177x_8x_pinsel.o(.text)
    PINSEL_SetFilter                         0x000013cd   Thumb Code    62  lpc177x_8x_pinsel.o(.text)
    UART_Init                                0x0000157b   Thumb Code   402  lpc177x_8x_uart.o(.text)
    UART_TxCmd                               0x0000170d   Thumb Code    92  lpc177x_8x_uart.o(.text)
    UART_DeInit                              0x00001769   Thumb Code    70  lpc177x_8x_uart.o(.text)
    UART_ConfigStructInit                    0x000017af   Thumb Code    18  lpc177x_8x_uart.o(.text)
    UART_SendByte                            0x000017c1   Thumb Code    38  lpc177x_8x_uart.o(.text)
    UART_ReceiveByte                         0x000017e7   Thumb Code    44  lpc177x_8x_uart.o(.text)
    UART_Send                                0x00001813   Thumb Code   170  lpc177x_8x_uart.o(.text)
    UART_Receive                             0x000018bd   Thumb Code   148  lpc177x_8x_uart.o(.text)
    UART_ForceBreak                          0x00001951   Thumb Code    50  lpc177x_8x_uart.o(.text)
    UART_IntConfig                           0x00001983   Thumb Code   124  lpc177x_8x_uart.o(.text)
    UART_GetLineStatus                       0x000019ff   Thumb Code    44  lpc177x_8x_uart.o(.text)
    UART_GetIntId                            0x00001a2b   Thumb Code    46  lpc177x_8x_uart.o(.text)
    UART_CheckBusy                           0x00001a59   Thumb Code    54  lpc177x_8x_uart.o(.text)
    UART_FIFOConfig                          0x00001a8f   Thumb Code   114  lpc177x_8x_uart.o(.text)
    UART_FIFOConfigStructInit                0x00001b01   Thumb Code    14  lpc177x_8x_uart.o(.text)
    UART_ABCmd                               0x00001b0f   Thumb Code   148  lpc177x_8x_uart.o(.text)
    UART_ABClearIntPending                   0x00001ba3   Thumb Code    32  lpc177x_8x_uart.o(.text)
    UART_IrDAInvtInputCmd                    0x00001bc3   Thumb Code    32  lpc177x_8x_uart.o(.text)
    UART_IrDACmd                             0x00001be3   Thumb Code    26  lpc177x_8x_uart.o(.text)
    UART_IrDAPulseDivConfig                  0x00001bfd   Thumb Code    28  lpc177x_8x_uart.o(.text)
    UART_FullModemForcePinState              0x00001c19   Thumb Code    42  lpc177x_8x_uart.o(.text)
    UART_FullModemConfigMode                 0x00001c43   Thumb Code    48  lpc177x_8x_uart.o(.text)
    UART_FullModemGetStatus                  0x00001c73   Thumb Code    14  lpc177x_8x_uart.o(.text)
    UART_RS485Config                         0x00001c81   Thumb Code   142  lpc177x_8x_uart.o(.text)
    UART_RS485ReceiverCmd                    0x00001d0f   Thumb Code    72  lpc177x_8x_uart.o(.text)
    UART_RS485Send                           0x00001d57   Thumb Code   104  lpc177x_8x_uart.o(.text)
    UART_RS485SendSlvAddr                    0x00001dbf   Thumb Code    14  lpc177x_8x_uart.o(.text)
    UART_RS485SendData                       0x00001dcd   Thumb Code     4  lpc177x_8x_uart.o(.text)
    rx_descr_init                            0x00001e01   Thumb Code    56  lpc177x_8x_emac.o(.text)
    tx_descr_init                            0x00001e39   Thumb Code    64  lpc177x_8x_emac.o(.text)
    setEmacAddr                              0x00001e79   Thumb Code    16  lpc177x_8x_emac.o(.text)
    EMAC_Write_PHY                           0x00001e89   Thumb Code    42  lpc177x_8x_emac.o(.text)
    EMAC_Read_PHY                            0x00001eb3   Thumb Code    52  lpc177x_8x_emac.o(.text)
    EMAC_SetFullDuplexMode                   0x00001ee7   Thumb Code    34  lpc177x_8x_emac.o(.text)
    EMAC_SetPHYSpeed                         0x00001f09   Thumb Code    10  lpc177x_8x_emac.o(.text)
    EMAC_RxEnable                            0x00001f13   Thumb Code    24  lpc177x_8x_emac.o(.text)
    EMAC_TxEnable                            0x00001f2b   Thumb Code    14  lpc177x_8x_emac.o(.text)
    EMAC_IntCmd                              0x00001f39   Thumb Code    18  lpc177x_8x_emac.o(.text)
    EMAC_Init                                0x00001f4b   Thumb Code   228  lpc177x_8x_emac.o(.text)
    EMAC_DeInit                              0x0000202f   Thumb Code    30  lpc177x_8x_emac.o(.text)
    EMAC_TxDisable                           0x0000204d   Thumb Code    14  lpc177x_8x_emac.o(.text)
    EMAC_RxDisable                           0x0000205b   Thumb Code    24  lpc177x_8x_emac.o(.text)
    EMAC_GetBufferSts                        0x00002073   Thumb Code    52  lpc177x_8x_emac.o(.text)
    EMAC_GetTxFrameStatus                    0x000020f1   Thumb Code    18  lpc177x_8x_emac.o(.text)
    EMAC_WritePacketBuffer                   0x00002103   Thumb Code   106  lpc177x_8x_emac.o(.text)
    EMAC_GetRxFrameStatus                    0x0000216d   Thumb Code    18  lpc177x_8x_emac.o(.text)
    EMAC_GetRxBuffer                         0x0000217f   Thumb Code    16  lpc177x_8x_emac.o(.text)
    ENET_IRQHandler                          0x0000218f   Thumb Code   470  lpc177x_8x_emac.o(.text)
    EMAC_CRCCalc                             0x00002365   Thumb Code   112  lpc177x_8x_emac.o(.text)
    EMAC_SetHashFilter                       0x000023d5   Thumb Code    54  lpc177x_8x_emac.o(.text)
    EMAC_SetFilterMode                       0x0000240b   Thumb Code    66  lpc177x_8x_emac.o(.text)
    EMAC_GetWoLStatus                        0x0000244d   Thumb Code    22  lpc177x_8x_emac.o(.text)
    EMAC_IntGetStatus                        0x00002463   Thumb Code    22  lpc177x_8x_emac.o(.text)
    SystemCoreClockUpdate                    0x0000249d   Thumb Code   314  system_lpc177x_8x.o(.text)
    SystemInit                               0x000025d7   Thumb Code   152  system_lpc177x_8x.o(.text)
    Reset_Handler                            0x00002685   Thumb Code     8  startup_lpc177x_8x.o(.text)
    NMI_Handler                              0x0000268d   Thumb Code     2  startup_lpc177x_8x.o(.text)
    HardFault_Handler                        0x0000268f   Thumb Code     2  startup_lpc177x_8x.o(.text)
    MemManage_Handler                        0x00002691   Thumb Code     2  startup_lpc177x_8x.o(.text)
    BusFault_Handler                         0x00002693   Thumb Code     2  startup_lpc177x_8x.o(.text)
    UsageFault_Handler                       0x00002695   Thumb Code     2  startup_lpc177x_8x.o(.text)
    SVC_Handler                              0x00002697   Thumb Code     2  startup_lpc177x_8x.o(.text)
    DebugMon_Handler                         0x00002699   Thumb Code     2  startup_lpc177x_8x.o(.text)
    ADC_IRQHandler                           0x0000269f   Thumb Code     0  startup_lpc177x_8x.o(.text)
    BOD_IRQHandler                           0x0000269f   Thumb Code     0  startup_lpc177x_8x.o(.text)
    CANActivity_IRQHandler                   0x0000269f   Thumb Code     0  startup_lpc177x_8x.o(.text)
    CAN_IRQHandler                           0x0000269f   Thumb Code     0  startup_lpc177x_8x.o(.text)
    DMA_IRQHandler                           0x0000269f   Thumb Code     0  startup_lpc177x_8x.o(.text)
    EEPROM_IRQHandler                        0x0000269f   Thumb Code     0  startup_lpc177x_8x.o(.text)
    EINT0_IRQHandler                         0x0000269f   Thumb Code     0  startup_lpc177x_8x.o(.text)
    EINT1_IRQHandler                         0x0000269f   Thumb Code     0  startup_lpc177x_8x.o(.text)
    EINT2_IRQHandler                         0x0000269f   Thumb Code     0  startup_lpc177x_8x.o(.text)
    EINT3_IRQHandler                         0x0000269f   Thumb Code     0  startup_lpc177x_8x.o(.text)
    GPIO_IRQHandler                          0x0000269f   Thumb Code     0  startup_lpc177x_8x.o(.text)
    I2C0_IRQHandler                          0x0000269f   Thumb Code     0  startup_lpc177x_8x.o(.text)
    I2C1_IRQHandler                          0x0000269f   Thumb Code     0  startup_lpc177x_8x.o(.text)
    I2C2_IRQHandler                          0x0000269f   Thumb Code     0  startup_lpc177x_8x.o(.text)
    I2S_IRQHandler                           0x0000269f   Thumb Code     0  startup_lpc177x_8x.o(.text)
    LCD_IRQHandler                           0x0000269f   Thumb Code     0  startup_lpc177x_8x.o(.text)
    MCI_IRQHandler                           0x0000269f   Thumb Code     0  startup_lpc177x_8x.o(.text)
    MCPWM_IRQHandler                         0x0000269f   Thumb Code     0  startup_lpc177x_8x.o(.text)
    PLL0_IRQHandler                          0x0000269f   Thumb Code     0  startup_lpc177x_8x.o(.text)
    PLL1_IRQHandler                          0x0000269f   Thumb Code     0  startup_lpc177x_8x.o(.text)
    PWM0_IRQHandler                          0x0000269f   Thumb Code     0  startup_lpc177x_8x.o(.text)
    PWM1_IRQHandler                          0x0000269f   Thumb Code     0  startup_lpc177x_8x.o(.text)
    QEI_IRQHandler                           0x0000269f   Thumb Code     0  startup_lpc177x_8x.o(.text)
    RTC_IRQHandler                           0x0000269f   Thumb Code     0  startup_lpc177x_8x.o(.text)
    SSP0_IRQHandler                          0x0000269f   Thumb Code     0  startup_lpc177x_8x.o(.text)
    SSP1_IRQHandler                          0x0000269f   Thumb Code     0  startup_lpc177x_8x.o(.text)
    SSP2_IRQHandler                          0x0000269f   Thumb Code     0  startup_lpc177x_8x.o(.text)
    TIMER0_IRQHandler                        0x0000269f   Thumb Code     0  startup_lpc177x_8x.o(.text)
    TIMER1_IRQHandler                        0x0000269f   Thumb Code     0  startup_lpc177x_8x.o(.text)
    TIMER2_IRQHandler                        0x0000269f   Thumb Code     0  startup_lpc177x_8x.o(.text)
    TIMER3_IRQHandler                        0x0000269f   Thumb Code     0  startup_lpc177x_8x.o(.text)
    UART0_IRQHandler                         0x0000269f   Thumb Code     0  startup_lpc177x_8x.o(.text)
    UART1_IRQHandler                         0x0000269f   Thumb Code     0  startup_lpc177x_8x.o(.text)
    UART2_IRQHandler                         0x0000269f   Thumb Code     0  startup_lpc177x_8x.o(.text)
    UART3_IRQHandler                         0x0000269f   Thumb Code     0  startup_lpc177x_8x.o(.text)
    UART4_IRQHandler                         0x0000269f   Thumb Code     0  startup_lpc177x_8x.o(.text)
    USBActivity_IRQHandler                   0x0000269f   Thumb Code     0  startup_lpc177x_8x.o(.text)
    USB_IRQHandler                           0x0000269f   Thumb Code     0  startup_lpc177x_8x.o(.text)
    WDT_IRQHandler                           0x0000269f   Thumb Code     0  startup_lpc177x_8x.o(.text)
    OSInitHookBegin                          0x000026a9   Thumb Code     8  os_cpu_c.o(.text)
    OSInitHookEnd                            0x000026b1   Thumb Code     2  os_cpu_c.o(.text)
    OSTaskCreateHook                         0x000026b3   Thumb Code     4  os_cpu_c.o(.text)
    OSTaskDelHook                            0x000026b7   Thumb Code     4  os_cpu_c.o(.text)
    OSTaskIdleHook                           0x000026bb   Thumb Code     4  os_cpu_c.o(.text)
    OSTaskStatHook                           0x000026bf   Thumb Code     4  os_cpu_c.o(.text)
    OSTaskStkInit                            0x000026c3   Thumb Code   114  os_cpu_c.o(.text)
    OSTaskSwHook                             0x00002735   Thumb Code     4  os_cpu_c.o(.text)
    OSTCBInitHook                            0x00002739   Thumb Code     4  os_cpu_c.o(.text)
    OSTimeTickHook                           0x0000273d   Thumb Code    34  os_cpu_c.o(.text)
    SysTick_Handler                          0x0000275f   Thumb Code    30  os_cpu_c.o(.text)
    OS_CPU_SysTickInit                       0x0000277d   Thumb Code    32  os_cpu_c.o(.text)
    OS_StrLen                                0x000027ad   Thumb Code    20  os_core.o(.text)
    OSEventNameGet                           0x000027c1   Thumb Code    86  os_core.o(.text)
    OSEventNameSet                           0x00002817   Thumb Code    70  os_core.o(.text)
    OS_EventTaskRemoveMulti                  0x0000285d   Thumb Code    38  os_core.o(.text)
    OS_Sched                                 0x00002883   Thumb Code    64  os_core.o(.text)
    OS_EventTaskWaitMulti                    0x000028c3   Thumb Code    80  os_core.o(.text)
    OSEventPendMulti                         0x00002913   Thumb Code   462  os_core.o(.text)
    OS_TaskStatStkChk                        0x00002ae1   Thumb Code    50  os_core.o(.text)
    OS_TaskStat                              0x00002b13   Thumb Code    82  os_core.o(.text)
    OS_TaskIdle                              0x00002b65   Thumb Code    24  os_core.o(.text)
    OS_MemClr                                0x00002b7d   Thumb Code    18  os_core.o(.text)
    OSInit                                   0x00002b8f   Thumb Code   192  os_core.o(.text)
    OSIntEnter                               0x00002c4f   Thumb Code    20  os_core.o(.text)
    OSIntExit                                0x00002c63   Thumb Code    84  os_core.o(.text)
    OSSchedLock                              0x00002cb7   Thumb Code    38  os_core.o(.text)
    OSSchedUnlock                            0x00002cdd   Thumb Code    52  os_core.o(.text)
    OSStart                                  0x00002d11   Thumb Code    40  os_core.o(.text)
    OSStatInit                               0x00002d39   Thumb Code    48  os_core.o(.text)
    OSTimeTick                               0x00002d69   Thumb Code   154  os_core.o(.text)
    OSVersion                                0x00002e03   Thumb Code     6  os_core.o(.text)
    OS_Dummy                                 0x00002e09   Thumb Code     2  os_core.o(.text)
    OS_EventTaskRemove                       0x00002e0b   Thumb Code    32  os_core.o(.text)
    OS_EventTaskRdy                          0x00002e2b   Thumb Code   112  os_core.o(.text)
    OS_EventTaskWait                         0x00002e9b   Thumb Code    66  os_core.o(.text)
    OS_EventWaitListInit                     0x00002edd   Thumb Code    20  os_core.o(.text)
    OS_MemCopy                               0x00002ef1   Thumb Code    22  os_core.o(.text)
    OS_TCBInit                               0x00002f07   Thumb Code   276  os_core.o(.text)
    OSFlagAccept                             0x000030f9   Thumb Code   164  os_flag.o(.text)
    OSFlagCreate                             0x0000319d   Thumb Code    68  os_flag.o(.text)
    OS_FlagUnlink                            0x000031e1   Thumb Code    32  os_flag.o(.text)
    OSFlagDel                                0x00003247   Thumb Code   188  os_flag.o(.text)
    OSFlagNameGet                            0x00003303   Thumb Code    84  os_flag.o(.text)
    OSFlagNameSet                            0x00003357   Thumb Code    62  os_flag.o(.text)
    OSFlagPend                               0x000033e9   Thumb Code   368  os_flag.o(.text)
    OSFlagPendGetFlagsRdy                    0x00003559   Thumb Code    20  os_flag.o(.text)
    OSFlagPost                               0x0000356d   Thumb Code   216  os_flag.o(.text)
    OSFlagQuery                              0x00003645   Thumb Code    44  os_flag.o(.text)
    OS_FlagInit                              0x00003671   Thumb Code    64  os_flag.o(.text)
    OSMemCreate                              0x000036b9   Thumb Code   122  os_mem.o(.text)
    OSMemGet                                 0x00003733   Thumb Code    62  os_mem.o(.text)
    OSMemNameGet                             0x00003771   Thumb Code    66  os_mem.o(.text)
    OSMemNameSet                             0x000037b3   Thumb Code    48  os_mem.o(.text)
    OSMemPut                                 0x000037e3   Thumb Code    58  os_mem.o(.text)
    OSMemQuery                               0x0000381d   Thumb Code    58  os_mem.o(.text)
    OS_MemInit                               0x00003857   Thumb Code    62  os_mem.o(.text)
    OSQAccept                                0x000038a5   Thumb Code    84  os_q.o(.text)
    OSQCreate                                0x000038f9   Thumb Code   114  os_q.o(.text)
    OSQDel                                   0x0000396b   Thumb Code   226  os_q.o(.text)
    OSQFlush                                 0x00003a4d   Thumb Code    48  os_q.o(.text)
    OSQPend                                  0x00003a7d   Thumb Code   208  os_q.o(.text)
    OSQPendAbort                             0x00003b4d   Thumb Code   114  os_q.o(.text)
    OSQPost                                  0x00003bbf   Thumb Code   112  os_q.o(.text)
    OSQPostFront                             0x00003c2f   Thumb Code   110  os_q.o(.text)
    OSQPostOpt                               0x00003c9d   Thumb Code   194  os_q.o(.text)
    OSQQuery                                 0x00003d5f   Thumb Code    96  os_q.o(.text)
    OS_QInit                                 0x00003dbf   Thumb Code    56  os_q.o(.text)
    OSSemAccept                              0x00003e01   Thumb Code    36  os_sem.o(.text)
    OSSemCreate                              0x00003e25   Thumb Code    58  os_sem.o(.text)
    OSSemDel                                 0x00003e5f   Thumb Code   196  os_sem.o(.text)
    OSSemPend                                0x00003f23   Thumb Code   176  os_sem.o(.text)
    OSSemPendAbort                           0x00003fd3   Thumb Code   116  os_sem.o(.text)
    OSSemPost                                0x00004047   Thumb Code    88  os_sem.o(.text)
    OSSemQuery                               0x0000409f   Thumb Code    76  os_sem.o(.text)
    OSSemSet                                 0x000040eb   Thumb Code    58  os_sem.o(.text)
    OSTaskChangePrio                         0x00004139   Thumb Code   344  os_task.o(.text)
    OSTaskCreate                             0x00004291   Thumb Code   132  os_task.o(.text)
    OS_TaskStkClr                            0x00004315   Thumb Code    22  os_task.o(.text)
    OSTaskCreateExt                          0x0000432b   Thumb Code   152  os_task.o(.text)
    OSTaskDel                                0x000043c3   Thumb Code   286  os_task.o(.text)
    OSTaskDelReq                             0x000044e1   Thumb Code   142  os_task.o(.text)
    OSTaskNameGet                            0x0000456f   Thumb Code   110  os_task.o(.text)
    OSTaskNameSet                            0x000045dd   Thumb Code    94  os_task.o(.text)
    OSTaskResume                             0x0000463b   Thumb Code   138  os_task.o(.text)
    OSTaskStkChk                             0x000046c5   Thumb Code   126  os_task.o(.text)
    OSTaskSuspend                            0x00004743   Thumb Code   152  os_task.o(.text)
    OSTaskQuery                              0x000047db   Thumb Code    94  os_task.o(.text)
    OSTaskRegGet                             0x00004839   Thumb Code    66  os_task.o(.text)
    OSTaskRegSet                             0x0000487b   Thumb Code    64  os_task.o(.text)
    OS_TaskReturn                            0x000048bb   Thumb Code    18  os_task.o(.text)
    OSTimeDly                                0x000048e5   Thumb Code    82  os_time.o(.text)
    OSTimeDlyHMSM                            0x00004937   Thumb Code   108  os_time.o(.text)
    OSTimeDlyResume                          0x000049a3   Thumb Code   142  os_time.o(.text)
    OSTimeGet                                0x00004a31   Thumb Code    18  os_time.o(.text)
    OSTimeSet                                0x00004a43   Thumb Code    20  os_time.o(.text)
    OSTmrCreate                              0x00004a75   Thumb Code   142  os_tmr.o(.text)
    OSTmrDel                                 0x00004b6f   Thumb Code   100  os_tmr.o(.text)
    OSTmrNameGet                             0x00004bd3   Thumb Code   106  os_tmr.o(.text)
    OSTmrRemainGet                           0x00004c3d   Thumb Code   132  os_tmr.o(.text)
    OSTmrStateGet                            0x00004cc1   Thumb Code    74  os_tmr.o(.text)
    OSTmrStart                               0x00004d4d   Thumb Code   102  os_tmr.o(.text)
    OSTmrStop                                0x00004db3   Thumb Code   152  os_tmr.o(.text)
    OSTmrSignal                              0x00004e4b   Thumb Code     8  os_tmr.o(.text)
    OSTmr_Init                               0x00004edd   Thumb Code   198  os_tmr.o(.text)
    lwip_init                                0x00005005   Thumb Code    22  init.o(.text)
    mem_init                                 0x0000501d   Thumb Code    52  mem.o(.text)
    mem_free                                 0x00005051   Thumb Code    60  mem.o(.text)
    mem_realloc                              0x0000508d   Thumb Code   214  mem.o(.text)
    mem_malloc                               0x00005163   Thumb Code   194  mem.o(.text)
    mem_calloc                               0x00005225   Thumb Code    26  mem.o(.text)
    memp_init                                0x00005295   Thumb Code    78  memp.o(.text)
    memp_malloc                              0x000052e3   Thumb Code    46  memp.o(.text)
    memp_free                                0x00005311   Thumb Code    20  memp.o(.text)
    netif_set_gw                             0x00005399   Thumb Code     8  netif.o(.text)
    netif_set_netmask                        0x000053a1   Thumb Code     8  netif.o(.text)
    netif_set_ipaddr                         0x000053a9   Thumb Code    96  netif.o(.text)
    netif_set_addr                           0x00005409   Thumb Code    30  netif.o(.text)
    netif_add                                0x00005427   Thumb Code    66  netif.o(.text)
    netif_set_default                        0x00005469   Thumb Code     6  netif.o(.text)
    netif_remove                             0x0000546f   Thumb Code    52  netif.o(.text)
    netif_find                               0x000054a3   Thumb Code    58  netif.o(.text)
    netif_set_up                             0x000054dd   Thumb Code    28  netif.o(.text)
    netif_set_down                           0x000054f9   Thumb Code    18  netif.o(.text)
    netif_is_up                              0x0000550b   Thumb Code    10  netif.o(.text)
    pbuf_free                                0x00005521   Thumb Code    68  pbuf.o(.text)
    pbuf_alloc                               0x00005565   Thumb Code   272  pbuf.o(.text)
    pbuf_realloc                             0x00005675   Thumb Code    78  pbuf.o(.text)
    pbuf_header                              0x000056c3   Thumb Code   114  pbuf.o(.text)
    pbuf_clen                                0x00005735   Thumb Code    18  pbuf.o(.text)
    pbuf_ref                                 0x00005747   Thumb Code    12  pbuf.o(.text)
    pbuf_cat                                 0x00005753   Thumb Code    54  pbuf.o(.text)
    pbuf_chain                               0x00005789   Thumb Code    16  pbuf.o(.text)
    pbuf_dechain                             0x00005799   Thumb Code    38  pbuf.o(.text)
    pbuf_copy                                0x000057bf   Thumb Code   180  pbuf.o(.text)
    pbuf_copy_partial                        0x00005873   Thumb Code   124  pbuf.o(.text)
    pbuf_take                                0x000058ef   Thumb Code   102  pbuf.o(.text)
    pbuf_coalesce                            0x00005955   Thumb Code    44  pbuf.o(.text)
    raw_input                                0x00005af9   Thumb Code   100  raw.o(.text)
    raw_bind                                 0x00005b5d   Thumb Code    10  raw.o(.text)
    raw_connect                              0x00005b67   Thumb Code    10  raw.o(.text)
    raw_recv                                 0x00005b71   Thumb Code     6  raw.o(.text)
    raw_sendto                               0x00005b77   Thumb Code   138  raw.o(.text)
    raw_send                                 0x00005c01   Thumb Code     4  raw.o(.text)
    raw_remove                               0x00005c05   Thumb Code    40  raw.o(.text)
    raw_new                                  0x00005c2d   Thumb Code    38  raw.o(.text)
    sys_mbox_fetch                           0x00005c59   Thumb Code    96  sys.o(.text)
    sys_sem_wait                             0x00005cb9   Thumb Code    86  sys.o(.text)
    sys_timeout                              0x00005d0f   Thumb Code    98  sys.o(.text)
    sys_untimeout                            0x00005d71   Thumb Code    78  sys.o(.text)
    sys_sem_wait_timeout                     0x00005dcb   Thumb Code    58  sys.o(.text)
    sys_msleep                               0x00005e05   Thumb Code    28  sys.o(.text)
    tcp_seg_free                             0x00005e25   Thumb Code    32  tcp.o(.text)
    tcp_segs_free                            0x00005e45   Thumb Code    26  tcp.o(.text)
    tcp_pcb_purge                            0x00005e5f   Thumb Code    48  tcp.o(.text)
    tcp_slowtmr                              0x00005e8f   Thumb Code   542  tcp.o(.text)
    tcp_pcb_remove                           0x000060ad   Thumb Code    86  tcp.o(.text)
    tcp_close                                0x00006103   Thumb Code   148  tcp.o(.text)
    tcp_update_rcv_ann_wnd                   0x00006197   Thumb Code    52  tcp.o(.text)
    tcp_recved                               0x000061cb   Thumb Code    60  tcp.o(.text)
    tcp_recv_null                            0x00006207   Thumb Code    34  tcp.o(.text)
    tcp_fasttmr                              0x00006229   Thumb Code   104  tcp.o(.text)
    tcp_tmr                                  0x00006291   Thumb Code    26  tcp.o(.text)
    tcp_abandon                              0x000062ab   Thumb Code   146  tcp.o(.text)
    tcp_bind                                 0x00006399   Thumb Code   202  tcp.o(.text)
    tcp_listen_with_backlog                  0x00006469   Thumb Code   138  tcp.o(.text)
    tcp_eff_send_mss                         0x000064f3   Thumb Code    32  tcp.o(.text)
    tcp_next_iss                             0x00006513   Thumb Code    12  tcp.o(.text)
    tcp_connect                              0x0000651f   Thumb Code   206  tcp.o(.text)
    tcp_setprio                              0x000065ed   Thumb Code     4  tcp.o(.text)
    tcp_alloc                                0x000065f1   Thumb Code   450  tcp.o(.text)
    tcp_new                                  0x000067b3   Thumb Code     4  tcp.o(.text)
    tcp_arg                                  0x000067b7   Thumb Code     4  tcp.o(.text)
    tcp_recv                                 0x000067bb   Thumb Code     6  tcp.o(.text)
    tcp_sent                                 0x000067c1   Thumb Code     6  tcp.o(.text)
    tcp_err                                  0x000067c7   Thumb Code     6  tcp.o(.text)
    tcp_accept                               0x000067cd   Thumb Code     4  tcp.o(.text)
    tcp_poll                                 0x000067d1   Thumb Code    10  tcp.o(.text)
    tcp_debug_state_str                      0x000067db   Thumb Code     8  tcp.o(.text)
    tcp_input                                0x000070c9   Thumb Code   756  tcp_in.o(.text)
    tcp_enqueue                              0x000074b5   Thumb Code   850  tcp_out.o(.text)
    tcp_send_ctrl                            0x00007807   Thumb Code    22  tcp_out.o(.text)
    tcp_write                                0x0000781d   Thumb Code    46  tcp_out.o(.text)
    tcp_send_empty_ack                       0x0000784b   Thumb Code   260  tcp_out.o(.text)
    tcp_output                               0x00007a0d   Thumb Code   416  tcp_out.o(.text)
    tcp_rst                                  0x00007bad   Thumb Code   174  tcp_out.o(.text)
    tcp_rexmit_rto                           0x00007c5b   Thumb Code    44  tcp_out.o(.text)
    tcp_rexmit                               0x00007c87   Thumb Code    72  tcp_out.o(.text)
    tcp_rexmit_fast                          0x00007ccf   Thumb Code    90  tcp_out.o(.text)
    tcp_keepalive                            0x00007d29   Thumb Code   104  tcp_out.o(.text)
    tcp_zero_window_probe                    0x00007d91   Thumb Code   166  tcp_out.o(.text)
    udp_input                                0x00007e39   Thumb Code   380  udp.o(.text)
    udp_bind                                 0x00007fb5   Thumb Code    86  udp.o(.text)
    udp_sendto_if                            0x0000800b   Thumb Code   208  udp.o(.text)
    udp_sendto                               0x000080db   Thumb Code    40  udp.o(.text)
    udp_send                                 0x00008103   Thumb Code     6  udp.o(.text)
    udp_connect                              0x00008109   Thumb Code    70  udp.o(.text)
    udp_disconnect                           0x0000814f   Thumb Code    20  udp.o(.text)
    udp_recv                                 0x00008163   Thumb Code     6  udp.o(.text)
    udp_remove                               0x00008169   Thumb Code    40  udp.o(.text)
    udp_new                                  0x00008191   Thumb Code    26  udp.o(.text)
    icmp_input                               0x000081b5   Thumb Code   326  icmp.o(.text)
    icmp_dest_unreach                        0x00008361   Thumb Code     6  icmp.o(.text)
    icmp_time_exceeded                       0x00008367   Thumb Code     6  icmp.o(.text)
    htonl                                    0x0000836d   Thumb Code     4  inet.o(.text)
    inet_aton                                0x00008371   Thumb Code   236  inet.o(.text)
    inet_addr                                0x0000845d   Thumb Code    20  inet.o(.text)
    inet_ntoa                                0x00008471   Thumb Code    84  inet.o(.text)
    htons                                    0x000084c5   Thumb Code     4  inet.o(.text)
    ntohs                                    0x000084c9   Thumb Code     4  inet.o(.text)
    ntohl                                    0x000084cd   Thumb Code     4  inet.o(.text)
    inet_chksum_pseudo                       0x0000850f   Thumb Code   134  inet_chksum.o(.text)
    inet_chksum                              0x00008595   Thumb Code    12  inet_chksum.o(.text)
    inet_chksum_pbuf                         0x000085a1   Thumb Code    72  inet_chksum.o(.text)
    ip_route                                 0x000085e9   Thumb Code    62  ip.o(.text)
    ip_input                                 0x00008627   Thumb Code   360  ip.o(.text)
    ip_output_if                             0x0000878f   Thumb Code   210  ip.o(.text)
    ip_output                                0x00008861   Thumb Code    52  ip.o(.text)
    ip_addr_isbroadcast                      0x000088a1   Thumb Code    48  ip_addr.o(.text)
    ip_reass_tmr                             0x0000893b   Thumb Code    40  ip_frag.o(.text)
    ip_reass                                 0x00008abd   Thumb Code   398  ip_frag.o(.text)
    ip_frag                                  0x00008c4b   Thumb Code   304  ip_frag.o(.text)
    etharp_tmr                               0x00008d9d   Thumb Code    80  etharp.o(.text)
    etharp_find_addr                         0x0000900f   Thumb Code    52  etharp.o(.text)
    etharp_ip_input                          0x00009043   Thumb Code    56  etharp.o(.text)
    etharp_arp_input                         0x0000907b   Thumb Code   222  etharp.o(.text)
    etharp_request                           0x00009159   Thumb Code    32  etharp.o(.text)
    etharp_query                             0x00009179   Thumb Code   364  etharp.o(.text)
    etharp_output                            0x000092e5   Thumb Code   178  etharp.o(.text)
    ethernet_input                           0x00009397   Thumb Code    84  etharp.o(.text)
    Ethernet_Initialize                      0x000094bb   Thumb Code     4  lwip.o(.text)
    ethernet_send                            0x000094bf   Thumb Code     4  lwip.o(.text)
    Init_lwIP                                0x000094c3   Thumb Code   130  lwip.o(.text)
    sys_mbox_new                             0x00009595   Thumb Code    56  sys_arch.o(.text)
    sys_mbox_free                            0x000095cd   Thumb Code    32  sys_arch.o(.text)
    sys_mbox_post                            0x000095ed   Thumb Code    44  sys_arch.o(.text)
    sys_mbox_trypost                         0x00009619   Thumb Code    22  sys_arch.o(.text)
    sys_arch_mbox_fetch                      0x0000962f   Thumb Code   118  sys_arch.o(.text)
    sys_sem_new                              0x000096a5   Thumb Code     4  sys_arch.o(.text)
    sys_arch_sem_wait                        0x000096a9   Thumb Code    98  sys_arch.o(.text)
    sys_sem_signal                           0x0000970b   Thumb Code     4  sys_arch.o(.text)
    sys_sem_free                             0x0000970f   Thumb Code    12  sys_arch.o(.text)
    sys_init                                 0x0000971b   Thumb Code    44  sys_arch.o(.text)
    sys_arch_timeouts                        0x00009747   Thumb Code    48  sys_arch.o(.text)
    sys_thread_new                           0x00009777   Thumb Code   100  sys_arch.o(.text)
    ethernetif_input                         0x000097f1   Thumb Code    60  ethernetif.o(.text)
    ethernetif_init                          0x00009857   Thumb Code   116  ethernetif.o(.text)
    netconn_new_with_proto_and_callback      0x00009979   Thumb Code    66  api_lib.o(.text)
    netconn_delete                           0x000099bb   Thumb Code    36  api_lib.o(.text)
    netconn_getaddr                          0x000099df   Thumb Code    76  api_lib.o(.text)
    netconn_bind                             0x00009a2b   Thumb Code    50  api_lib.o(.text)
    netconn_connect                          0x00009a5d   Thumb Code    50  api_lib.o(.text)
    netconn_disconnect                       0x00009a8f   Thumb Code    44  api_lib.o(.text)
    netconn_listen_with_backlog              0x00009abb   Thumb Code    44  api_lib.o(.text)
    netconn_accept                           0x00009ae7   Thumb Code    62  api_lib.o(.text)
    netconn_recv                             0x00009b25   Thumb Code   222  api_lib.o(.text)
    netconn_send                             0x00009c03   Thumb Code    48  api_lib.o(.text)
    netconn_sendto                           0x00009c33   Thumb Code    14  api_lib.o(.text)
    netconn_write                            0x00009c41   Thumb Code    80  api_lib.o(.text)
    netconn_close                            0x00009c91   Thumb Code    46  api_lib.o(.text)
    netconn_free                             0x0000a253   Thumb Code   108  api_msg.o(.text)
    netconn_alloc                            0x0000a2bf   Thumb Code    88  api_msg.o(.text)
    do_newconn                               0x0000a37d   Thumb Code    28  api_msg.o(.text)
    do_delconn                               0x0000a399   Thumb Code   100  api_msg.o(.text)
    do_bind                                  0x0000a3fd   Thumb Code    92  api_msg.o(.text)
    do_connect                               0x0000a485   Thumb Code   116  api_msg.o(.text)
    do_disconnect                            0x0000a4f9   Thumb Code    34  api_msg.o(.text)
    do_listen                                0x0000a51b   Thumb Code   314  api_msg.o(.text)
    do_send                                  0x0000a655   Thumb Code    98  api_msg.o(.text)
    do_recv                                  0x0000a6b7   Thumb Code    46  api_msg.o(.text)
    do_write                                 0x0000a6e5   Thumb Code    52  api_msg.o(.text)
    do_getaddr                               0x0000a719   Thumb Code   114  api_msg.o(.text)
    do_close                                 0x0000a78b   Thumb Code    32  api_msg.o(.text)
    netbuf_new                               0x0000a83d   Thumb Code    24  netbuf.o(.text)
    netbuf_delete                            0x0000a855   Thumb Code    34  netbuf.o(.text)
    netbuf_alloc                             0x0000a877   Thumb Code    54  netbuf.o(.text)
    netbuf_free                              0x0000a8ad   Thumb Code    38  netbuf.o(.text)
    netbuf_ref                               0x0000a8d3   Thumb Code    78  netbuf.o(.text)
    netbuf_chain                             0x0000a921   Thumb Code    58  netbuf.o(.text)
    netbuf_data                              0x0000a95b   Thumb Code    72  netbuf.o(.text)
    netbuf_next                              0x0000a9a3   Thumb Code    46  netbuf.o(.text)
    netbuf_first                             0x0000a9d1   Thumb Code    20  netbuf.o(.text)
    lwip_socket_init                         0x0000ab11   Thumb Code    22  sockets.o(.text)
    lwip_accept                              0x0000ac5d   Thumb Code   266  sockets.o(.text)
    lwip_bind                                0x0000ad67   Thumb Code   100  sockets.o(.text)
    lwip_close                               0x0000adcb   Thumb Code    58  sockets.o(.text)
    lwip_connect                             0x0000ae05   Thumb Code   100  sockets.o(.text)
    lwip_listen                              0x0000ae69   Thumb Code    72  sockets.o(.text)
    lwip_recvfrom                            0x0000aeb1   Thumb Code   540  sockets.o(.text)
    lwip_read                                0x0000b0cd   Thumb Code    14  sockets.o(.text)
    lwip_recv                                0x0000b0db   Thumb Code    14  sockets.o(.text)
    lwip_sendto                              0x0000b0e9   Thumb Code   192  sockets.o(.text)
    lwip_send                                0x0000b1a9   Thumb Code   100  sockets.o(.text)
    lwip_socket                              0x0000b20d   Thumb Code    80  sockets.o(.text)
    lwip_write                               0x0000b25d   Thumb Code     4  sockets.o(.text)
    lwip_select                              0x0000b2ff   Thumb Code   434  sockets.o(.text)
    lwip_shutdown                            0x0000b4b1   Thumb Code     2  sockets.o(.text)
    lwip_getpeername                         0x0000b51d   Thumb Code     4  sockets.o(.text)
    lwip_getsockname                         0x0000b521   Thumb Code     4  sockets.o(.text)
    lwip_getsockopt                          0x0000b605   Thumb Code   230  sockets.o(.text)
    lwip_setsockopt                          0x0000b797   Thumb Code   208  sockets.o(.text)
    lwip_ioctl                               0x0000b867   Thumb Code   110  sockets.o(.text)
    tcp_timer_needed                         0x0000b929   Thumb Code    36  tcpip.o(.text)
    tcpip_input                              0x0000ba01   Thumb Code    68  tcpip.o(.text)
    tcpip_callback_with_block                0x0000ba45   Thumb Code    86  tcpip.o(.text)
    tcpip_timeout                            0x0000ba9b   Thumb Code    58  tcpip.o(.text)
    tcpip_untimeout                          0x0000bad5   Thumb Code    52  tcpip.o(.text)
    tcpip_apimsg                             0x0000bb09   Thumb Code    48  tcpip.o(.text)
    tcpip_init                               0x0000bb39   Thumb Code    44  tcpip.o(.text)
    pbuf_free_callback                       0x0000bb69   Thumb Code     8  tcpip.o(.text)
    mem_free_callback                        0x0000bb71   Thumb Code     8  tcpip.o(.text)
    __aeabi_uldivmod                         0x0000bbad   Thumb Code    98  uldiv.o(.text)
    __aeabi_memcpy                           0x0000bc0f   Thumb Code    36  memcpya.o(.text)
    __aeabi_memcpy4                          0x0000bc0f   Thumb Code     0  memcpya.o(.text)
    __aeabi_memcpy8                          0x0000bc0f   Thumb Code     0  memcpya.o(.text)
    __aeabi_memset                           0x0000bc33   Thumb Code    14  memseta.o(.text)
    __aeabi_memset4                          0x0000bc33   Thumb Code     0  memseta.o(.text)
    __aeabi_memset8                          0x0000bc33   Thumb Code     0  memseta.o(.text)
    __aeabi_memclr                           0x0000bc41   Thumb Code     4  memseta.o(.text)
    __aeabi_memclr4                          0x0000bc41   Thumb Code     0  memseta.o(.text)
    __aeabi_memclr8                          0x0000bc41   Thumb Code     0  memseta.o(.text)
    _memset$wrapper                          0x0000bc45   Thumb Code    18  memseta.o(.text)
    strstr                                   0x0000bc57   Thumb Code    36  strstr.o(.text)
    strncmp                                  0x0000bc7b   Thumb Code    30  strncmp.o(.text)
    __aeabi_uidiv                            0x0000bc99   Thumb Code     0  uidiv.o(.text)
    __aeabi_uidivmod                         0x0000bc99   Thumb Code    44  uidiv.o(.text)
    __aeabi_llsl                             0x0000bcc5   Thumb Code    30  llshl.o(.text)
    _ll_shift_l                              0x0000bcc5   Thumb Code     0  llshl.o(.text)
    __aeabi_llsr                             0x0000bce3   Thumb Code    32  llushr.o(.text)
    _ll_ushift_r                             0x0000bce3   Thumb Code     0  llushr.o(.text)
    __scatterload                            0x0000bd05   Thumb Code    28  init.o(.text)
    __scatterload_rt2                        0x0000bd05   Thumb Code     0  init.o(.text)
    __decompress                             0x0000bd29   Thumb Code     0  __dczerorl2.o(.text)
    __decompress1                            0x0000bd29   Thumb Code    92  __dczerorl2.o(.text)
    OS_CPU_SR_Save                           0x0000bd85   Thumb Code     0  os_cpu_a.o(OSKernelschedular)
    OS_CPU_SR_Restore                        0x0000bd8d   Thumb Code     0  os_cpu_a.o(OSKernelschedular)
    OSStartHighRdy                           0x0000bd93   Thumb Code     0  os_cpu_a.o(OSKernelschedular)
    OSCtxSw                                  0x0000bdb3   Thumb Code     0  os_cpu_a.o(OSKernelschedular)
    OSIntCtxSw                               0x0000bdbd   Thumb Code     0  os_cpu_a.o(OSKernelschedular)
    PendSV_Handler                           0x0000bdc7   Thumb Code     0  os_cpu_a.o(OSKernelschedular)
    IntDisAll                                0x0000bdff   Thumb Code     0  os_cpu_a.o(OSKernelschedular)
    __0printf$6                              0x0000be25   Thumb Code    22  printf6.o(i.__0printf$6)
    __1printf$6                              0x0000be25   Thumb Code     0  printf6.o(i.__0printf$6)
    __2printf                                0x0000be25   Thumb Code     0  printf6.o(i.__0printf$6)
    __0sprintf$6                             0x0000be45   Thumb Code    34  printf6.o(i.__0sprintf$6)
    __1sprintf$6                             0x0000be45   Thumb Code     0  printf6.o(i.__0sprintf$6)
    __2sprintf                               0x0000be45   Thumb Code     0  printf6.o(i.__0sprintf$6)
    __scatterload_copy                       0x0000be6d   Thumb Code    14  handlers.o(i.__scatterload_copy)
    __scatterload_zeroinit                   0x0000be7b   Thumb Code    14  handlers.o(i.__scatterload_zeroinit)
    fputc                                    0x0000c1d3   Thumb Code    18  fputc.o(i.fputc)
    WebSide                                  0x0000c1e4   Data        1460  uctsk_lwip.o(.constdata)
    EMAC_clkdiv                              0x0000c7f1   Data          15  lpc177x_8x_emac.o(.constdata)
    OSUnMapTbl                               0x0000c800   Data         256  os_core.o(.constdata)
    tcp_persist_backoff                      0x0000c938   Data           7  tcp.o(.constdata)
    tcp_backoff                              0x0000c93f   Data          13  tcp.o(.constdata)
    ip_addr_any                              0x0000c99d   Data           4  ip_addr.o(.constdata)
    ethbroadcast                             0x0000c9a1   Data           6  etharp.o(.constdata)
    ethzero                                  0x0000c9a7   Data           6  etharp.o(.constdata)
    pvNullPointer                            0x0000c9b0   Data           4  sys_arch.o(.constdata)
    Region$$Table$$Base                      0x0000ca58   Number         0  anon$$obj.o(Region$$Table)
    Region$$Table$$Limit                     0x0000ca78   Number         0  anon$$obj.o(Region$$Table)
    rx_done                                  0x10000004   Data           1  emac.o(.data)
    read_done                                0x10000005   Data           1  emac.o(.data)
    rptr                                     0x10000008   Data           4  emac.o(.data)
    rx_size                                  0x1000000c   Data           4  emac.o(.data)
    rx_ptr                                   0x10000010   Data           8  emac.o(.data)
    _db_msg                                  0x10000018   Data           4  debug_frmwrk.o(.data)
    _db_msg_                                 0x1000001c   Data           4  debug_frmwrk.o(.data)
    _db_char                                 0x10000020   Data           4  debug_frmwrk.o(.data)
    _db_dec                                  0x10000024   Data           4  debug_frmwrk.o(.data)
    _db_dec_16                               0x10000028   Data           4  debug_frmwrk.o(.data)
    _db_dec_32                               0x1000002c   Data           4  debug_frmwrk.o(.data)
    _db_hex                                  0x10000030   Data           4  debug_frmwrk.o(.data)
    _db_hex_16                               0x10000034   Data           4  debug_frmwrk.o(.data)
    _db_hex_32                               0x10000038   Data           4  debug_frmwrk.o(.data)
    _db_hex_                                 0x1000003c   Data           4  debug_frmwrk.o(.data)
    _db_hex_16_                              0x10000040   Data           4  debug_frmwrk.o(.data)
    _db_hex_32_                              0x10000044   Data           4  debug_frmwrk.o(.data)
    _db_get_char                             0x10000048   Data           4  debug_frmwrk.o(.data)
    _db_get_char_nonblocking                 0x1000004c   Data           4  debug_frmwrk.o(.data)
    _db_get_val                              0x10000050   Data           4  debug_frmwrk.o(.data)
    SystemCoreClock                          0x1000005c   Data           4  system_lpc177x_8x.o(.data)
    PeripheralClock                          0x10000060   Data           4  system_lpc177x_8x.o(.data)
    EMCClock                                 0x10000064   Data           4  system_lpc177x_8x.o(.data)
    USBClock                                 0x10000068   Data           4  system_lpc177x_8x.o(.data)
    OSCPUUsage                               0x10000070   Data           1  os_core.o(.data)
    OSStatRdy                                0x10000071   Data           1  os_core.o(.data)
    OSIntNesting                             0x10000072   Data           1  os_core.o(.data)
    OSLockNesting                            0x10000073   Data           1  os_core.o(.data)
    OSPrioCur                                0x10000074   Data           1  os_core.o(.data)
    OSPrioHighRdy                            0x10000075   Data           1  os_core.o(.data)
    OSRdyGrp                                 0x10000076   Data           1  os_core.o(.data)
    OSRunning                                0x10000077   Data           1  os_core.o(.data)
    OSTaskCtr                                0x10000078   Data           1  os_core.o(.data)
    OSTickStepState                          0x10000079   Data           1  os_core.o(.data)
    OSCtxSwCtr                               0x1000007c   Data           4  os_core.o(.data)
    OSEventFreeList                          0x10000080   Data           4  os_core.o(.data)
    OSIdleCtrMax                             0x10000084   Data           4  os_core.o(.data)
    OSIdleCtrRun                             0x10000088   Data           4  os_core.o(.data)
    OSIdleCtr                                0x1000008c   Data           4  os_core.o(.data)
    OSTCBCur                                 0x10000090   Data           4  os_core.o(.data)
    OSTCBFreeList                            0x10000094   Data           4  os_core.o(.data)
    OSTCBHighRdy                             0x10000098   Data           4  os_core.o(.data)
    OSTCBList                                0x1000009c   Data           4  os_core.o(.data)
    OSTime                                   0x100000a0   Data           4  os_core.o(.data)
    OSRdyTbl                                 0x100000a4   Data           8  os_core.o(.data)
    OSFlagFreeList                           0x100000ac   Data           4  os_core.o(.data)
    OSMemFreeList                            0x100000b0   Data           4  os_core.o(.data)
    OSQFreeList                              0x100000b4   Data           4  os_core.o(.data)
    OSTmrFree                                0x100000b8   Data           2  os_core.o(.data)
    OSTmrUsed                                0x100000ba   Data           2  os_core.o(.data)
    OSTmrTime                                0x100000bc   Data           4  os_core.o(.data)
    OSTmrSem                                 0x100000c0   Data           4  os_core.o(.data)
    OSTmrSemSignal                           0x100000c4   Data           4  os_core.o(.data)
    OSTmrFreeList                            0x100000c8   Data           4  os_core.o(.data)
    netif_list                               0x100000e0   Data           4  netif.o(.data)
    netif_default                            0x100000e4   Data           4  netif.o(.data)
    tcp_ticks                                0x100000f4   Data           4  tcp.o(.data)
    tcp_bound_pcbs                           0x100000f8   Data           4  tcp.o(.data)
    tcp_listen_pcbs                          0x100000fc   Data           4  tcp.o(.data)
    tcp_active_pcbs                          0x10000100   Data           4  tcp.o(.data)
    tcp_tw_pcbs                              0x10000104   Data           4  tcp.o(.data)
    tcp_tmp_pcb                              0x10000108   Data           4  tcp.o(.data)
    tcp_state_str                            0x1000010c   Data          44  tcp.o(.data)
    tcp_input_pcb                            0x10000150   Data           4  tcp_in.o(.data)
    udp_pcbs                                 0x10000154   Data           4  udp.o(.data)
    current_netif                            0x1000015c   Data           4  ip.o(.data)
    current_header                           0x10000160   Data           4  ip.o(.data)
    null_timeouts                            0x10000174   Data           4  sys_arch.o(.data)
    ethernetinput                            0x10000178   Data           4  ethernetif.o(.data)
    __stdout                                 0x10000198   Data           4  stdout.o(.data)
    webpage                                  0x10000a9c   Data        1460  uctsk_lwip.o(.bss)
    OSEventTbl                               0x10002a7c   Data         480  os_core.o(.bss)
    OSTaskStatStk                            0x10002c5c   Data         256  os_core.o(.bss)
    OSTaskIdleStk                            0x10002d5c   Data         128  os_core.o(.bss)
    OSTCBPrioTbl                             0x10002ddc   Data         256  os_core.o(.bss)
    OSTCBTbl                                 0x10002edc   Data        1936  os_core.o(.bss)
    OSFlagTbl                                0x1000366c   Data          80  os_core.o(.bss)
    OSMemTbl                                 0x100036bc   Data         120  os_core.o(.bss)
    OSQTbl                                   0x10003734   Data          96  os_core.o(.bss)
    OSTmrTbl                                 0x10003794   Data         640  os_core.o(.bss)
    OSTmrTaskStk                             0x10003a14   Data         256  os_core.o(.bss)
    OSTmrWheelTbl                            0x10003b14   Data          64  os_core.o(.bss)
    _netif                                   0x1000ac50   Data          48  lwip.o(.bss)
    gTxBuf                                   0x1000ac80   Data        1536  lwip.o(.bss)
    LWIP_TASK_STK                            0x1000b280   Data        3600  sys_arch.o(.bss)
    lwip_timeouts                            0x1000c3dc   Data          12  sys_arch.o(.bss)
    __initial_sp                             0x1000ca38   Data           0  startup_lpc177x_8x.o(STACK)



==============================================================================

Memory Map of the image

  Image Entry point : 0x000000e5

  Load Region LR_IROM1 (Base: 0x00000000, Size: 0x0000cc14, Max: 0x00080000, ABSOLUTE, COMPRESSED[0x0000cab0])

    Execution Region ER_IROM1 (Base: 0x00000000, Size: 0x0000ca78, Max: 0x00080000, ABSOLUTE)

    Base Addr    Size         Type   Attr      Idx    E Section Name        Object

    0x00000000   0x000000e4   Data   RO          514    RESET               startup_lpc177x_8x.o
    0x000000e4   0x00000000   Code   RO         1739  * .ARM.Collect$$$$00000000  mc_w.l(entry.o)
    0x000000e4   0x00000004   Code   RO         2015    .ARM.Collect$$$$00000001  mc_w.l(entry2.o)
    0x000000e8   0x00000004   Code   RO         2018    .ARM.Collect$$$$00000004  mc_w.l(entry5.o)
    0x000000ec   0x00000000   Code   RO         2020    .ARM.Collect$$$$00000008  mc_w.l(entry7b.o)
    0x000000ec   0x00000000   Code   RO         2022    .ARM.Collect$$$$0000000A  mc_w.l(entry8b.o)
    0x000000ec   0x00000008   Code   RO         2023    .ARM.Collect$$$$0000000B  mc_w.l(entry9a.o)
    0x000000f4   0x00000000   Code   RO         2025    .ARM.Collect$$$$0000000D  mc_w.l(entry10a.o)
    0x000000f4   0x00000000   Code   RO         2027    .ARM.Collect$$$$0000000F  mc_w.l(entry11a.o)
    0x000000f4   0x00000004   Code   RO         2016    .ARM.Collect$$$$00002712  mc_w.l(entry2.o)
    0x000000f8   0x0000001a   Code   RO            2    .text               user_bsp.o
    0x00000112   0x00000002   PAD
    0x00000114   0x00000090   Code   RO          128    .text               main.o
    0x000001a4   0x000000ce   Code   RO          146    .text               search.o
    0x00000272   0x00000002   PAD
    0x00000274   0x00000068   Code   RO          277    .text               uctsk_blink.o
    0x000002dc   0x00000002   Code   RO          552    .text               os_dbg.o
    0x000002de   0x00000012   Code   RO          715    .text               os_apphooks.o
    0x000002f0   0x00000000   Code   RO         2051    .text               mc_w.l(semi.o)
    0x000002f0   0x00000000   Code   RO         2054    .text               mc_w.l(iusesemip.o)
    0x000002f0   0x00000002   Code   RO         2060    i.__scatterload_null  mc_w.l(handlers.o)
    0x000002f2   0x0000000a   Code   RO         1920    i._sputc            mc_w.l(printf6.o)
    0x000002fc   0x00000004   Code   RO          515    .ARM.__at_0x02FC    startup_lpc177x_8x.o
    0x00000300   0x0000017c   Code   RO          169    .text               uctsk_lwip.o
    0x0000047c   0x000001c0   Code   RO          295    .text               emac.o
    0x0000063c   0x0000014c   Code   RO          334    .text               phylan.o
    0x00000788   0x0000054c   Code   RO          354    .text               debug_frmwrk.o
    0x00000cd4   0x000000f4   Code   RO          378    .text               lpc177x_8x_clkpwr.o
    0x00000dc8   0x00000304   Code   RO          397    .text               lpc177x_8x_gpio.o
    0x000010cc   0x00000354   Code   RO          433    .text               lpc177x_8x_pinsel.o
    0x00001420   0x000009e0   Code   RO          449    .text               lpc177x_8x_uart.o
    0x00001e00   0x0000069c   Code   RO          465    .text               lpc177x_8x_emac.o
    0x0000249c   0x000001e8   Code   RO          491    .text               system_lpc177x_8x.o
    0x00002684   0x00000024   Code   RO          516    .text               startup_lpc177x_8x.o
    0x000026a8   0x00000104   Code   RO          525    .text               os_cpu_c.o
    0x000027ac   0x0000094c   Code   RO          568    .text               os_core.o
    0x000030f8   0x000005c0   Code   RO          604    .text               os_flag.o
    0x000036b8   0x000001ec   Code   RO          629    .text               os_mem.o
    0x000038a4   0x0000055c   Code   RO          653    .text               os_q.o
    0x00003e00   0x00000338   Code   RO          665    .text               os_sem.o
    0x00004138   0x000007ac   Code   RO          677    .text               os_task.o
    0x000048e4   0x00000190   Code   RO          690    .text               os_time.o
    0x00004a74   0x00000590   Code   RO          702    .text               os_tmr.o
    0x00005004   0x00000016   Code   RO          760    .text               init.o
    0x0000501a   0x00000002   PAD
    0x0000501c   0x00000278   Code   RO          864    .text               mem.o
    0x00005294   0x00000104   Code   RO          895    .text               memp.o
    0x00005398   0x00000188   Code   RO          970    .text               netif.o
    0x00005520   0x000005d8   Code   RO         1001    .text               pbuf.o
    0x00005af8   0x00000160   Code   RO         1020    .text               raw.o
    0x00005c58   0x000001cc   Code   RO         1081    .text               sys.o
    0x00005e24   0x000009c8   Code   RO         1109    .text               tcp.o
    0x000067ec   0x00000c4c   Code   RO         1135    .text               tcp_in.o
    0x00007438   0x000009fe   Code   RO         1162    .text               tcp_out.o
    0x00007e36   0x00000002   PAD
    0x00007e38   0x0000037c   Code   RO         1182    .text               udp.o
    0x000081b4   0x000001b8   Code   RO         1213    .text               icmp.o
    0x0000836c   0x00000168   Code   RO         1231    .text               inet.o
    0x000084d4   0x00000114   Code   RO         1245    .text               inet_chksum.o
    0x000085e8   0x000002b8   Code   RO         1265    .text               ip.o
    0x000088a0   0x00000030   Code   RO         1292    .text               ip_addr.o
    0x000088d0   0x000004cc   Code   RO         1315    .text               ip_frag.o
    0x00008d9c   0x00000718   Code   RO         1333    .text               etharp.o
    0x000094b4   0x000000e0   Code   RO         1355    .text               lwip.o
    0x00009594   0x0000025c   Code   RO         1461    .text               sys_arch.o
    0x000097f0   0x00000188   Code   RO         1503    .text               ethernetif.o
    0x00009978   0x0000057c   Code   RO         1567    .text               api_lib.o
    0x00009ef4   0x00000948   Code   RO         1613    .text               api_msg.o
    0x0000a83c   0x000002d4   Code   RO         1650    .text               netbuf.o
    0x0000ab10   0x00000df0   Code   RO         1681    .text               sockets.o
    0x0000b900   0x000002ac   Code   RO         1704    .text               tcpip.o
    0x0000bbac   0x00000062   Code   RO         1742    .text               mc_w.l(uldiv.o)
    0x0000bc0e   0x00000024   Code   RO         1744    .text               mc_w.l(memcpya.o)
    0x0000bc32   0x00000024   Code   RO         1746    .text               mc_w.l(memseta.o)
    0x0000bc56   0x00000024   Code   RO         1748    .text               mc_w.l(strstr.o)
    0x0000bc7a   0x0000001e   Code   RO         1750    .text               mc_w.l(strncmp.o)
    0x0000bc98   0x0000002c   Code   RO         2032    .text               mc_w.l(uidiv.o)
    0x0000bcc4   0x0000001e   Code   RO         2034    .text               mc_w.l(llshl.o)
    0x0000bce2   0x00000020   Code   RO         2036    .text               mc_w.l(llushr.o)
    0x0000bd02   0x00000002   PAD
    0x0000bd04   0x00000024   Code   RO         2049    .text               mc_w.l(init.o)
    0x0000bd28   0x0000005c   Code   RO         2065    .text               mc_w.l(__dczerorl2.o)
    0x0000bd84   0x000000a0   Code   RO          522    OSKernelschedular   os_cpu_a.o
    0x0000be24   0x00000020   Code   RO         1909    i.__0printf$6       mc_w.l(printf6.o)
    0x0000be44   0x00000028   Code   RO         1911    i.__0sprintf$6      mc_w.l(printf6.o)
    0x0000be6c   0x0000000e   Code   RO         2059    i.__scatterload_copy  mc_w.l(handlers.o)
    0x0000be7a   0x0000000e   Code   RO         2061    i.__scatterload_zeroinit  mc_w.l(handlers.o)
    0x0000be88   0x000002f4   Code   RO         1916    i._printf_core      mc_w.l(printf6.o)
    0x0000c17c   0x00000026   Code   RO         1917    i._printf_post_padding  mc_w.l(printf6.o)
    0x0000c1a2   0x00000030   Code   RO         1918    i._printf_pre_padding  mc_w.l(printf6.o)
    0x0000c1d2   0x00000012   Code   RO         2029    i.fputc             mc_w.l(fputc.o)
    0x0000c1e4   0x000005b4   Data   RO          171    .constdata          uctsk_lwip.o
    0x0000c798   0x00000059   Data   RO          355    .constdata          debug_frmwrk.o
    0x0000c7f1   0x0000000f   Data   RO          467    .constdata          lpc177x_8x_emac.o
    0x0000c800   0x00000100   Data   RO          576    .constdata          os_core.o
    0x0000c900   0x00000038   Data   RO          897    .constdata          memp.o
    0x0000c938   0x00000014   Data   RO         1110    .constdata          tcp.o
    0x0000c94c   0x00000051   Data   RO         1163    .constdata          tcp_out.o
    0x0000c99d   0x00000004   Data   RO         1293    .constdata          ip_addr.o
    0x0000c9a1   0x0000000c   Data   RO         1335    .constdata          etharp.o
    0x0000c9ad   0x00000003   PAD
    0x0000c9b0   0x00000004   Data   RO         1463    .constdata          sys_arch.o
    0x0000c9b4   0x0000003c   Data   RO         1683    .constdata          sockets.o
    0x0000c9f0   0x00000068   Data   RO         1111    .conststring        tcp.o
    0x0000ca58   0x00000020   Data   RO         2057    Region$$Table       anon$$obj.o


    Execution Region RW_IRAM1 (Base: 0x10000000, Size: 0x0000ca38, Max: 0x00010000, ABSOLUTE, COMPRESSED[0x00000038])

    Base Addr    Size         Type   Attr      Idx    E Section Name        Object

    0x10000000   0x00000002   Data   RW          172    .data               uctsk_lwip.o
    0x10000002   0x00000002   PAD
    0x10000004   0x00000014   Data   RW          296    .data               emac.o
    0x10000018   0x0000003c   Data   RW          356    .data               debug_frmwrk.o
    0x10000054   0x00000008   Data   RW          468    .data               lpc177x_8x_emac.o
    0x1000005c   0x00000010   Data   RW          492    .data               system_lpc177x_8x.o
    0x1000006c   0x00000002   Data   RW          526    .data               os_cpu_c.o
    0x1000006e   0x00000002   PAD
    0x10000070   0x0000003c   Data   RW          577    .data               os_core.o
    0x100000ac   0x00000004   Data   RW          578    .data               os_core.o
    0x100000b0   0x00000004   Data   RW          579    .data               os_core.o
    0x100000b4   0x00000004   Data   RW          580    .data               os_core.o
    0x100000b8   0x00000002   Data   RW          581    .data               os_core.o
    0x100000ba   0x00000002   Data   RW          582    .data               os_core.o
    0x100000bc   0x00000004   Data   RW          583    .data               os_core.o
    0x100000c0   0x00000004   Data   RW          584    .data               os_core.o
    0x100000c4   0x00000004   Data   RW          585    .data               os_core.o
    0x100000c8   0x00000004   Data   RW          586    .data               os_core.o
    0x100000cc   0x00000010   Data   RW          866    .data               mem.o
    0x100000dc   0x0000000c   Data   RW          971    .data               netif.o
    0x100000e8   0x00000004   Data   RW         1021    .data               raw.o
    0x100000ec   0x0000004c   Data   RW         1112    .data               tcp.o
    0x10000138   0x0000001c   Data   RW         1137    .data               tcp_in.o
    0x10000154   0x00000004   Data   RW         1183    .data               udp.o
    0x10000158   0x0000000c   Data   RW         1266    .data               ip.o
    0x10000164   0x00000008   Data   RW         1317    .data               ip_frag.o
    0x1000016c   0x00000001   Data   RW         1336    .data               etharp.o
    0x1000016d   0x00000003   PAD
    0x10000170   0x00000008   Data   RW         1464    .data               sys_arch.o
    0x10000178   0x00000004   Data   RW         1505    .data               ethernetif.o
    0x1000017c   0x0000000c   Data   RW         1684    .data               sockets.o
    0x10000188   0x00000010   Data   RW         1705    .data               tcpip.o
    0x10000198   0x00000004   Data   RW         2031    .data               mc_w.l(stdout.o)
    0x1000019c   0x00000100   Zero   RW          129    .bss                main.o
    0x1000029c   0x00000db4   Zero   RW          170    .bss                uctsk_lwip.o
    0x10001050   0x00000200   Zero   RW          278    .bss                uctsk_blink.o
    0x10001250   0x0000182c   Zero   RW          466    .bss                lpc177x_8x_emac.o
    0x10002a7c   0x00000bf0   Zero   RW          569    .bss                os_core.o
    0x1000366c   0x00000050   Zero   RW          570    .bss                os_core.o
    0x100036bc   0x00000078   Zero   RW          571    .bss                os_core.o
    0x10003734   0x00000060   Zero   RW          572    .bss                os_core.o
    0x10003794   0x00000280   Zero   RW          573    .bss                os_core.o
    0x10003a14   0x00000100   Zero   RW          574    .bss                os_core.o
    0x10003b14   0x00000040   Zero   RW          575    .bss                os_core.o
    0x10003b54   0x00003c14   Zero   RW          865    .bss                mem.o
    0x10007768   0x00002c27   Zero   RW          896    .bss                memp.o
    0x1000a38f   0x00000001   PAD
    0x1000a390   0x00000014   Zero   RW         1136    .bss                tcp_in.o
    0x1000a3a4   0x00000010   Zero   RW         1232    .bss                inet.o
    0x1000a3b4   0x000007d4   Zero   RW         1316    .bss                ip_frag.o
    0x1000ab88   0x000000c8   Zero   RW         1334    .bss                etharp.o
    0x1000ac50   0x00000030   Zero   RW         1356    .bss                lwip.o
    0x1000ac80   0x00000600   Zero   RW         1357    .bss                lwip.o
    0x1000b280   0x00001168   Zero   RW         1462    .bss                sys_arch.o
    0x1000c3e8   0x00000400   Zero   RW         1504    .bss                ethernetif.o
    0x1000c7e8   0x00000050   Zero   RW         1682    .bss                sockets.o
    0x1000c838   0x00000200   Zero   RW          512    STACK               startup_lpc177x_8x.o


==============================================================================

Image component sizes


      Code (inc. data)   RO Data    RW Data    ZI Data      Debug   Object Name

      1404        566          0          0          0      19617   api_lib.o
      2376        182          0          0          0      12054   api_msg.o
      1356        142         89         60          0       6105   debug_frmwrk.o
         0          0          0          0          0        840   dhcp.o
       448         24          0         20          0      11915   emac.o
      1816        116         12          1        200       7845   etharp.o
       392         66          0          4       1024       6643   ethernetif.o
       440          0          0          0          0       1934   icmp.o
       360         10          0          0         16       2786   inet.o
       276          0          0          0          0       4858   inet_chksum.o
        22          0          0          0          0      22079   init.o
       696         12          0         12          0       5130   ip.o
        48          0          4          0          0       5193   ip_addr.o
      1228         12          0          8       2004       5108   ip_frag.o
       244         26          0          0          0       1591   lpc177x_8x_clkpwr.o
      1692         86         15          8       6188      23275   lpc177x_8x_emac.o
       772         28          0          0          0       7488   lpc177x_8x_gpio.o
       852         16          0          0          0       5314   lpc177x_8x_pinsel.o
      2528        136          0          0          0       9957   lpc177x_8x_uart.o
       224         80          0          0       1584       8997   lwip.o
       144         24          0          0        256       1135   main.o
       632          8          0         16      15380       3242   mem.o
       260        116         56          0      11303      11451   memp.o
       724        300          0          0          0       3449   netbuf.o
       392         12          0         12          0       5741   netif.o
        18          0          0          0          0       1295   os_apphooks.o
      2380         82        256         92       4312      17245   os_core.o
       160         28          0          0          0        348   os_cpu_a.o
       260         16          0          2          0      12611   os_cpu_c.o
         2          0          0          0          0        470   os_dbg.o
      1472         38          0          0          0       5178   os_flag.o
       492         16          0          0          0       2584   os_mem.o
      1372         34          0          0          0       4473   os_q.o
       824         20          0          0          0       3202   os_sem.o
      1964         70          0          0          0       6643   os_task.o
       400         30          0          0          0       1690   os_time.o
      1424        130          0          0          0       4549   os_tmr.o
      1496        376          0          0          0       4898   pbuf.o
       332         12          0          0          0       2104   phylan.o
       352          6          0          4          0      11595   raw.o
       206          0          0          0          0       1950   search.o
      3568        220         60         12         80      15111   sockets.o
        40         12        228          0        512       1228   startup_lpc177x_8x.o
       460          4          0          0          0       3420   sys.o
       604         22          4          8       4456       7114   sys_arch.o
       488         22          0         16          0       1751   system_lpc177x_8x.o
      2504        248        124         76          0      16242   tcp.o
      3148         64          0         28         20      12216   tcp_in.o
      2558        162         81          0          0      12668   tcp_out.o
       684         58          0         16          0       7708   tcpip.o
       104         24          0          0        512       1026   uctsk_blink.o
       380        112       1460          2       3508      14941   uctsk_lwip.o
       892         10          0          4          0       6143   udp.o
        26          0          0          0          0      58411   user_bsp.o

    ----------------------------------------------------------------------
     47944       3778       2424        408      51356     432561   Object Totals
         0          0         32          0          0          0   (incl. Generated)
         8          0          3          7          1          0   (incl. Padding)

    ----------------------------------------------------------------------

      Code (inc. data)   RO Data    RW Data    ZI Data      Debug   Library Member Name

        92          0          0          0          0          0   __dczerorl2.o
         0          0          0          0          0          0   entry.o
         0          0          0          0          0          0   entry10a.o
         0          0          0          0          0          0   entry11a.o
         8          4          0          0          0          0   entry2.o
         4          0          0          0          0          0   entry5.o
         0          0          0          0          0          0   entry7b.o
         0          0          0          0          0          0   entry8b.o
         8          4          0          0          0          0   entry9a.o
        18          0          0          0          0         80   fputc.o
        30          0          0          0          0          0   handlers.o
        36          8          0          0          0         68   init.o
         0          0          0          0          0          0   iusesemip.o
        30          0          0          0          0         68   llshl.o
        32          0          0          0          0         68   llushr.o
        36          0          0          0          0         68   memcpya.o
        36          0          0          0          0        108   memseta.o
       924         22          0          0          0        504   printf6.o
         0          0          0          0          0          0   semi.o
         0          0          0          4          0          0   stdout.o
        30          0          0          0          0         80   strncmp.o
        36          0          0          0          0         80   strstr.o
        44          0          0          0          0         80   uidiv.o
        98          0          0          0          0         92   uldiv.o

    ----------------------------------------------------------------------
      1464         38          0          4          0       1296   Library Totals
         2          0          0          0          0          0   (incl. Padding)

    ----------------------------------------------------------------------

      Code (inc. data)   RO Data    RW Data    ZI Data      Debug   Library Name

      1462         38          0          4          0       1296   mc_w.l

    ----------------------------------------------------------------------
      1464         38          0          4          0       1296   Library Totals

    ----------------------------------------------------------------------

==============================================================================


      Code (inc. data)   RO Data    RW Data    ZI Data      Debug   

     49408       3816       2424        412      51356     428293   Grand Totals
     49408       3816       2424         56      51356     428293   ELF Image Totals (compressed)
     49408       3816       2424         56          0          0   ROM Totals

==============================================================================

    Total RO  Size (Code + RO Data)                51832 (  50.62kB)
    Total RW  Size (RW Data + ZI Data)             51768 (  50.55kB)
    Total ROM Size (Code + RO Data + RW Data)      51888 (  50.67kB)

==============================================================================

