ARM Linker, 5.03 [Build 76] [MDK-ARM Lite]

==============================================================================

Section Cross References

    debug_frmwrk.o(.text) refers to lpc177x_8x_uart.o(.text) for UART_Send
    debug_frmwrk.o(.text) refers to debug_frmwrk.o(.constdata) for .constdata
    debug_frmwrk.o(.text) refers to lpc177x_8x_pinsel.o(.text) for PINSEL_ConfigPin
    debug_frmwrk.o(.text) refers to debug_frmwrk.o(.data) for _db_msg
    lpc177x_8x_clkpwr.o(.text) refers to system_lpc177x_8x.o(.text) for SystemCoreClockUpdate
    lpc177x_8x_clkpwr.o(.text) refers to system_lpc177x_8x.o(.data) for SystemCoreClock
    lpc177x_8x_gpio.o(.text) refers to lpc177x_8x_clkpwr.o(.text) for CLKPWR_ConfigPPWR
    lpc177x_8x_uart.o(.text) refers to lpc177x_8x_clkpwr.o(.text) for CLKPWR_GetCLK
    lpc177x_8x_uart.o(.text) refers to uldiv.o(.text) for __aeabi_uldivmod
    lpc177x_8x_crc.o(.text) refers to lpc177x_8x_crc.o(.data) for crc_cur_type
    lpc177x_8x_gpdma.o(.text) refers to lpc177x_8x_clkpwr.o(.text) for CLKPWR_ConfigPPWR
    lpc177x_8x_gpdma.o(.text) refers to lpc177x_8x_gpdma.o(.data) for pGPDMACh
    lpc177x_8x_gpdma.o(.text) refers to lpc177x_8x_gpdma.o(.constdata) for GPDMA_LUTPerBurst
    lpc177x_8x_iap.o(.text) refers to lpc177x_8x_clkpwr.o(.text) for CLKPWR_GetCLK
    lpc177x_8x_iap.o(.text) refers to lpc177x_8x_iap.o(.data) for iap_entry
    lpc177x_8x_ssp.o(.text) refers to lpc177x_8x_clkpwr.o(.text) for CLKPWR_GetCLK
    lpc177x_8x_systick.o(.text) refers to lpc177x_8x_clkpwr.o(.text) for CLKPWR_GetCLK
    lpc177x_8x_systick.o(.text) refers to ffltui.o(.text) for __aeabi_ui2f
    lpc177x_8x_systick.o(.text) refers to cfrcmple.o(.text) for __aeabi_cfrcmple
    lpc177x_8x_emc.o(.text) refers to lpc177x_8x_clkpwr.o(.text) for CLKPWR_GetCLK
    lpc177x_8x_emc.o(.text) refers to uldiv.o(.text) for __aeabi_uldivmod
    lpc177x_8x_emc.o(.text) refers to lpc177x_8x_pinsel.o(.text) for PINSEL_ConfigPin
    system_lpc177x_8x.o(.text) refers to system_lpc177x_8x.o(.data) for SystemCoreClock
    startup_lpc177x_8x.o(RESET) refers to startup_lpc177x_8x.o(STACK) for __initial_sp
    startup_lpc177x_8x.o(RESET) refers to startup_lpc177x_8x.o(.text) for Reset_Handler
    startup_lpc177x_8x.o(RESET) refers to fault_irq.o(.emb_text) for HardFault_Handler
    startup_lpc177x_8x.o(RESET) refers to extit_handeler.o(.text) for EINT0_IRQHandler
    startup_lpc177x_8x.o(RESET) refers to gpio_irqhandler.o(.text) for GPIO_IRQHandler
    startup_lpc177x_8x.o(.text) refers to system_lpc177x_8x.o(.text) for SystemInit
    startup_lpc177x_8x.o(.text) refers to entry.o(.ARM.Collect$$$$00000000) for __main
    ssp_driver.o(.text) refers to lpc177x_8x_pinsel.o(.text) for PINSEL_ConfigPin
    ssp_driver.o(.text) refers to lpc177x_8x_gpio.o(.text) for GPIO_SetDir
    ssp_driver.o(.text) refers to lpc177x_8x_ssp.o(.text) for SSP_ConfigStructInit
    at45db32.o(.text) refers to lpc177x_8x_pinsel.o(.text) for PINSEL_ConfigPin
    at45db32.o(.text) refers to lpc177x_8x_gpio.o(.text) for GPIO_SetDir
    at45db32.o(.text) refers to lpc177x_8x_ssp.o(.text) for SSP_ConfigStructInit
    at45db32.o(.text) refers to ssp_driver.o(.text) for SPI_ReadWriteByte
    fault_irq.o(.emb_text) refers to fault_irq.o(.text) for prvGetRegistersFromStack
    fault_irq.o(.text) refers to printf8.o(i.__0sprintf$8) for __2sprintf
    fault_irq.o(.text) refers to fault_irq.o(.bss) for msg
    extit_handeler.o(.text) refers to lpc177x_8x_exti.o(.text) for EXTI_Init
    main.o(.text) refers to lpc177x_8x_iap.o(.text) for ReadPartID
    main.o(.text) refers to printf8.o(i.__0printf$8) for __2printf
    main.o(.text) refers to lpc17xx_sector.o(.text) for getSectorIndex
    main.o(.text) refers to main.o(.data) for bl_size
    crypt.o(.text) refers to cypher.o(.text) for cryptKernel
    crypt.o(.text) refers to cypher.o(.data) for cryptEngineConfig
    crypt.o(.text) refers to cypher.o(.bss) for expandedCryptKey
    crypt_aes128.o(.text) refers to cypher.o(.text) for subWord
    cypher.o(.text) refers to cypher.o(.constdata) for S_BOX
    cypher.o(.text) refers to cypher.o(.data) for cryptLibError
    decrypt.o(.text) refers to cypher.o(.text) for deCryptKernel
    decrypt.o(.text) refers to cypher.o(.data) for decryptEngineConfig
    decrypt.o(.text) refers to cypher.o(.bss) for expandedDecryptKey
    decrypt_aes128.o(.text) refers to cypher.o(.text) for invSubWord
    gen_aes128_expkey.o(.text) refers to cypher.o(.text) for subWord
    gen_aes128_expkey.o(.text) refers to cypher.o(rcon_table) for Rcon
    gen_aes192_expkey.o(.text) refers to cypher.o(.text) for subWord
    gen_aes192_expkey.o(.text) refers to cypher.o(rcon_table) for Rcon
    gen_aes256_expkey.o(.text) refers to cypher.o(.text) for subWord
    gen_aes256_expkey.o(.text) refers to cypher.o(rcon_table) for Rcon
    init_crypt.o(.text) refers to gen_aes128_expkey.o(.text) for genAes128ExpKey
    init_crypt.o(.text) refers to gen_aes192_expkey.o(.text) for genAes192ExpKey
    init_crypt.o(.text) refers to gen_aes256_expkey.o(.text) for genAes256ExpKey
    init_crypt.o(.text) refers to cypher.o(.data) for cryptEngineConfig
    init_crypt.o(.text) refers to cypher.o(.bss) for expandedCryptKey
    init_decrypt.o(.text) refers to gen_aes128_expkey.o(.text) for genAes128ExpKey
    init_decrypt.o(.text) refers to gen_aes192_expkey.o(.text) for genAes192ExpKey
    init_decrypt.o(.text) refers to gen_aes256_expkey.o(.text) for genAes256ExpKey
    init_decrypt.o(.text) refers to cypher.o(.data) for decryptEngineConfig
    init_decrypt.o(.text) refers to cypher.o(.bss) for expandedDecryptKey
    lpc17xx_sector.o(.text) refers to lpc17xx_sector.o(.constdata) for sector_desc
    flashprogram.o(.text) refers to debug_frmwrk.o(.text) for debug_frmwrk_init
    flashprogram.o(.text) refers to lpc177x_8x_iap.o(.text) for GetSecNum
    flashprogram.o(.text) refers to flashprogram.o(.bss) for buffer
    firmware.o(.text) refers to at45db32.o(.text) for AT45DBXX_ReadMemContinueArray
    firmware.o(.text) refers to memcpya.o(.text) for __aeabi_memcpy
    entry.o(.ARM.Collect$$$$00000000) refers (Special) to entry10a.o(.ARM.Collect$$$$0000000D) for __rt_final_cpp
    entry.o(.ARM.Collect$$$$00000000) refers (Special) to entry11a.o(.ARM.Collect$$$$0000000F) for __rt_final_exit
    entry.o(.ARM.Collect$$$$00000000) refers (Special) to entry7b.o(.ARM.Collect$$$$00000008) for _main_clock
    entry.o(.ARM.Collect$$$$00000000) refers (Special) to entry8b.o(.ARM.Collect$$$$0000000A) for _main_cpp_init
    entry.o(.ARM.Collect$$$$00000000) refers (Special) to entry9a.o(.ARM.Collect$$$$0000000B) for _main_init
    entry.o(.ARM.Collect$$$$00000000) refers (Special) to entry5.o(.ARM.Collect$$$$00000004) for _main_scatterload
    entry.o(.ARM.Collect$$$$00000000) refers (Special) to entry2.o(.ARM.Collect$$$$00000001) for _main_stk
    uldiv.o(.text) refers to llushr.o(.text) for __aeabi_llsr
    uldiv.o(.text) refers to llshl.o(.text) for __aeabi_llsl
    printfb.o(i.__0fprintf$bare) refers to printfb.o(i._printf_core) for _printf_core
    printfb.o(i.__0fprintf$bare) refers to fputc.o(i.fputc) for fputc
    printfb.o(i.__0printf$bare) refers to printfb.o(i._printf_core) for _printf_core
    printfb.o(i.__0printf$bare) refers to fputc.o(i.fputc) for fputc
    printfb.o(i.__0printf$bare) refers to stdout.o(.data) for __stdout
    printfb.o(i.__0snprintf$bare) refers to printfb.o(i._printf_core) for _printf_core
    printfb.o(i.__0snprintf$bare) refers to printfb.o(i._snputc) for _snputc
    printfb.o(i.__0sprintf$bare) refers to printfb.o(i._printf_core) for _printf_core
    printfb.o(i.__0sprintf$bare) refers to printfb.o(i._sputc) for _sputc
    printfb.o(i.__0vfprintf$bare) refers to printfb.o(i._printf_core) for _printf_core
    printfb.o(i.__0vfprintf$bare) refers to fputc.o(i.fputc) for fputc
    printfb.o(i.__0vprintf$bare) refers to printfb.o(i._printf_core) for _printf_core
    printfb.o(i.__0vprintf$bare) refers to fputc.o(i.fputc) for fputc
    printfb.o(i.__0vprintf$bare) refers to stdout.o(.data) for __stdout
    printfb.o(i.__0vsnprintf$bare) refers to printfb.o(i._printf_core) for _printf_core
    printfb.o(i.__0vsnprintf$bare) refers to printfb.o(i._snputc) for _snputc
    printfb.o(i.__0vsprintf$bare) refers to printfb.o(i._printf_core) for _printf_core
    printfb.o(i.__0vsprintf$bare) refers to printfb.o(i._sputc) for _sputc
    printf0.o(i.__0fprintf$0) refers to printf0.o(i._printf_core) for _printf_core
    printf0.o(i.__0fprintf$0) refers to fputc.o(i.fputc) for fputc
    printf0.o(i.__0printf$0) refers to printf0.o(i._printf_core) for _printf_core
    printf0.o(i.__0printf$0) refers to fputc.o(i.fputc) for fputc
    printf0.o(i.__0printf$0) refers to stdout.o(.data) for __stdout
    printf0.o(i.__0snprintf$0) refers to printf0.o(i._printf_core) for _printf_core
    printf0.o(i.__0snprintf$0) refers to printf0.o(i._snputc) for _snputc
    printf0.o(i.__0sprintf$0) refers to printf0.o(i._printf_core) for _printf_core
    printf0.o(i.__0sprintf$0) refers to printf0.o(i._sputc) for _sputc
    printf0.o(i.__0vfprintf$0) refers to printf0.o(i._printf_core) for _printf_core
    printf0.o(i.__0vfprintf$0) refers to fputc.o(i.fputc) for fputc
    printf0.o(i.__0vprintf$0) refers to printf0.o(i._printf_core) for _printf_core
    printf0.o(i.__0vprintf$0) refers to fputc.o(i.fputc) for fputc
    printf0.o(i.__0vprintf$0) refers to stdout.o(.data) for __stdout
    printf0.o(i.__0vsnprintf$0) refers to printf0.o(i._printf_core) for _printf_core
    printf0.o(i.__0vsnprintf$0) refers to printf0.o(i._snputc) for _snputc
    printf0.o(i.__0vsprintf$0) refers to printf0.o(i._printf_core) for _printf_core
    printf0.o(i.__0vsprintf$0) refers to printf0.o(i._sputc) for _sputc
    printf1.o(i.__0fprintf$1) refers to printf1.o(i._printf_core) for _printf_core
    printf1.o(i.__0fprintf$1) refers to fputc.o(i.fputc) for fputc
    printf1.o(i.__0printf$1) refers to printf1.o(i._printf_core) for _printf_core
    printf1.o(i.__0printf$1) refers to fputc.o(i.fputc) for fputc
    printf1.o(i.__0printf$1) refers to stdout.o(.data) for __stdout
    printf1.o(i.__0snprintf$1) refers to printf1.o(i._printf_core) for _printf_core
    printf1.o(i.__0snprintf$1) refers to printf1.o(i._snputc) for _snputc
    printf1.o(i.__0sprintf$1) refers to printf1.o(i._printf_core) for _printf_core
    printf1.o(i.__0sprintf$1) refers to printf1.o(i._sputc) for _sputc
    printf1.o(i.__0vfprintf$1) refers to printf1.o(i._printf_core) for _printf_core
    printf1.o(i.__0vfprintf$1) refers to fputc.o(i.fputc) for fputc
    printf1.o(i.__0vprintf$1) refers to printf1.o(i._printf_core) for _printf_core
    printf1.o(i.__0vprintf$1) refers to fputc.o(i.fputc) for fputc
    printf1.o(i.__0vprintf$1) refers to stdout.o(.data) for __stdout
    printf1.o(i.__0vsnprintf$1) refers to printf1.o(i._printf_core) for _printf_core
    printf1.o(i.__0vsnprintf$1) refers to printf1.o(i._snputc) for _snputc
    printf1.o(i.__0vsprintf$1) refers to printf1.o(i._printf_core) for _printf_core
    printf1.o(i.__0vsprintf$1) refers to printf1.o(i._sputc) for _sputc
    printf1.o(i._printf_core) refers to uidiv.o(.text) for __aeabi_uidivmod
    printf2.o(i.__0fprintf$2) refers to printf2.o(i._printf_core) for _printf_core
    printf2.o(i.__0fprintf$2) refers to fputc.o(i.fputc) for fputc
    printf2.o(i.__0printf$2) refers to printf2.o(i._printf_core) for _printf_core
    printf2.o(i.__0printf$2) refers to fputc.o(i.fputc) for fputc
    printf2.o(i.__0printf$2) refers to stdout.o(.data) for __stdout
    printf2.o(i.__0snprintf$2) refers to printf2.o(i._printf_core) for _printf_core
    printf2.o(i.__0snprintf$2) refers to printf2.o(i._snputc) for _snputc
    printf2.o(i.__0sprintf$2) refers to printf2.o(i._printf_core) for _printf_core
    printf2.o(i.__0sprintf$2) refers to printf2.o(i._sputc) for _sputc
    printf2.o(i.__0vfprintf$2) refers to printf2.o(i._printf_core) for _printf_core
    printf2.o(i.__0vfprintf$2) refers to fputc.o(i.fputc) for fputc
    printf2.o(i.__0vprintf$2) refers to printf2.o(i._printf_core) for _printf_core
    printf2.o(i.__0vprintf$2) refers to fputc.o(i.fputc) for fputc
    printf2.o(i.__0vprintf$2) refers to stdout.o(.data) for __stdout
    printf2.o(i.__0vsnprintf$2) refers to printf2.o(i._printf_core) for _printf_core
    printf2.o(i.__0vsnprintf$2) refers to printf2.o(i._snputc) for _snputc
    printf2.o(i.__0vsprintf$2) refers to printf2.o(i._printf_core) for _printf_core
    printf2.o(i.__0vsprintf$2) refers to printf2.o(i._sputc) for _sputc
    printf3.o(i.__0fprintf$3) refers to printf3.o(i._printf_core) for _printf_core
    printf3.o(i.__0fprintf$3) refers to fputc.o(i.fputc) for fputc
    printf3.o(i.__0printf$3) refers to printf3.o(i._printf_core) for _printf_core
    printf3.o(i.__0printf$3) refers to fputc.o(i.fputc) for fputc
    printf3.o(i.__0printf$3) refers to stdout.o(.data) for __stdout
    printf3.o(i.__0snprintf$3) refers to printf3.o(i._printf_core) for _printf_core
    printf3.o(i.__0snprintf$3) refers to printf3.o(i._snputc) for _snputc
    printf3.o(i.__0sprintf$3) refers to printf3.o(i._printf_core) for _printf_core
    printf3.o(i.__0sprintf$3) refers to printf3.o(i._sputc) for _sputc
    printf3.o(i.__0vfprintf$3) refers to printf3.o(i._printf_core) for _printf_core
    printf3.o(i.__0vfprintf$3) refers to fputc.o(i.fputc) for fputc
    printf3.o(i.__0vprintf$3) refers to printf3.o(i._printf_core) for _printf_core
    printf3.o(i.__0vprintf$3) refers to fputc.o(i.fputc) for fputc
    printf3.o(i.__0vprintf$3) refers to stdout.o(.data) for __stdout
    printf3.o(i.__0vsnprintf$3) refers to printf3.o(i._printf_core) for _printf_core
    printf3.o(i.__0vsnprintf$3) refers to printf3.o(i._snputc) for _snputc
    printf3.o(i.__0vsprintf$3) refers to printf3.o(i._printf_core) for _printf_core
    printf3.o(i.__0vsprintf$3) refers to printf3.o(i._sputc) for _sputc
    printf3.o(i._printf_core) refers to uidiv.o(.text) for __aeabi_uidivmod
    printf4.o(i.__0fprintf$4) refers to printf4.o(i._printf_core) for _printf_core
    printf4.o(i.__0fprintf$4) refers to fputc.o(i.fputc) for fputc
    printf4.o(i.__0printf$4) refers to printf4.o(i._printf_core) for _printf_core
    printf4.o(i.__0printf$4) refers to fputc.o(i.fputc) for fputc
    printf4.o(i.__0printf$4) refers to stdout.o(.data) for __stdout
    printf4.o(i.__0snprintf$4) refers to printf4.o(i._printf_core) for _printf_core
    printf4.o(i.__0snprintf$4) refers to printf4.o(i._snputc) for _snputc
    printf4.o(i.__0sprintf$4) refers to printf4.o(i._printf_core) for _printf_core
    printf4.o(i.__0sprintf$4) refers to printf4.o(i._sputc) for _sputc
    printf4.o(i.__0vfprintf$4) refers to printf4.o(i._printf_core) for _printf_core
    printf4.o(i.__0vfprintf$4) refers to fputc.o(i.fputc) for fputc
    printf4.o(i.__0vprintf$4) refers to printf4.o(i._printf_core) for _printf_core
    printf4.o(i.__0vprintf$4) refers to fputc.o(i.fputc) for fputc
    printf4.o(i.__0vprintf$4) refers to stdout.o(.data) for __stdout
    printf4.o(i.__0vsnprintf$4) refers to printf4.o(i._printf_core) for _printf_core
    printf4.o(i.__0vsnprintf$4) refers to printf4.o(i._snputc) for _snputc
    printf4.o(i.__0vsprintf$4) refers to printf4.o(i._printf_core) for _printf_core
    printf4.o(i.__0vsprintf$4) refers to printf4.o(i._sputc) for _sputc
    printf4.o(i._printf_core) refers to uldiv.o(.text) for __aeabi_uldivmod
    printf5.o(i.__0fprintf$5) refers to printf5.o(i._printf_core) for _printf_core
    printf5.o(i.__0fprintf$5) refers to fputc.o(i.fputc) for fputc
    printf5.o(i.__0printf$5) refers to printf5.o(i._printf_core) for _printf_core
    printf5.o(i.__0printf$5) refers to fputc.o(i.fputc) for fputc
    printf5.o(i.__0printf$5) refers to stdout.o(.data) for __stdout
    printf5.o(i.__0snprintf$5) refers to printf5.o(i._printf_core) for _printf_core
    printf5.o(i.__0snprintf$5) refers to printf5.o(i._snputc) for _snputc
    printf5.o(i.__0sprintf$5) refers to printf5.o(i._printf_core) for _printf_core
    printf5.o(i.__0sprintf$5) refers to printf5.o(i._sputc) for _sputc
    printf5.o(i.__0vfprintf$5) refers to printf5.o(i._printf_core) for _printf_core
    printf5.o(i.__0vfprintf$5) refers to fputc.o(i.fputc) for fputc
    printf5.o(i.__0vprintf$5) refers to printf5.o(i._printf_core) for _printf_core
    printf5.o(i.__0vprintf$5) refers to fputc.o(i.fputc) for fputc
    printf5.o(i.__0vprintf$5) refers to stdout.o(.data) for __stdout
    printf5.o(i.__0vsnprintf$5) refers to printf5.o(i._printf_core) for _printf_core
    printf5.o(i.__0vsnprintf$5) refers to printf5.o(i._snputc) for _snputc
    printf5.o(i.__0vsprintf$5) refers to printf5.o(i._printf_core) for _printf_core
    printf5.o(i.__0vsprintf$5) refers to printf5.o(i._sputc) for _sputc
    printf5.o(i._printf_core) refers to uldiv.o(.text) for __aeabi_uldivmod
    printf6.o(i.__0fprintf$6) refers to printf6.o(i._printf_core) for _printf_core
    printf6.o(i.__0fprintf$6) refers to fputc.o(i.fputc) for fputc
    printf6.o(i.__0printf$6) refers to printf6.o(i._printf_core) for _printf_core
    printf6.o(i.__0printf$6) refers to fputc.o(i.fputc) for fputc
    printf6.o(i.__0printf$6) refers to stdout.o(.data) for __stdout
    printf6.o(i.__0snprintf$6) refers to printf6.o(i._printf_core) for _printf_core
    printf6.o(i.__0snprintf$6) refers to printf6.o(i._snputc) for _snputc
    printf6.o(i.__0sprintf$6) refers to printf6.o(i._printf_core) for _printf_core
    printf6.o(i.__0sprintf$6) refers to printf6.o(i._sputc) for _sputc
    printf6.o(i.__0vfprintf$6) refers to printf6.o(i._printf_core) for _printf_core
    printf6.o(i.__0vfprintf$6) refers to fputc.o(i.fputc) for fputc
    printf6.o(i.__0vprintf$6) refers to printf6.o(i._printf_core) for _printf_core
    printf6.o(i.__0vprintf$6) refers to fputc.o(i.fputc) for fputc
    printf6.o(i.__0vprintf$6) refers to stdout.o(.data) for __stdout
    printf6.o(i.__0vsnprintf$6) refers to printf6.o(i._printf_core) for _printf_core
    printf6.o(i.__0vsnprintf$6) refers to printf6.o(i._snputc) for _snputc
    printf6.o(i.__0vsprintf$6) refers to printf6.o(i._printf_core) for _printf_core
    printf6.o(i.__0vsprintf$6) refers to printf6.o(i._sputc) for _sputc
    printf6.o(i._printf_core) refers to printf6.o(i._printf_pre_padding) for _printf_pre_padding
    printf6.o(i._printf_core) refers to uidiv.o(.text) for __aeabi_uidivmod
    printf6.o(i._printf_core) refers to printf6.o(i._printf_post_padding) for _printf_post_padding
    printf7.o(i.__0fprintf$7) refers to printf7.o(i._printf_core) for _printf_core
    printf7.o(i.__0fprintf$7) refers to fputc.o(i.fputc) for fputc
    printf7.o(i.__0printf$7) refers to printf7.o(i._printf_core) for _printf_core
    printf7.o(i.__0printf$7) refers to fputc.o(i.fputc) for fputc
    printf7.o(i.__0printf$7) refers to stdout.o(.data) for __stdout
    printf7.o(i.__0snprintf$7) refers to printf7.o(i._printf_core) for _printf_core
    printf7.o(i.__0snprintf$7) refers to printf7.o(i._snputc) for _snputc
    printf7.o(i.__0sprintf$7) refers to printf7.o(i._printf_core) for _printf_core
    printf7.o(i.__0sprintf$7) refers to printf7.o(i._sputc) for _sputc
    printf7.o(i.__0vfprintf$7) refers to printf7.o(i._printf_core) for _printf_core
    printf7.o(i.__0vfprintf$7) refers to fputc.o(i.fputc) for fputc
    printf7.o(i.__0vprintf$7) refers to printf7.o(i._printf_core) for _printf_core
    printf7.o(i.__0vprintf$7) refers to fputc.o(i.fputc) for fputc
    printf7.o(i.__0vprintf$7) refers to stdout.o(.data) for __stdout
    printf7.o(i.__0vsnprintf$7) refers to printf7.o(i._printf_core) for _printf_core
    printf7.o(i.__0vsnprintf$7) refers to printf7.o(i._snputc) for _snputc
    printf7.o(i.__0vsprintf$7) refers to printf7.o(i._printf_core) for _printf_core
    printf7.o(i.__0vsprintf$7) refers to printf7.o(i._sputc) for _sputc
    printf7.o(i._printf_core) refers to printf7.o(i._printf_pre_padding) for _printf_pre_padding
    printf7.o(i._printf_core) refers to uldiv.o(.text) for __aeabi_uldivmod
    printf7.o(i._printf_core) refers to printf7.o(i._printf_post_padding) for _printf_post_padding
    printf8.o(i.__0fprintf$8) refers to printf8.o(i._printf_core) for _printf_core
    printf8.o(i.__0fprintf$8) refers to fputc.o(i.fputc) for fputc
    printf8.o(i.__0printf$8) refers to printf8.o(i._printf_core) for _printf_core
    printf8.o(i.__0printf$8) refers to fputc.o(i.fputc) for fputc
    printf8.o(i.__0printf$8) refers to stdout.o(.data) for __stdout
    printf8.o(i.__0snprintf$8) refers to printf8.o(i._printf_core) for _printf_core
    printf8.o(i.__0snprintf$8) refers to printf8.o(i._snputc) for _snputc
    printf8.o(i.__0sprintf$8) refers to printf8.o(i._printf_core) for _printf_core
    printf8.o(i.__0sprintf$8) refers to printf8.o(i._sputc) for _sputc
    printf8.o(i.__0vfprintf$8) refers to printf8.o(i._printf_core) for _printf_core
    printf8.o(i.__0vfprintf$8) refers to fputc.o(i.fputc) for fputc
    printf8.o(i.__0vprintf$8) refers to printf8.o(i._printf_core) for _printf_core
    printf8.o(i.__0vprintf$8) refers to fputc.o(i.fputc) for fputc
    printf8.o(i.__0vprintf$8) refers to stdout.o(.data) for __stdout
    printf8.o(i.__0vsnprintf$8) refers to printf8.o(i._printf_core) for _printf_core
    printf8.o(i.__0vsnprintf$8) refers to printf8.o(i._snputc) for _snputc
    printf8.o(i.__0vsprintf$8) refers to printf8.o(i._printf_core) for _printf_core
    printf8.o(i.__0vsprintf$8) refers to printf8.o(i._sputc) for _sputc
    printf8.o(i._printf_core) refers to printf8.o(i._printf_pre_padding) for _printf_pre_padding
    printf8.o(i._printf_core) refers to uldiv.o(.text) for __aeabi_uldivmod
    printf8.o(i._printf_core) refers to printf8.o(i._printf_post_padding) for _printf_post_padding
    printfa.o(i.__0fprintf) refers (Special) to iusefp.o(.text) for __I$use$fp
    printfa.o(i.__0fprintf) refers to printfa.o(i._printf_core) for _printf_core
    printfa.o(i.__0fprintf) refers to fputc.o(i.fputc) for fputc
    printfa.o(i.__0printf) refers (Special) to iusefp.o(.text) for __I$use$fp
    printfa.o(i.__0printf) refers to printfa.o(i._printf_core) for _printf_core
    printfa.o(i.__0printf) refers to fputc.o(i.fputc) for fputc
    printfa.o(i.__0printf) refers to stdout.o(.data) for __stdout
    printfa.o(i.__0snprintf) refers (Special) to iusefp.o(.text) for __I$use$fp
    printfa.o(i.__0snprintf) refers to printfa.o(i._printf_core) for _printf_core
    printfa.o(i.__0snprintf) refers to printfa.o(i._snputc) for _snputc
    printfa.o(i.__0sprintf) refers (Special) to iusefp.o(.text) for __I$use$fp
    printfa.o(i.__0sprintf) refers to printfa.o(i._printf_core) for _printf_core
    printfa.o(i.__0sprintf) refers to printfa.o(i._sputc) for _sputc
    printfa.o(i.__0vfprintf) refers (Special) to iusefp.o(.text) for __I$use$fp
    printfa.o(i.__0vfprintf) refers to printfa.o(i._printf_core) for _printf_core
    printfa.o(i.__0vfprintf) refers to fputc.o(i.fputc) for fputc
    printfa.o(i.__0vprintf) refers (Special) to iusefp.o(.text) for __I$use$fp
    printfa.o(i.__0vprintf) refers to printfa.o(i._printf_core) for _printf_core
    printfa.o(i.__0vprintf) refers to fputc.o(i.fputc) for fputc
    printfa.o(i.__0vprintf) refers to stdout.o(.data) for __stdout
    printfa.o(i.__0vsnprintf) refers (Special) to iusefp.o(.text) for __I$use$fp
    printfa.o(i.__0vsnprintf) refers to printfa.o(i._printf_core) for _printf_core
    printfa.o(i.__0vsnprintf) refers to printfa.o(i._snputc) for _snputc
    printfa.o(i.__0vsprintf) refers (Special) to iusefp.o(.text) for __I$use$fp
    printfa.o(i.__0vsprintf) refers to printfa.o(i._printf_core) for _printf_core
    printfa.o(i.__0vsprintf) refers to printfa.o(i._sputc) for _sputc
    printfa.o(i._fp_digits) refers (Special) to iusefp.o(.text) for __I$use$fp
    printfa.o(i._fp_digits) refers to dmul.o(.text) for __aeabi_dmul
    printfa.o(i._fp_digits) refers to ddiv.o(.text) for __aeabi_ddiv
    printfa.o(i._fp_digits) refers to cdrcmple.o(.text) for __aeabi_cdrcmple
    printfa.o(i._fp_digits) refers to dadd.o(.text) for __aeabi_dadd
    printfa.o(i._fp_digits) refers to dfixul.o(.text) for __aeabi_d2ulz
    printfa.o(i._fp_digits) refers to uldiv.o(.text) for __aeabi_uldivmod
    printfa.o(i._printf_core) refers (Special) to iusefp.o(.text) for __I$use$fp
    printfa.o(i._printf_core) refers to printfa.o(i._printf_pre_padding) for _printf_pre_padding
    printfa.o(i._printf_core) refers to uldiv.o(.text) for __aeabi_uldivmod
    printfa.o(i._printf_core) refers to printfa.o(i._printf_post_padding) for _printf_post_padding
    printfa.o(i._printf_core) refers to printfa.o(i._fp_digits) for _fp_digits
    printfa.o(i._printf_core) refers to uidiv.o(.text) for __aeabi_uidivmod
    printfa.o(i._printf_post_padding) refers (Special) to iusefp.o(.text) for __I$use$fp
    printfa.o(i._printf_pre_padding) refers (Special) to iusefp.o(.text) for __I$use$fp
    printfa.o(i._snputc) refers (Special) to iusefp.o(.text) for __I$use$fp
    printfa.o(i._sputc) refers (Special) to iusefp.o(.text) for __I$use$fp
    ffltui.o(.text) refers (Special) to iusefp.o(.text) for __I$use$fp
    ffltui.o(.text) refers to fepilogue.o(.text) for _float_epilogue
    cfrcmple.o(.text) refers (Special) to iusefp.o(.text) for __I$use$fp
    entry2.o(.ARM.Collect$$$$00000001) refers to entry2.o(.ARM.Collect$$$$00002712) for __lit__00000000
    entry2.o(.ARM.Collect$$$$00002712) refers to startup_lpc177x_8x.o(STACK) for __initial_sp
    entry2.o(__vectab_stack_and_reset_area) refers to startup_lpc177x_8x.o(STACK) for __initial_sp
    entry2.o(__vectab_stack_and_reset_area) refers to entry.o(.ARM.Collect$$$$00000000) for __main
    entry5.o(.ARM.Collect$$$$00000004) refers to init.o(.text) for __scatterload
    entry9a.o(.ARM.Collect$$$$0000000B) refers to main.o(.text) for main
    entry9b.o(.ARM.Collect$$$$0000000C) refers to main.o(.text) for main
    fputc.o(i.fputc) refers (Special) to iusesemip.o(.text) for __I$use$semihosting$fputc
    fputc.o(i.fputc) refers (Special) to semi.o(.text) for __semihosting_library_function
    dadd.o(.text) refers to llshl.o(.text) for __aeabi_llsl
    dadd.o(.text) refers to llsshr.o(.text) for __aeabi_lasr
    dadd.o(.text) refers to depilogue.o(.text) for _double_epilogue
    dmul.o(.text) refers to depilogue.o(.text) for _double_epilogue
    ddiv.o(.text) refers to depilogue.o(.text) for _double_round
    dfixul.o(.text) refers to llushr.o(.text) for __aeabi_llsr
    dfixul.o(.text) refers to llshl.o(.text) for __aeabi_llsl
    init.o(.text) refers to entry5.o(.ARM.Collect$$$$00000004) for __main_after_scatterload
    depilogue.o(.text) refers to llshl.o(.text) for __aeabi_llsl
    depilogue.o(.text) refers to llushr.o(.text) for __aeabi_llsr


==============================================================================

Removing Unused input sections from the image.

    Removing debug_frmwrk.o(.emb_text), (8 bytes).
    Removing debug_frmwrk.o(.text), (1740 bytes).
    Removing debug_frmwrk.o(.constdata), (89 bytes).
    Removing debug_frmwrk.o(.data), (60 bytes).
    Removing lpc177x_8x_clkpwr.o(.emb_text), (8 bytes).
    Removing lpc177x_8x_clkpwr.o(.data), (4 bytes).
    Removing lpc177x_8x_gpio.o(.emb_text), (8 bytes).
    Removing lpc177x_8x_gpio.o(.text), (1182 bytes).
    Removing lpc177x_8x_nvic.o(.emb_text), (8 bytes).
    Removing lpc177x_8x_nvic.o(.text), (168 bytes).
    Removing lpc177x_8x_pinsel.o(.emb_text), (8 bytes).
    Removing lpc177x_8x_pinsel.o(.text), (1104 bytes).
    Removing lpc177x_8x_uart.o(.emb_text), (8 bytes).
    Removing lpc177x_8x_uart.o(.text), (3440 bytes).
    Removing lpc177x_8x_crc.o(.emb_text), (8 bytes).
    Removing lpc177x_8x_crc.o(.text), (232 bytes).
    Removing lpc177x_8x_crc.o(.data), (1 bytes).
    Removing lpc177x_8x_exti.o(.emb_text), (8 bytes).
    Removing lpc177x_8x_gpdma.o(.emb_text), (8 bytes).
    Removing lpc177x_8x_gpdma.o(.text), (908 bytes).
    Removing lpc177x_8x_gpdma.o(.constdata), (64 bytes).
    Removing lpc177x_8x_gpdma.o(.data), (160 bytes).
    Removing lpc177x_8x_iap.o(.emb_text), (8 bytes).
    Removing lpc177x_8x_ssp.o(.emb_text), (8 bytes).
    Removing lpc177x_8x_ssp.o(.text), (1012 bytes).
    Removing lpc177x_8x_systick.o(.emb_text), (8 bytes).
    Removing lpc177x_8x_systick.o(.text), (308 bytes).
    Removing lpc177x_8x_wwdt.o(.emb_text), (8 bytes).
    Removing lpc177x_8x_wwdt.o(.text), (676 bytes).
    Removing lpc177x_8x_emc.o(.emb_text), (8 bytes).
    Removing lpc177x_8x_emc.o(.text), (4924 bytes).
    Removing system_lpc177x_8x.o(.emb_text), (8 bytes).
    Removing startup_lpc177x_8x.o(HEAP), (512 bytes).
    Removing ssp_driver.o(.emb_text), (8 bytes).
    Removing ssp_driver.o(.text), (328 bytes).
    Removing at45db32.o(.emb_text), (8 bytes).
    Removing at45db32.o(.text), (1454 bytes).
    Removing extit_handeler.o(.emb_text), (8 bytes).
    Removing gpio_irqhandler.o(.emb_text), (8 bytes).
    Removing main.o(.emb_text), (8 bytes).
    Removing crypt.o(.text), (132 bytes).
    Removing crypt_aes128.o(.text), (230 bytes).
    Removing crypt_aes192.o(.text), (2 bytes).
    Removing crypt_aes256.o(.text), (2 bytes).
    Removing cypher.o(.text), (2140 bytes).
    Removing cypher.o(.bss), (480 bytes).
    Removing cypher.o(.constdata), (512 bytes).
    Removing cypher.o(.data), (20 bytes).
    Removing cypher.o(rcon_table), (40 bytes).
    Removing decrypt.o(.text), (132 bytes).
    Removing decrypt_aes128.o(.text), (234 bytes).
    Removing gen_aes128_expkey.o(.text), (124 bytes).
    Removing gen_aes192_expkey.o(.text), (132 bytes).
    Removing gen_aes256_expkey.o(.text), (144 bytes).
    Removing init_crypt.o(.text), (132 bytes).
    Removing init_decrypt.o(.text), (152 bytes).
    Removing flashprogram.o(.emb_text), (8 bytes).
    Removing flashprogram.o(.text), (204 bytes).
    Removing flashprogram.o(.bss), (512 bytes).
    Removing firmware.o(.emb_text), (8 bytes).
    Removing firmware.o(.text), (112 bytes).
    Removing ffltui.o(.text), (10 bytes).
    Removing cfrcmple.o(.text), (20 bytes).
    Removing fepilogue.o(.text), (108 bytes).
    Removing dadd.o(.text), (334 bytes).
    Removing dmul.o(.text), (228 bytes).
    Removing ddiv.o(.text), (222 bytes).
    Removing dfixul.o(.text), (48 bytes).
    Removing cdrcmple.o(.text), (40 bytes).
    Removing depilogue.o(.text), (190 bytes).

70 unused section(s) (total 25178 bytes) removed from the image.

==============================================================================

Image Symbol Table

    Local Symbols

    Symbol Name                              Value     Ov Type        Size  Object(Section)

    RESET                                    0x00000000   Section      228  startup_lpc177x_8x.o(RESET)
    ../clib/microlib/division.c              0x00000000   Number         0  uidiv.o ABSOLUTE
    ../clib/microlib/division.c              0x00000000   Number         0  uldiv.o ABSOLUTE
    ../clib/microlib/init/entry.s            0x00000000   Number         0  entry7b.o ABSOLUTE
    ../clib/microlib/init/entry.s            0x00000000   Number         0  entry7a.o ABSOLUTE
    ../clib/microlib/init/entry.s            0x00000000   Number         0  entry11b.o ABSOLUTE
    ../clib/microlib/init/entry.s            0x00000000   Number         0  entry5.o ABSOLUTE
    ../clib/microlib/init/entry.s            0x00000000   Number         0  entry11a.o ABSOLUTE
    ../clib/microlib/init/entry.s            0x00000000   Number         0  entry10b.o ABSOLUTE
    ../clib/microlib/init/entry.s            0x00000000   Number         0  entry2.o ABSOLUTE
    ../clib/microlib/init/entry.s            0x00000000   Number         0  entry8a.o ABSOLUTE
    ../clib/microlib/init/entry.s            0x00000000   Number         0  entry8b.o ABSOLUTE
    ../clib/microlib/init/entry.s            0x00000000   Number         0  entry9a.o ABSOLUTE
    ../clib/microlib/init/entry.s            0x00000000   Number         0  entry.o ABSOLUTE
    ../clib/microlib/init/entry.s            0x00000000   Number         0  entry9b.o ABSOLUTE
    ../clib/microlib/init/entry.s            0x00000000   Number         0  entry10a.o ABSOLUTE
    ../clib/microlib/longlong.c              0x00000000   Number         0  llshl.o ABSOLUTE
    ../clib/microlib/longlong.c              0x00000000   Number         0  llushr.o ABSOLUTE
    ../clib/microlib/longlong.c              0x00000000   Number         0  llsshr.o ABSOLUTE
    ../clib/microlib/printf/printf.c         0x00000000   Number         0  printf4.o ABSOLUTE
    ../clib/microlib/printf/printf.c         0x00000000   Number         0  printf5.o ABSOLUTE
    ../clib/microlib/printf/printf.c         0x00000000   Number         0  printfa.o ABSOLUTE
    ../clib/microlib/printf/printf.c         0x00000000   Number         0  printf8.o ABSOLUTE
    ../clib/microlib/printf/printf.c         0x00000000   Number         0  printfb.o ABSOLUTE
    ../clib/microlib/printf/printf.c         0x00000000   Number         0  printf0.o ABSOLUTE
    ../clib/microlib/printf/printf.c         0x00000000   Number         0  printf1.o ABSOLUTE
    ../clib/microlib/printf/printf.c         0x00000000   Number         0  printf2.o ABSOLUTE
    ../clib/microlib/printf/printf.c         0x00000000   Number         0  printf3.o ABSOLUTE
    ../clib/microlib/printf/printf.c         0x00000000   Number         0  printf7.o ABSOLUTE
    ../clib/microlib/printf/printf.c         0x00000000   Number         0  printf6.o ABSOLUTE
    ../clib/microlib/printf/stubs.s          0x00000000   Number         0  stubs.o ABSOLUTE
    ../clib/microlib/stdio/fputc.c           0x00000000   Number         0  fputc.o ABSOLUTE
    ../clib/microlib/stdio/semi.s            0x00000000   Number         0  semi.o ABSOLUTE
    ../clib/microlib/stdio/streams.c         0x00000000   Number         0  stdout.o ABSOLUTE
    ../clib/microlib/string/memcpy.c         0x00000000   Number         0  memcpya.o ABSOLUTE
    ../clib/microlib/string/memcpy.c         0x00000000   Number         0  memcpyb.o ABSOLUTE
    ../clib/microlib/stubs.s                 0x00000000   Number         0  iusefp.o ABSOLUTE
    ../clib/microlib/stubs.s                 0x00000000   Number         0  iusesemip.o ABSOLUTE
    ../fplib/microlib/fpadd.c                0x00000000   Number         0  dadd.o ABSOLUTE
    ../fplib/microlib/fpdiv.c                0x00000000   Number         0  ddiv.o ABSOLUTE
    ../fplib/microlib/fpepilogue.c           0x00000000   Number         0  fepilogue.o ABSOLUTE
    ../fplib/microlib/fpepilogue.c           0x00000000   Number         0  depilogue.o ABSOLUTE
    ../fplib/microlib/fpfix.c                0x00000000   Number         0  dfixul.o ABSOLUTE
    ../fplib/microlib/fpflt.c                0x00000000   Number         0  ffltui.o ABSOLUTE
    ../fplib/microlib/fpmul.c                0x00000000   Number         0  dmul.o ABSOLUTE
    ..\..\Common\lpc177x.lpc178x.cmsis.driver.library_2012.8.13\Core\Device\NXP\LPC177x_8x\Source\Templates\ARM\startup_LPC177x_8x.s 0x00000000   Number         0  startup_lpc177x_8x.o ABSOLUTE
    ..\..\Common\lpc177x.lpc178x.cmsis.driver.library_2012.8.13\Core\Device\NXP\LPC177x_8x\Source\Templates\system_LPC177x_8x.c 0x00000000   Number         0  system_lpc177x_8x.o ABSOLUTE
    ..\..\Common\lpc177x.lpc178x.cmsis.driver.library_2012.8.13\Drivers\source\debug_frmwrk.c 0x00000000   Number         0  debug_frmwrk.o ABSOLUTE
    ..\..\Common\lpc177x.lpc178x.cmsis.driver.library_2012.8.13\Drivers\source\lpc177x_8x_clkpwr.c 0x00000000   Number         0  lpc177x_8x_clkpwr.o ABSOLUTE
    ..\..\Common\lpc177x.lpc178x.cmsis.driver.library_2012.8.13\Drivers\source\lpc177x_8x_crc.c 0x00000000   Number         0  lpc177x_8x_crc.o ABSOLUTE
    ..\..\Common\lpc177x.lpc178x.cmsis.driver.library_2012.8.13\Drivers\source\lpc177x_8x_emc.c 0x00000000   Number         0  lpc177x_8x_emc.o ABSOLUTE
    ..\..\Common\lpc177x.lpc178x.cmsis.driver.library_2012.8.13\Drivers\source\lpc177x_8x_exti.c 0x00000000   Number         0  lpc177x_8x_exti.o ABSOLUTE
    ..\..\Common\lpc177x.lpc178x.cmsis.driver.library_2012.8.13\Drivers\source\lpc177x_8x_gpdma.c 0x00000000   Number         0  lpc177x_8x_gpdma.o ABSOLUTE
    ..\..\Common\lpc177x.lpc178x.cmsis.driver.library_2012.8.13\Drivers\source\lpc177x_8x_gpio.c 0x00000000   Number         0  lpc177x_8x_gpio.o ABSOLUTE
    ..\..\Common\lpc177x.lpc178x.cmsis.driver.library_2012.8.13\Drivers\source\lpc177x_8x_iap.c 0x00000000   Number         0  lpc177x_8x_iap.o ABSOLUTE
    ..\..\Common\lpc177x.lpc178x.cmsis.driver.library_2012.8.13\Drivers\source\lpc177x_8x_nvic.c 0x00000000   Number         0  lpc177x_8x_nvic.o ABSOLUTE
    ..\..\Common\lpc177x.lpc178x.cmsis.driver.library_2012.8.13\Drivers\source\lpc177x_8x_pinsel.c 0x00000000   Number         0  lpc177x_8x_pinsel.o ABSOLUTE
    ..\..\Common\lpc177x.lpc178x.cmsis.driver.library_2012.8.13\Drivers\source\lpc177x_8x_ssp.c 0x00000000   Number         0  lpc177x_8x_ssp.o ABSOLUTE
    ..\..\Common\lpc177x.lpc178x.cmsis.driver.library_2012.8.13\Drivers\source\lpc177x_8x_systick.c 0x00000000   Number         0  lpc177x_8x_systick.o ABSOLUTE
    ..\..\Common\lpc177x.lpc178x.cmsis.driver.library_2012.8.13\Drivers\source\lpc177x_8x_uart.c 0x00000000   Number         0  lpc177x_8x_uart.o ABSOLUTE
    ..\..\Common\lpc177x.lpc178x.cmsis.driver.library_2012.8.13\Drivers\source\lpc177x_8x_wwdt.c 0x00000000   Number         0  lpc177x_8x_wwdt.o ABSOLUTE
    ..\USER\BootApp\src\flashprogram.c       0x00000000   Number         0  flashprogram.o ABSOLUTE
    ..\USER\BootApp\src\lpc17xx_sector.c     0x00000000   Number         0  lpc17xx_sector.o ABSOLUTE
    ..\USER\Flash-RTC\src\at45db32.c         0x00000000   Number         0  at45db32.o ABSOLUTE
    ..\USER\IRQ_Handeler\src\EXTIT_Handeler.c 0x00000000   Number         0  extit_handeler.o ABSOLUTE
    ..\USER\IRQ_Handeler\src\GPIO_IRQHandler.c 0x00000000   Number         0  gpio_irqhandler.o ABSOLUTE
    ..\USER\IRQ_Handeler\src\fault_IRQ.c     0x00000000   Number         0  fault_irq.o ABSOLUTE
    ..\USER\common\src\ssp_driver.c          0x00000000   Number         0  ssp_driver.o ABSOLUTE
    ..\USER\crypt_lib\src\crypt.c            0x00000000   Number         0  crypt.o ABSOLUTE
    ..\USER\crypt_lib\src\crypt_aes128.c     0x00000000   Number         0  crypt_aes128.o ABSOLUTE
    ..\USER\crypt_lib\src\crypt_aes192.c     0x00000000   Number         0  crypt_aes192.o ABSOLUTE
    ..\USER\crypt_lib\src\crypt_aes256.c     0x00000000   Number         0  crypt_aes256.o ABSOLUTE
    ..\USER\crypt_lib\src\cypher.c           0x00000000   Number         0  cypher.o ABSOLUTE
    ..\USER\crypt_lib\src\decrypt.c          0x00000000   Number         0  decrypt.o ABSOLUTE
    ..\USER\crypt_lib\src\decrypt_aes128.c   0x00000000   Number         0  decrypt_aes128.o ABSOLUTE
    ..\USER\crypt_lib\src\fips197_test_keys.c 0x00000000   Number         0  fips197_test_keys.o ABSOLUTE
    ..\USER\crypt_lib\src\gen_aes128_expkey.c 0x00000000   Number         0  gen_aes128_expkey.o ABSOLUTE
    ..\USER\crypt_lib\src\gen_aes192_expkey.c 0x00000000   Number         0  gen_aes192_expkey.o ABSOLUTE
    ..\USER\crypt_lib\src\gen_aes256_expkey.c 0x00000000   Number         0  gen_aes256_expkey.o ABSOLUTE
    ..\USER\crypt_lib\src\init_crypt.c       0x00000000   Number         0  init_crypt.o ABSOLUTE
    ..\USER\crypt_lib\src\init_decrypt.c     0x00000000   Number         0  init_decrypt.o ABSOLUTE
    ..\USER\firmware\src\firmware.c          0x00000000   Number         0  firmware.o ABSOLUTE
    ..\USER\main.c                           0x00000000   Number         0  main.o ABSOLUTE
    ..\\..\\Common\\lpc177x.lpc178x.cmsis.driver.library_2012.8.13\\Core\\Device\\NXP\\LPC177x_8x\\Source\\Templates\\system_LPC177x_8x.c 0x00000000   Number         0  system_lpc177x_8x.o ABSOLUTE
    ..\\..\\Common\\lpc177x.lpc178x.cmsis.driver.library_2012.8.13\\Drivers\\source\\debug_frmwrk.c 0x00000000   Number         0  debug_frmwrk.o ABSOLUTE
    ..\\..\\Common\\lpc177x.lpc178x.cmsis.driver.library_2012.8.13\\Drivers\\source\\lpc177x_8x_clkpwr.c 0x00000000   Number         0  lpc177x_8x_clkpwr.o ABSOLUTE
    ..\\..\\Common\\lpc177x.lpc178x.cmsis.driver.library_2012.8.13\\Drivers\\source\\lpc177x_8x_crc.c 0x00000000   Number         0  lpc177x_8x_crc.o ABSOLUTE
    ..\\..\\Common\\lpc177x.lpc178x.cmsis.driver.library_2012.8.13\\Drivers\\source\\lpc177x_8x_emc.c 0x00000000   Number         0  lpc177x_8x_emc.o ABSOLUTE
    ..\\..\\Common\\lpc177x.lpc178x.cmsis.driver.library_2012.8.13\\Drivers\\source\\lpc177x_8x_exti.c 0x00000000   Number         0  lpc177x_8x_exti.o ABSOLUTE
    ..\\..\\Common\\lpc177x.lpc178x.cmsis.driver.library_2012.8.13\\Drivers\\source\\lpc177x_8x_gpdma.c 0x00000000   Number         0  lpc177x_8x_gpdma.o ABSOLUTE
    ..\\..\\Common\\lpc177x.lpc178x.cmsis.driver.library_2012.8.13\\Drivers\\source\\lpc177x_8x_gpio.c 0x00000000   Number         0  lpc177x_8x_gpio.o ABSOLUTE
    ..\\..\\Common\\lpc177x.lpc178x.cmsis.driver.library_2012.8.13\\Drivers\\source\\lpc177x_8x_iap.c 0x00000000   Number         0  lpc177x_8x_iap.o ABSOLUTE
    ..\\..\\Common\\lpc177x.lpc178x.cmsis.driver.library_2012.8.13\\Drivers\\source\\lpc177x_8x_nvic.c 0x00000000   Number         0  lpc177x_8x_nvic.o ABSOLUTE
    ..\\..\\Common\\lpc177x.lpc178x.cmsis.driver.library_2012.8.13\\Drivers\\source\\lpc177x_8x_pinsel.c 0x00000000   Number         0  lpc177x_8x_pinsel.o ABSOLUTE
    ..\\..\\Common\\lpc177x.lpc178x.cmsis.driver.library_2012.8.13\\Drivers\\source\\lpc177x_8x_ssp.c 0x00000000   Number         0  lpc177x_8x_ssp.o ABSOLUTE
    ..\\..\\Common\\lpc177x.lpc178x.cmsis.driver.library_2012.8.13\\Drivers\\source\\lpc177x_8x_systick.c 0x00000000   Number         0  lpc177x_8x_systick.o ABSOLUTE
    ..\\..\\Common\\lpc177x.lpc178x.cmsis.driver.library_2012.8.13\\Drivers\\source\\lpc177x_8x_uart.c 0x00000000   Number         0  lpc177x_8x_uart.o ABSOLUTE
    ..\\..\\Common\\lpc177x.lpc178x.cmsis.driver.library_2012.8.13\\Drivers\\source\\lpc177x_8x_wwdt.c 0x00000000   Number         0  lpc177x_8x_wwdt.o ABSOLUTE
    ..\\USER\\BootApp\\src\\flashprogram.c   0x00000000   Number         0  flashprogram.o ABSOLUTE
    ..\\USER\\Flash-RTC\\src\\at45db32.c     0x00000000   Number         0  at45db32.o ABSOLUTE
    ..\\USER\\IRQ_Handeler\\src\\EXTIT_Handeler.c 0x00000000   Number         0  extit_handeler.o ABSOLUTE
    ..\\USER\\IRQ_Handeler\\src\\GPIO_IRQHandler.c 0x00000000   Number         0  gpio_irqhandler.o ABSOLUTE
    ..\\USER\\IRQ_Handeler\\src\\fault_IRQ.c 0x00000000   Number         0  fault_irq.o ABSOLUTE
    ..\\USER\\common\\src\\ssp_driver.c      0x00000000   Number         0  ssp_driver.o ABSOLUTE
    ..\\USER\\firmware\\src\\firmware.c      0x00000000   Number         0  firmware.o ABSOLUTE
    ..\\USER\\main.c                         0x00000000   Number         0  main.o ABSOLUTE
    cdrcmple.s                               0x00000000   Number         0  cdrcmple.o ABSOLUTE
    cfrcmple.s                               0x00000000   Number         0  cfrcmple.o ABSOLUTE
    dc.s                                     0x00000000   Number         0  dc.o ABSOLUTE
    handlers.s                               0x00000000   Number         0  handlers.o ABSOLUTE
    init.s                                   0x00000000   Number         0  init.o ABSOLUTE
    .ARM.Collect$$$$00000000                 0x000000e4   Section        0  entry.o(.ARM.Collect$$$$00000000)
    .ARM.Collect$$$$00000001                 0x000000e4   Section        4  entry2.o(.ARM.Collect$$$$00000001)
    .ARM.Collect$$$$00000004                 0x000000e8   Section        4  entry5.o(.ARM.Collect$$$$00000004)
    .ARM.Collect$$$$00000008                 0x000000ec   Section        0  entry7b.o(.ARM.Collect$$$$00000008)
    .ARM.Collect$$$$0000000A                 0x000000ec   Section        0  entry8b.o(.ARM.Collect$$$$0000000A)
    .ARM.Collect$$$$0000000B                 0x000000ec   Section        8  entry9a.o(.ARM.Collect$$$$0000000B)
    .ARM.Collect$$$$0000000D                 0x000000f4   Section        0  entry10a.o(.ARM.Collect$$$$0000000D)
    .ARM.Collect$$$$0000000F                 0x000000f4   Section        0  entry11a.o(.ARM.Collect$$$$0000000F)
    .ARM.Collect$$$$00002712                 0x000000f4   Section        4  entry2.o(.ARM.Collect$$$$00002712)
    __lit__00000000                          0x000000f4   Data           4  entry2.o(.ARM.Collect$$$$00002712)
    .emb_text                                0x000000f8   Section       96  fault_irq.o(.emb_text)
    .text                                    0x00000158   Section        0  lpc177x_8x_clkpwr.o(.text)
    .text                                    0x000002b0   Section       36  startup_lpc177x_8x.o(.text)
    .text                                    0x000002d4   Section        0  gpio_irqhandler.o(.text)
    .text                                    0x000002d6   Section        0  llshl.o(.text)
    .text                                    0x000002f4   Section        0  semi.o(.text)
    .text                                    0x000002f4   Section        0  iusesemip.o(.text)
    i.__scatterload_null                     0x000002f4   Section        2  handlers.o(i.__scatterload_null)
    .ARM.__at_0x02FC                         0x000002fc   Section        4  startup_lpc177x_8x.o(.ARM.__at_0x02FC)
    .text                                    0x00000300   Section        0  lpc177x_8x_exti.o(.text)
    .text                                    0x000003c4   Section        0  lpc177x_8x_iap.o(.text)
    .text                                    0x00000594   Section        0  system_lpc177x_8x.o(.text)
    .text                                    0x0000094c   Section        0  fault_irq.o(.text)
    __tagsym$$used                           0x00000b33   Number         0  fault_irq.o(.text)
    .text                                    0x00000de4   Section        0  extit_handeler.o(.text)
    .text                                    0x00000e2c   Section        0  main.o(.text)
    .text                                    0x00000f90   Section        0  lpc17xx_sector.o(.text)
    .text                                    0x00001040   Section        0  uldiv.o(.text)
    .text                                    0x000010a2   Section        0  llushr.o(.text)
    .text                                    0x000010c4   Section       36  init.o(.text)
    i.__0printf$8                            0x000010e8   Section        0  printf8.o(i.__0printf$8)
    i.__0sprintf$8                           0x00001108   Section        0  printf8.o(i.__0sprintf$8)
    i.__scatterload_copy                     0x00001130   Section       14  handlers.o(i.__scatterload_copy)
    i.__scatterload_zeroinit                 0x0000113e   Section       14  handlers.o(i.__scatterload_zeroinit)
    i._printf_core                           0x0000114c   Section        0  printf8.o(i._printf_core)
    _printf_core                             0x0000114d   Thumb Code   988  printf8.o(i._printf_core)
    i._printf_post_padding                   0x00001554   Section        0  printf8.o(i._printf_post_padding)
    _printf_post_padding                     0x00001555   Thumb Code    38  printf8.o(i._printf_post_padding)
    i._printf_pre_padding                    0x0000157a   Section        0  printf8.o(i._printf_pre_padding)
    _printf_pre_padding                      0x0000157b   Thumb Code    48  printf8.o(i._printf_pre_padding)
    i._sputc                                 0x000015aa   Section        0  printf8.o(i._sputc)
    _sputc                                   0x000015ab   Thumb Code    10  printf8.o(i._sputc)
    i.fputc                                  0x000015b4   Section        0  fputc.o(i.fputc)
    .constdata                               0x000015c6   Section       12  lpc17xx_sector.o(.constdata)
    .data                                    0x10000000   Section        4  lpc177x_8x_iap.o(.data)
    .data                                    0x10000004   Section       16  system_lpc177x_8x.o(.data)
    .data                                    0x10000014   Section       12  main.o(.data)
    bl_size                                  0x10000014   Data           4  main.o(.data)
    bl_sector_startidx                       0x10000018   Data           4  main.o(.data)
    bl_sector_endidx                         0x1000001c   Data           4  main.o(.data)
    .data                                    0x10000020   Section        4  stdout.o(.data)
    .bss                                     0x10000024   Section      240  fault_irq.o(.bss)
    msg                                      0x10000024   Data          80  fault_irq.o(.bss)
    msg                                      0x10000074   Data          80  fault_irq.o(.bss)
    msg                                      0x100000c4   Data          80  fault_irq.o(.bss)
    STACK                                    0x10000118   Section      512  startup_lpc177x_8x.o(STACK)

    Global Symbols

    Symbol Name                              Value     Ov Type        Size  Object(Section)

    BuildAttributes$$THM_ISAv4$P$D$K$B$S$PE$A:L22UL41UL21$X:L11$S22US41US21$IEEE1$IW$USESV6$~STKCKD$USESV7$~SHL$OTIME$ROPI$EBA8$MICROLIB$REQ8$PRES8$EABIv2 0x00000000   Number         0  anon$$obj.o ABSOLUTE
    Image$$ER_IROM1$$RO$$Base                0x00000000   Number         0  startup_lpc177x_8x.o(RESET)
    __ARM_use_no_argv                        0x00000000   Number         0  main.o ABSOLUTE
    __Vectors                                0x00000000   Data           4  startup_lpc177x_8x.o(RESET)
    _printf_a                                0x00000000   Number         0  stubs.o ABSOLUTE
    _printf_c                                0x00000000   Number         0  stubs.o ABSOLUTE
    _printf_charcount                        0x00000000   Number         0  stubs.o ABSOLUTE
    _printf_d                                0x00000000   Number         0  stubs.o ABSOLUTE
    _printf_e                                0x00000000   Number         0  stubs.o ABSOLUTE
    _printf_f                                0x00000000   Number         0  stubs.o ABSOLUTE
    _printf_flags                            0x00000000   Number         0  stubs.o ABSOLUTE
    _printf_fp_dec                           0x00000000   Number         0  stubs.o ABSOLUTE
    _printf_fp_hex                           0x00000000   Number         0  stubs.o ABSOLUTE
    _printf_g                                0x00000000   Number         0  stubs.o ABSOLUTE
    _printf_i                                0x00000000   Number         0  stubs.o ABSOLUTE
    _printf_int_dec                          0x00000000   Number         0  stubs.o ABSOLUTE
    _printf_l                                0x00000000   Number         0  stubs.o ABSOLUTE
    _printf_lc                               0x00000000   Number         0  stubs.o ABSOLUTE
    _printf_ll                               0x00000000   Number         0  stubs.o ABSOLUTE
    _printf_lld                              0x00000000   Number         0  stubs.o ABSOLUTE
    _printf_lli                              0x00000000   Number         0  stubs.o ABSOLUTE
    _printf_llo                              0x00000000   Number         0  stubs.o ABSOLUTE
    _printf_llu                              0x00000000   Number         0  stubs.o ABSOLUTE
    _printf_llx                              0x00000000   Number         0  stubs.o ABSOLUTE
    _printf_longlong_dec                     0x00000000   Number         0  stubs.o ABSOLUTE
    _printf_longlong_hex                     0x00000000   Number         0  stubs.o ABSOLUTE
    _printf_longlong_oct                     0x00000000   Number         0  stubs.o ABSOLUTE
    _printf_ls                               0x00000000   Number         0  stubs.o ABSOLUTE
    _printf_mbtowc                           0x00000000   Number         0  stubs.o ABSOLUTE
    _printf_n                                0x00000000   Number         0  stubs.o ABSOLUTE
    _printf_o                                0x00000000   Number         0  stubs.o ABSOLUTE
    _printf_p                                0x00000000   Number         0  stubs.o ABSOLUTE
    _printf_percent                          0x00000000   Number         0  stubs.o ABSOLUTE
    _printf_pre_padding                      0x00000000   Number         0  stubs.o ABSOLUTE
    _printf_return_value                     0x00000000   Number         0  stubs.o ABSOLUTE
    _printf_s                                0x00000000   Number         0  stubs.o ABSOLUTE
    _printf_sizespec                         0x00000000   Number         0  stubs.o ABSOLUTE
    _printf_str                              0x00000000   Number         0  stubs.o ABSOLUTE
    _printf_truncate_signed                  0x00000000   Number         0  stubs.o ABSOLUTE
    _printf_truncate_unsigned                0x00000000   Number         0  stubs.o ABSOLUTE
    _printf_u                                0x00000000   Number         0  stubs.o ABSOLUTE
    _printf_wc                               0x00000000   Number         0  stubs.o ABSOLUTE
    _printf_wctomb                           0x00000000   Number         0  stubs.o ABSOLUTE
    _printf_widthprec                        0x00000000   Number         0  stubs.o ABSOLUTE
    _printf_x                                0x00000000   Number         0  stubs.o ABSOLUTE
    __cpp_initialize__aeabi_                  - Undefined Weak Reference
    __cxa_finalize                            - Undefined Weak Reference
    __decompress                              - Undefined Weak Reference
    _clock_init                               - Undefined Weak Reference
    _microlib_exit                            - Undefined Weak Reference
    Image$$RW_IRAM1$$RW$$Length              0x00000024   Number         0  anon$$obj.o ABSOLUTE
    __main                                   0x000000e5   Thumb Code     0  entry.o(.ARM.Collect$$$$00000000)
    _main_stk                                0x000000e5   Thumb Code     0  entry2.o(.ARM.Collect$$$$00000001)
    _main_scatterload                        0x000000e9   Thumb Code     0  entry5.o(.ARM.Collect$$$$00000004)
    __main_after_scatterload                 0x000000ed   Thumb Code     0  entry5.o(.ARM.Collect$$$$00000004)
    _main_clock                              0x000000ed   Thumb Code     0  entry7b.o(.ARM.Collect$$$$00000008)
    _main_cpp_init                           0x000000ed   Thumb Code     0  entry8b.o(.ARM.Collect$$$$0000000A)
    _main_init                               0x000000ed   Thumb Code     0  entry9a.o(.ARM.Collect$$$$0000000B)
    __rt_final_cpp                           0x000000f5   Thumb Code     0  entry10a.o(.ARM.Collect$$$$0000000D)
    __rt_final_exit                          0x000000f5   Thumb Code     0  entry11a.o(.ARM.Collect$$$$0000000F)
    __asm___11_fault_IRQ_c_1dbbc25d____REV16 0x000000f9   Thumb Code     4  fault_irq.o(.emb_text)
    __asm___11_fault_IRQ_c_1dbbc25d____REVSH 0x000000fd   Thumb Code     4  fault_irq.o(.emb_text)
    MemManage_Handler                        0x00000101   Thumb Code    22  fault_irq.o(.emb_text)
    BusFault_Handler                         0x00000117   Thumb Code    22  fault_irq.o(.emb_text)
    UsageFault_Handler                       0x0000012d   Thumb Code    22  fault_irq.o(.emb_text)
    HardFault_Handler                        0x00000143   Thumb Code    22  fault_irq.o(.emb_text)
    CLKPWR_SetCLKDiv                         0x00000159   Thumb Code   154  lpc177x_8x_clkpwr.o(.text)
    CLKPWR_GetCLK                            0x000001f3   Thumb Code    46  lpc177x_8x_clkpwr.o(.text)
    CLKPWR_ConfigPPWR                        0x00000221   Thumb Code    38  lpc177x_8x_clkpwr.o(.text)
    CLKPWR_Sleep                             0x00000247   Thumb Code    10  lpc177x_8x_clkpwr.o(.text)
    CLKPWR_DeepSleep                         0x00000251   Thumb Code    16  lpc177x_8x_clkpwr.o(.text)
    CLKPWR_PowerDown                         0x00000261   Thumb Code    16  lpc177x_8x_clkpwr.o(.text)
    CLKPWR_DeepPowerDown                     0x00000271   Thumb Code    16  lpc177x_8x_clkpwr.o(.text)
    Reset_Handler                            0x000002b1   Thumb Code     8  startup_lpc177x_8x.o(.text)
    NMI_Handler                              0x000002b9   Thumb Code     2  startup_lpc177x_8x.o(.text)
    SVC_Handler                              0x000002c3   Thumb Code     2  startup_lpc177x_8x.o(.text)
    DebugMon_Handler                         0x000002c5   Thumb Code     2  startup_lpc177x_8x.o(.text)
    PendSV_Handler                           0x000002c7   Thumb Code     2  startup_lpc177x_8x.o(.text)
    SysTick_Handler                          0x000002c9   Thumb Code     2  startup_lpc177x_8x.o(.text)
    ADC_IRQHandler                           0x000002cb   Thumb Code     0  startup_lpc177x_8x.o(.text)
    BOD_IRQHandler                           0x000002cb   Thumb Code     0  startup_lpc177x_8x.o(.text)
    CANActivity_IRQHandler                   0x000002cb   Thumb Code     0  startup_lpc177x_8x.o(.text)
    CAN_IRQHandler                           0x000002cb   Thumb Code     0  startup_lpc177x_8x.o(.text)
    DMA_IRQHandler                           0x000002cb   Thumb Code     0  startup_lpc177x_8x.o(.text)
    EEPROM_IRQHandler                        0x000002cb   Thumb Code     0  startup_lpc177x_8x.o(.text)
    ENET_IRQHandler                          0x000002cb   Thumb Code     0  startup_lpc177x_8x.o(.text)
    I2C0_IRQHandler                          0x000002cb   Thumb Code     0  startup_lpc177x_8x.o(.text)
    I2C1_IRQHandler                          0x000002cb   Thumb Code     0  startup_lpc177x_8x.o(.text)
    I2C2_IRQHandler                          0x000002cb   Thumb Code     0  startup_lpc177x_8x.o(.text)
    I2S_IRQHandler                           0x000002cb   Thumb Code     0  startup_lpc177x_8x.o(.text)
    LCD_IRQHandler                           0x000002cb   Thumb Code     0  startup_lpc177x_8x.o(.text)
    MCI_IRQHandler                           0x000002cb   Thumb Code     0  startup_lpc177x_8x.o(.text)
    MCPWM_IRQHandler                         0x000002cb   Thumb Code     0  startup_lpc177x_8x.o(.text)
    PLL0_IRQHandler                          0x000002cb   Thumb Code     0  startup_lpc177x_8x.o(.text)
    PLL1_IRQHandler                          0x000002cb   Thumb Code     0  startup_lpc177x_8x.o(.text)
    PWM0_IRQHandler                          0x000002cb   Thumb Code     0  startup_lpc177x_8x.o(.text)
    PWM1_IRQHandler                          0x000002cb   Thumb Code     0  startup_lpc177x_8x.o(.text)
    QEI_IRQHandler                           0x000002cb   Thumb Code     0  startup_lpc177x_8x.o(.text)
    RTC_IRQHandler                           0x000002cb   Thumb Code     0  startup_lpc177x_8x.o(.text)
    SSP0_IRQHandler                          0x000002cb   Thumb Code     0  startup_lpc177x_8x.o(.text)
    SSP1_IRQHandler                          0x000002cb   Thumb Code     0  startup_lpc177x_8x.o(.text)
    SSP2_IRQHandler                          0x000002cb   Thumb Code     0  startup_lpc177x_8x.o(.text)
    TIMER0_IRQHandler                        0x000002cb   Thumb Code     0  startup_lpc177x_8x.o(.text)
    TIMER1_IRQHandler                        0x000002cb   Thumb Code     0  startup_lpc177x_8x.o(.text)
    TIMER2_IRQHandler                        0x000002cb   Thumb Code     0  startup_lpc177x_8x.o(.text)
    TIMER3_IRQHandler                        0x000002cb   Thumb Code     0  startup_lpc177x_8x.o(.text)
    UART0_IRQHandler                         0x000002cb   Thumb Code     0  startup_lpc177x_8x.o(.text)
    UART1_IRQHandler                         0x000002cb   Thumb Code     0  startup_lpc177x_8x.o(.text)
    UART2_IRQHandler                         0x000002cb   Thumb Code     0  startup_lpc177x_8x.o(.text)
    UART3_IRQHandler                         0x000002cb   Thumb Code     0  startup_lpc177x_8x.o(.text)
    UART4_IRQHandler                         0x000002cb   Thumb Code     0  startup_lpc177x_8x.o(.text)
    USBActivity_IRQHandler                   0x000002cb   Thumb Code     0  startup_lpc177x_8x.o(.text)
    USB_IRQHandler                           0x000002cb   Thumb Code     0  startup_lpc177x_8x.o(.text)
    WDT_IRQHandler                           0x000002cb   Thumb Code     0  startup_lpc177x_8x.o(.text)
    GPIO_IRQHandler                          0x000002d5   Thumb Code     2  gpio_irqhandler.o(.text)
    __aeabi_llsl                             0x000002d7   Thumb Code    30  llshl.o(.text)
    _ll_shift_l                              0x000002d7   Thumb Code     0  llshl.o(.text)
    __I$use$semihosting$fputc                0x000002f5   Thumb Code     0  iusesemip.o(.text)
    __scatterload_null                       0x000002f5   Thumb Code     2  handlers.o(i.__scatterload_null)
    __semihosting_library_function           0x000002f5   Thumb Code     0  semi.o(.text)
    EXTI_Init                                0x00000301   Thumb Code    22  lpc177x_8x_exti.o(.text)
    EXTI_DeInit                              0x00000317   Thumb Code     2  lpc177x_8x_exti.o(.text)
    EXTI_SetPolarity                         0x00000319   Thumb Code    52  lpc177x_8x_exti.o(.text)
    EXTI_SetMode                             0x0000034d   Thumb Code    52  lpc177x_8x_exti.o(.text)
    EXTI_Config                              0x00000381   Thumb Code    28  lpc177x_8x_exti.o(.text)
    EXTI_ClearEXTIFlag                       0x0000039d   Thumb Code    24  lpc177x_8x_exti.o(.text)
    GetSecNum                                0x000003c5   Thumb Code    16  lpc177x_8x_iap.o(.text)
    PrepareSector                            0x000003d5   Thumb Code    34  lpc177x_8x_iap.o(.text)
    CopyRAM2Flash                            0x000003f7   Thumb Code    82  lpc177x_8x_iap.o(.text)
    EraseSector                              0x00000449   Thumb Code    66  lpc177x_8x_iap.o(.text)
    BlankCheckSector                         0x0000048b   Thumb Code    56  lpc177x_8x_iap.o(.text)
    ReadPartID                               0x000004c3   Thumb Code    38  lpc177x_8x_iap.o(.text)
    ReadBootCodeVer                          0x000004e9   Thumb Code    48  lpc177x_8x_iap.o(.text)
    ReadDeviceSerialNum                      0x00000519   Thumb Code    58  lpc177x_8x_iap.o(.text)
    Compare                                  0x00000553   Thumb Code    38  lpc177x_8x_iap.o(.text)
    InvokeISP                                0x00000579   Thumb Code    22  lpc177x_8x_iap.o(.text)
    SystemCoreClockUpdate                    0x00000595   Thumb Code   664  system_lpc177x_8x.o(.text)
    SystemInit                               0x0000082d   Thumb Code   204  system_lpc177x_8x.o(.text)
    printErrorMsg                            0x0000094d   Thumb Code    66  fault_irq.o(.text)
    printUsageErrorMsg                       0x0000098f   Thumb Code    26  fault_irq.o(.text)
    printBusFaultErrorMsg                    0x000009a9   Thumb Code    16  fault_irq.o(.text)
    stackDump                                0x000009b9   Thumb Code   134  fault_irq.o(.text)
    printMemoryManagementErrorMsg            0x00000a3f   Thumb Code   100  fault_irq.o(.text)
    Hard_Fault_Handler                       0x00000aa3   Thumb Code   144  fault_irq.o(.text)
    prvGetRegistersFromStack                 0x00000b33   Thumb Code    94  fault_irq.o(.text)
    EINT0_IRQHandler                         0x00000de5   Thumb Code     8  extit_handeler.o(.text)
    EINT1_IRQHandler                         0x00000ded   Thumb Code    16  extit_handeler.o(.text)
    EINT2_IRQHandler                         0x00000dfd   Thumb Code    16  extit_handeler.o(.text)
    EINT3_IRQHandler                         0x00000e0d   Thumb Code    16  extit_handeler.o(.text)
    Eint_init                                0x00000e1d   Thumb Code     8  extit_handeler.o(.text)
    cmd_readid                               0x00000e2d   Thumb Code    12  main.o(.text)
    cmd_bootinfo                             0x00000e39   Thumb Code    54  main.o(.text)
    init_bootpara                            0x00000e6f   Thumb Code    40  main.o(.text)
    main                                     0x00000e97   Thumb Code     4  main.o(.text)
    delay_us                                 0x00000e9b   Thumb Code    26  main.o(.text)
    delay_ms                                 0x00000eb5   Thumb Code    30  main.o(.text)
    FaultCode                                0x00000ed3   Thumb Code     2  main.o(.text)
    getSectorIndex                           0x00000f91   Thumb Code    62  lpc17xx_sector.o(.text)
    getSectorSize                            0x00000fcf   Thumb Code    34  lpc17xx_sector.o(.text)
    getEndSectorIndex                        0x00000ff1   Thumb Code    54  lpc17xx_sector.o(.text)
    getMaxSectorIndex                        0x00001027   Thumb Code    20  lpc17xx_sector.o(.text)
    __aeabi_uldivmod                         0x00001041   Thumb Code    98  uldiv.o(.text)
    __aeabi_llsr                             0x000010a3   Thumb Code    32  llushr.o(.text)
    _ll_ushift_r                             0x000010a3   Thumb Code     0  llushr.o(.text)
    __scatterload                            0x000010c5   Thumb Code    28  init.o(.text)
    __scatterload_rt2                        0x000010c5   Thumb Code     0  init.o(.text)
    __0printf$8                              0x000010e9   Thumb Code    22  printf8.o(i.__0printf$8)
    __1printf$8                              0x000010e9   Thumb Code     0  printf8.o(i.__0printf$8)
    __2printf                                0x000010e9   Thumb Code     0  printf8.o(i.__0printf$8)
    __0sprintf$8                             0x00001109   Thumb Code    34  printf8.o(i.__0sprintf$8)
    __1sprintf$8                             0x00001109   Thumb Code     0  printf8.o(i.__0sprintf$8)
    __2sprintf                               0x00001109   Thumb Code     0  printf8.o(i.__0sprintf$8)
    __scatterload_copy                       0x00001131   Thumb Code    14  handlers.o(i.__scatterload_copy)
    __scatterload_zeroinit                   0x0000113f   Thumb Code    14  handlers.o(i.__scatterload_zeroinit)
    fputc                                    0x000015b5   Thumb Code    18  fputc.o(i.fputc)
    sector_desc                              0x000015c6   Data          12  lpc17xx_sector.o(.constdata)
    Region$$Table$$Base                      0x000015d4   Number         0  anon$$obj.o(Region$$Table)
    Image$$ER_IROM1$$RO$$Length              0x000015f4   Number         0  anon$$obj.o ABSOLUTE
    Region$$Table$$Limit                     0x000015f4   Number         0  anon$$obj.o(Region$$Table)
    iap_entry                                0x10000000   Data           4  lpc177x_8x_iap.o(.data)
    SystemCoreClock                          0x10000004   Data           4  system_lpc177x_8x.o(.data)
    PeripheralClock                          0x10000008   Data           4  system_lpc177x_8x.o(.data)
    EMCClock                                 0x1000000c   Data           4  system_lpc177x_8x.o(.data)
    USBClock                                 0x10000010   Data           4  system_lpc177x_8x.o(.data)
    __stdout                                 0x10000020   Data           4  stdout.o(.data)
    __initial_sp                             0x10000318   Data           0  startup_lpc177x_8x.o(STACK)



==============================================================================

Memory Map of the image

  Image Entry point : 0x000000e5

  Load Region LR_IROM1 (Base: 0x00000000, Size: 0x00001618, Max: 0x00080000, ABSOLUTE)

    Execution Region ER_IROM1 (Base: 0x00000000, Size: 0x000015f4, Max: 0x00080000, ABSOLUTE)

    Base Addr    Size         Type   Attr      Idx    E Section Name        Object

    0x00000000   0x000000e4   Data   RO          337    RESET               startup_lpc177x_8x.o
    0x000000e4   0x00000000   Code   RO          774  * .ARM.Collect$$$$00000000  mc_w.l(entry.o)
    0x000000e4   0x00000004   Code   RO         1048    .ARM.Collect$$$$00000001  mc_w.l(entry2.o)
    0x000000e8   0x00000004   Code   RO         1051    .ARM.Collect$$$$00000004  mc_w.l(entry5.o)
    0x000000ec   0x00000000   Code   RO         1053    .ARM.Collect$$$$00000008  mc_w.l(entry7b.o)
    0x000000ec   0x00000000   Code   RO         1055    .ARM.Collect$$$$0000000A  mc_w.l(entry8b.o)
    0x000000ec   0x00000008   Code   RO         1056    .ARM.Collect$$$$0000000B  mc_w.l(entry9a.o)
    0x000000f4   0x00000000   Code   RO         1058    .ARM.Collect$$$$0000000D  mc_w.l(entry10a.o)
    0x000000f4   0x00000000   Code   RO         1060    .ARM.Collect$$$$0000000F  mc_w.l(entry11a.o)
    0x000000f4   0x00000004   Code   RO         1049    .ARM.Collect$$$$00002712  mc_w.l(entry2.o)
    0x000000f8   0x00000060   Code   RO          444    .emb_text           fault_irq.o
    0x00000158   0x00000158   Code   RO           56    .text               lpc177x_8x_clkpwr.o
    0x000002b0   0x00000024   Code   RO          339    .text               startup_lpc177x_8x.o
    0x000002d4   0x00000002   Code   RO          491    .text               gpio_irqhandler.o
    0x000002d6   0x0000001e   Code   RO         1067    .text               mc_w.l(llshl.o)
    0x000002f4   0x00000000   Code   RO         1086    .text               mc_w.l(semi.o)
    0x000002f4   0x00000000   Code   RO         1089    .text               mc_w.l(iusesemip.o)
    0x000002f4   0x00000002   Code   RO         1095    i.__scatterload_null  mc_w.l(handlers.o)
    0x000002f6   0x00000006   PAD
    0x000002fc   0x00000004   Code   RO          338    .ARM.__at_0x02FC    startup_lpc177x_8x.o
    0x00000300   0x000000c4   Code   RO          174    .text               lpc177x_8x_exti.o
    0x000003c4   0x000001d0   Code   RO          216    .text               lpc177x_8x_iap.o
    0x00000594   0x000003b8   Code   RO          314    .text               system_lpc177x_8x.o
    0x0000094c   0x00000498   Code   RO          445    .text               fault_irq.o
    0x00000de4   0x00000048   Code   RO          472    .text               extit_handeler.o
    0x00000e2c   0x00000164   Code   RO          510    .text               main.o
    0x00000f90   0x000000b0   Code   RO          717    .text               lpc17xx_sector.o
    0x00001040   0x00000062   Code   RO          777    .text               mc_w.l(uldiv.o)
    0x000010a2   0x00000020   Code   RO         1069    .text               mc_w.l(llushr.o)
    0x000010c2   0x00000002   PAD
    0x000010c4   0x00000024   Code   RO         1084    .text               mc_w.l(init.o)
    0x000010e8   0x00000020   Code   RO          990    i.__0printf$8       mc_w.l(printf8.o)
    0x00001108   0x00000028   Code   RO          992    i.__0sprintf$8      mc_w.l(printf8.o)
    0x00001130   0x0000000e   Code   RO         1094    i.__scatterload_copy  mc_w.l(handlers.o)
    0x0000113e   0x0000000e   Code   RO         1096    i.__scatterload_zeroinit  mc_w.l(handlers.o)
    0x0000114c   0x00000408   Code   RO          997    i._printf_core      mc_w.l(printf8.o)
    0x00001554   0x00000026   Code   RO          998    i._printf_post_padding  mc_w.l(printf8.o)
    0x0000157a   0x00000030   Code   RO          999    i._printf_pre_padding  mc_w.l(printf8.o)
    0x000015aa   0x0000000a   Code   RO         1001    i._sputc            mc_w.l(printf8.o)
    0x000015b4   0x00000012   Code   RO         1062    i.fputc             mc_w.l(fputc.o)
    0x000015c6   0x0000000c   Data   RO          718    .constdata          lpc17xx_sector.o
    0x000015d2   0x00000002   PAD
    0x000015d4   0x00000020   Data   RO         1092    Region$$Table       anon$$obj.o


    Execution Region RW_IRAM1 (Base: 0x10000000, Size: 0x00000318, Max: 0x00010000, ABSOLUTE)

    Base Addr    Size         Type   Attr      Idx    E Section Name        Object

    0x10000000   0x00000004   Data   RW          217    .data               lpc177x_8x_iap.o
    0x10000004   0x00000010   Data   RW          315    .data               system_lpc177x_8x.o
    0x10000014   0x0000000c   Data   RW          511    .data               main.o
    0x10000020   0x00000004   Data   RW         1064    .data               mc_w.l(stdout.o)
    0x10000024   0x000000f0   Zero   RW          446    .bss                fault_irq.o
    0x10000114   0x00000004   PAD
    0x10000118   0x00000200   Zero   RW          335    STACK               startup_lpc177x_8x.o


    Execution Region RW_IRAM2 (Base: 0x20000000, Size: 0x00000000, Max: 0x00008000, ABSOLUTE)

    **** No section assigned to this execution region ****


==============================================================================

Image component sizes


      Code (inc. data)   RO Data    RW Data    ZI Data      Debug   Object Name

         0          0          0          0          0       1324   at45db32.o
         0          0          0          0          0      27368   debug_frmwrk.o
        72          8          0          0          0        924   extit_handeler.o
      1272        596          0          0        240      19196   fault_irq.o
         2          0          0          0          0        434   gpio_irqhandler.o
       344         48          0          0          0       1699   lpc177x_8x_clkpwr.o
       196         16          0          0          0       2981   lpc177x_8x_exti.o
       464          6          0          4          0       5478   lpc177x_8x_iap.o
       176          6         12          0          0       2277   lpc17xx_sector.o
       356        188          0         12          0       3427   main.o
        40         12        228          0        512       1228   startup_lpc177x_8x.o
       952         84          0         16          0       2103   system_lpc177x_8x.o

    ----------------------------------------------------------------------
      3874        964        274         32        756      68439   Object Totals
         0          0         32          0          0          0   (incl. Generated)
         0          0          2          0          4          0   (incl. Padding)

    ----------------------------------------------------------------------

      Code (inc. data)   RO Data    RW Data    ZI Data      Debug   Library Member Name

         0          0          0          0          0          0   entry.o
         0          0          0          0          0          0   entry10a.o
         0          0          0          0          0          0   entry11a.o
         8          4          0          0          0          0   entry2.o
         4          0          0          0          0          0   entry5.o
         0          0          0          0          0          0   entry7b.o
         0          0          0          0          0          0   entry8b.o
         8          4          0          0          0          0   entry9a.o
        18          0          0          0          0         80   fputc.o
        30          0          0          0          0          0   handlers.o
        36          8          0          0          0         68   init.o
         0          0          0          0          0          0   iusesemip.o
        30          0          0          0          0         68   llshl.o
        32          0          0          0          0         68   llushr.o
      1200         60          0          0          0        504   printf8.o
         0          0          0          0          0          0   semi.o
         0          0          0          4          0          0   stdout.o
        98          0          0          0          0         92   uldiv.o

    ----------------------------------------------------------------------
      1472         76          0          4          0        880   Library Totals
         8          0          0          0          0          0   (incl. Padding)

    ----------------------------------------------------------------------

      Code (inc. data)   RO Data    RW Data    ZI Data      Debug   Library Name

      1464         76          0          4          0        880   mc_w.l

    ----------------------------------------------------------------------
      1472         76          0          4          0        880   Library Totals

    ----------------------------------------------------------------------

==============================================================================


      Code (inc. data)   RO Data    RW Data    ZI Data      Debug   

      5346       1040        274         36        756      68071   Grand Totals
      5346       1040        274         36        756      68071   ELF Image Totals
      5346       1040        274         36          0          0   ROM Totals

==============================================================================

    Total RO  Size (Code + RO Data)                 5620 (   5.49kB)
    Total RW  Size (RW Data + ZI Data)               792 (   0.77kB)
    Total ROM Size (Code + RO Data + RW Data)       5656 (   5.52kB)

==============================================================================

