<html>
<body>
<pre>
<h1>µVision Build Log</h1>
<h2>Project:</h2>
C:\Project\Metering\Firmware\MDK-ARM\Gpio_Output.uvproj
Project File Date:  08/22/2014

<h2>Output:</h2>
Build target 'FLASH'
compiling ApplicatonTask.c...
linking...
Program Size: Code=30872 RO-data=580 RW-data=684 ZI-data=16308  
FromELF: creating hex file...
".\Flash\Gpio_Output.axf" - 0 Errors, 0 Warning(s).
Load "C:\\Project\\Metering\\Firmware\\MDK-ARM\\Flash\\Gpio_Output.axf" 
Load "C:\\Project\\Metering\\Firmware\\MDK-ARM\\Flash\\Gpio_Output.axf" 
Set JLink Project File to "C:\Project\Metering\Firmware\MDK-ARM\JLinkSettings.ini"
* JLink Info: Device "LPC1788" selected (512 KB flash, 64 KB RAM).
 
JLink info:
------------
DLL: V4.42 , compiled Feb  7 2012 21:44:38
Firmware: J-Link ARM V8 compiled Jul 17 2013 11:24:15
Hardware: V8.00
S/N : 805306163 
Feature(s) : RDI,FlashDL,FlashBP,JFlash,GDBFull 
 
* JLink Info: TotalIRLen = 4, IRPrint = 0x01
* JLink Info: Found Cortex-M3 r2p0, Little endian.
* JLink Info: TPIU fitted.
* JLink Info: ETM fitted.
* JLink Info:   FPUnit: 6 code (BP) slots and 2 literal slots
ROMTableAddr = 0xE00FF003
* JLink Info: TotalIRLen = 4, IRPrint = 0x01
* JLink Info: Found Cortex-M3 r2p0, Little endian.
* JLink Info: TPIU fitted.
* JLink Info: ETM fitted.
* JLink Info:   FPUnit: 6 code (BP) slots and 2 literal slots
* JLink Info: Found Cortex-M3 r2p0, Little endian.
* JLink Info: TPIU fitted.
* JLink Info: ETM fitted.
* JLink Info:   FPUnit: 6 code (BP) slots and 2 literal slots
 
Target info:
------------
Device: LPC1788
VTarget = 3.125V
State of Pins: 
TCK: 1, TDI: 0, TDO: 1, TMS: 0, TRES: 1, TRST: 1
Hardware-Breakpoints: 6
Software-Breakpoints: 8192
Watchpoints:          4
JTAG speed: 2000 kHz
 
Erase Done.
Programming Done.
Verify OK.
Build target 'FLASH'
compiling ApplicatonTask.c...
compiling DailyMeterRecord.c...
..\USER\Tasks\src\DailyMeterRecord.c(105): warning:  #177-D: variable "err" was declared but never referenced
..\USER\Tasks\src\DailyMeterRecord.c(123): warning:  #177-D: variable "err" was declared but never referenced
..\USER\Tasks\src\DailyMeterRecord.c(141): warning:  #177-D: variable "err" was declared but never referenced
..\USER\Tasks\src\DailyMeterRecord.c(235): warning:  #550-D: variable "src" was set but never used
compiling LimitAndManageBar.c...
..\USER\Tasks\src\LimitAndManageBar.c(151): warning:  #177-D: variable "err" was declared but never referenced
..\USER\Tasks\src\LimitAndManageBar.c(187): warning:  #177-D: variable "err" was declared but never referenced
..\USER\Tasks\src\LimitAndManageBar.c(205): warning:  #550-D: variable "time" was set but never used
..\USER\Tasks\src\LimitAndManageBar.c(266): warning:  #111-D: statement is unreachable
..\USER\Tasks\src\LimitAndManageBar.c(247): warning:  #177-D: variable "err" was declared but never referenced
..\USER\Tasks\src\LimitAndManageBar.c(248): warning:  #177-D: variable "index" was declared but never referenced
compiling IHD_Task.c...
..\USER\Tasks\src\IHD_Task.c(74): warning:  #177-D: variable "err" was declared but never referenced
..\USER\Tasks\src\IHD_Task.c(123): warning:  #550-D: variable "buff" was set but never used
..\USER\Tasks\src\IHD_Task.c(143): warning:  #550-D: variable "time" was set but never used
..\USER\Tasks\src\IHD_Task.c(186): warning:  #550-D: variable "index" was set but never used
compiling AlarmMangment.c...
..\USER\Tasks\src\AlarmMangment.c(172): warning:  #177-D: variable "err" was declared but never referenced
..\USER\Tasks\src\AlarmMangment.c(173): warning:  #177-D: variable "index" was declared but never referenced
compiling loadprofil_task.c...
..\USER\Tasks\src\loadprofil_task.c(61): warning:  #177-D: variable "err" was declared but never referenced
..\USER\Tasks\src\loadprofil_task.c(79): warning:  #177-D: variable "err" was declared but never referenced
..\USER\Tasks\src\loadprofil_task.c(97): warning:  #177-D: variable "err" was declared but never referenced
..\USER\Tasks\src\loadprofil_task.c(210): warning:  #550-D: variable "src" was set but never used
..\USER\Tasks\src\loadprofil_task.c(27): warning:  #177-D: variable "LoadProfilTime" was declared but never referenced
compiling sourceonoff.c...
..\USER\Tasks\src\sourceonoff.c(121): warning:  #550-D: variable "err" was set but never used
..\USER\Tasks\src\sourceonoff.c(140): warning:  #550-D: variable "err" was set but never used
..\USER\Tasks\src\sourceonoff.c(180): warning:  #550-D: variable "time" was set but never used
..\USER\Tasks\src\sourceonoff.c(222): warning:  #177-D: variable "err" was declared but never referenced
..\USER\Tasks\src\sourceonoff.c(223): warning:  #177-D: variable "index" was declared but never referenced
compiling tariff_task.c...
..\USER\Tasks\src\tariff_task.c(74): warning:  #177-D: variable "err" was declared but never referenced
..\USER\Tasks\src\tariff_task.c(123): warning:  #550-D: variable "buff" was set but never used
..\USER\Tasks\src\tariff_task.c(201): warning:  #550-D: variable "index" was set but never used
compiling dummyTask.c...
..\USER\Tasks\src\dummyTask.c(58): warning:  #550-D: variable "err" was set but never used
..\USER\Tasks\src\dummyTask.c(148): warning:  #177-D: variable "index" was declared but never referenced
compiling RTC_BSP.c...
..\USER\RTC\src\RTC_BSP.c(54): warning:  #550-D: variable "counterIncSt" was set but never used
..\USER\RTC\src\RTC_BSP.c(55): warning:  #177-D: variable "fullTime" was declared but never referenced
..\USER\RTC\src\RTC_BSP.c(172): warning:  #177-D: variable "uart_in" was declared but never referenced
..\USER\RTC\src\RTC_BSP.c(173): warning:  #177-D: variable "tmp" was declared but never referenced
..\USER\RTC\src\RTC_BSP.c(355): warning:  #177-D: variable "TotalDays" was declared but never referenced
linking...
Program Size: Code=30872 RO-data=580 RW-data=684 ZI-data=16308  
FromELF: creating hex file...
".\Flash\Gpio_Output.axf" - 0 Errors, 36 Warning(s).
Build target 'FLASH'
linking...
Program Size: Code=30872 RO-data=580 RW-data=684 ZI-data=16308  
FromELF: creating hex file...
".\Flash\Gpio_Output.axf" - 0 Errors, 0 Warning(s).
Build target 'FLASH'
linking...
Program Size: Code=30872 RO-data=580 RW-data=684 ZI-data=16308  
FromELF: creating hex file...
".\Flash\Gpio_Output.axf" - 0 Errors, 0 Warning(s).
Load "C:\\Project\\Metering\\Firmware\\MDK-ARM\\Flash\\Gpio_Output.axf" 
Set JLink Project File to "C:\Project\Metering\Firmware\MDK-ARM\JLinkSettings.ini"
* JLink Info: Device "LPC1788" selected (512 KB flash, 64 KB RAM).
 
JLink info:
------------
DLL: V4.42 , compiled Feb  7 2012 21:44:38
Firmware: J-Link ARM V8 compiled Jul 17 2013 11:24:15
Hardware: V8.00
S/N : 805306163 
Feature(s) : RDI,FlashDL,FlashBP,JFlash,GDBFull 
 
* JLink Info: TotalIRLen = 4, IRPrint = 0x01
* JLink Info: Found Cortex-M3 r2p0, Little endian.
* JLink Info: TPIU fitted.
* JLink Info: ETM fitted.
* JLink Info:   FPUnit: 6 code (BP) slots and 2 literal slots
ROMTableAddr = 0xE00FF003
* JLink Info: TotalIRLen = 4, IRPrint = 0x01
* JLink Info: Found Cortex-M3 r2p0, Little endian.
* JLink Info: TPIU fitted.
* JLink Info: ETM fitted.
* JLink Info:   FPUnit: 6 code (BP) slots and 2 literal slots
* JLink Info: Found Cortex-M3 r2p0, Little endian.
* JLink Info: TPIU fitted.
* JLink Info: ETM fitted.
* JLink Info:   FPUnit: 6 code (BP) slots and 2 literal slots
 
Target info:
------------
Device: LPC1788
VTarget = 3.131V
State of Pins: 
TCK: 1, TDI: 0, TDO: 1, TMS: 0, TRES: 1, TRST: 1
Hardware-Breakpoints: 6
Software-Breakpoints: 8192
Watchpoints:          4
JTAG speed: 2000 kHz
 
Erase Done.
Programming Done.
Verify OK.
