ARM Linker, 5.03 [Build 76] [MDK-ARM Professional]

==============================================================================

Section Cross References

    startup_lpc177x_8x.o(RESET) refers to startup_lpc177x_8x.o(STACK) for __initial_sp
    startup_lpc177x_8x.o(RESET) refers to startup_lpc177x_8x.o(.text) for Reset_Handler
    startup_lpc177x_8x.o(RESET) refers to os_cpu_a.o(OSKernelschedular) for PendSV_Handler
    startup_lpc177x_8x.o(RESET) refers to os_cpu_c.o(.text) for SysTick_Handler
    startup_lpc177x_8x.o(RESET) refers to rtc_bsp.o(.text) for RTC_IRQHandler
    startup_lpc177x_8x.o(RESET) refers to extit_handeler.o(.text) for EINT0_IRQHandler
    startup_lpc177x_8x.o(RESET) refers to lpc177x_8x_mci.o(.text) for MCI_IRQHandler
    startup_lpc177x_8x.o(RESET) refers to gpio_irqhandler.o(.text) for GPIO_IRQHandler
    startup_lpc177x_8x.o(.text) refers to system_lpc177x_8x.o(.text) for SystemInit
    startup_lpc177x_8x.o(.text) refers to entry.o(.ARM.Collect$$$$00000000) for __main
    system_lpc177x_8x.o(.text) refers to system_lpc177x_8x.o(.data) for SystemCoreClock
    debug_frmwrk.o(.text) refers to lpc177x_8x_uart.o(.text) for UART_Send
    debug_frmwrk.o(.text) refers to debug_frmwrk.o(.constdata) for .constdata
    debug_frmwrk.o(.text) refers to lpc177x_8x_pinsel.o(.text) for PINSEL_ConfigPin
    debug_frmwrk.o(.text) refers to debug_frmwrk.o(.data) for _db_msg
    lpc177x_8x_clkpwr.o(.text) refers to system_lpc177x_8x.o(.text) for SystemCoreClockUpdate
    lpc177x_8x_clkpwr.o(.text) refers to system_lpc177x_8x.o(.data) for SystemCoreClock
    lpc177x_8x_gpdma.o(.text) refers to lpc177x_8x_clkpwr.o(.text) for CLKPWR_ConfigPPWR
    lpc177x_8x_gpdma.o(.text) refers to lpc177x_8x_gpdma.o(.data) for pGPDMACh
    lpc177x_8x_gpdma.o(.text) refers to lpc177x_8x_gpdma.o(.constdata) for GPDMA_LUTPerBurst
    lpc177x_8x_gpio.o(.text) refers to lpc177x_8x_clkpwr.o(.text) for CLKPWR_ConfigPPWR
    lpc177x_8x_i2c.o(.text) refers to lpc177x_8x_clkpwr.o(.text) for CLKPWR_GetCLK
    lpc177x_8x_i2c.o(.text) refers to lpc177x_8x_i2c.o(.bss) for i2cdat
    lpc177x_8x_i2c.o(.text) refers to lpc177x_8x_i2c.o(.data) for I2C_MonitorBufferIndex
    lpc177x_8x_mci.o(.text) refers to lpc177x_8x_gpdma.o(.text) for GPDMA_Setup
    lpc177x_8x_mci.o(.text) refers to lpc177x_8x_mci.o(.data) for fifo_plane
    lpc177x_8x_mci.o(.text) refers to lpc177x_8x_clkpwr.o(.text) for CLKPWR_GetCLK
    lpc177x_8x_mci.o(.text) refers to lpc177x_8x_pinsel.o(.text) for PINSEL_ConfigPin
    lpc177x_8x_mci.o(.text) refers to lpc177x_8x_gpio.o(.text) for GPIO_SetDir
    lpc177x_8x_pwm.o(.text) refers to lpc177x_8x_clkpwr.o(.text) for CLKPWR_ConfigPPWR
    lpc177x_8x_pwm.o(.text) refers to uldiv.o(.text) for __aeabi_uldivmod
    lpc177x_8x_rtc.o(.text) refers to lpc177x_8x_clkpwr.o(.text) for CLKPWR_ConfigPPWR
    lpc177x_8x_ssp.o(.text) refers to lpc177x_8x_clkpwr.o(.text) for CLKPWR_GetCLK
    lpc177x_8x_systick.o(.text) refers to lpc177x_8x_clkpwr.o(.text) for CLKPWR_GetCLK
    lpc177x_8x_systick.o(.text) refers to ffltui.o(.text) for __aeabi_ui2f
    lpc177x_8x_systick.o(.text) refers to cfrcmple.o(.text) for __aeabi_cfrcmple
    lpc177x_8x_uart.o(.text) refers to lpc177x_8x_clkpwr.o(.text) for CLKPWR_GetCLK
    lpc177x_8x_uart.o(.text) refers to uldiv.o(.text) for __aeabi_uldivmod
    main.o(.text) refers to applicatontask.o(.text) for os_initial
    user_bsp.o(.text) refers to lpc177x_8x_gpio.o(.text) for GPIO_Init
    user_bsp.o(.text) refers to lpc177x_8x_gpdma.o(.text) for GPDMA_Init
    user_bsp.o(.text) refers to rtc_bsp.o(.text) for RTC_BSP_Init
    user_bsp.o(.text) refers to lpc177x_8x_exti.o(.text) for EXTI_Init
    user_bsp.o(.text) refers to ade7953_i2c_driver.o(.text) for ADE7953_I2C_Inititial
    os_cpu_a.o(OSKernelschedular) refers to os_core.o(.data) for OSRunning
    os_cpu_c.o(.text) refers to os_tmr.o(.text) for OSTmrSignal
    os_cpu_c.o(.text) refers to os_cpu_a.o(OSKernelschedular) for OS_CPU_SR_Save
    os_cpu_c.o(.text) refers to os_core.o(.text) for OSTimeTick
    os_cpu_c.o(.text) refers to os_cpu_c.o(.data) for OSTmrCtr
    os_cpu_c.o(.text) refers to os_task.o(.text) for OS_TaskReturn
    os_cpu_c.o(.text) refers to os_core.o(.data) for OSIntNesting
    os_core.o(.text) refers to os_cpu_a.o(OSKernelschedular) for OS_CPU_SR_Save
    os_core.o(.text) refers to os_task.o(.text) for OSTaskStkChk
    os_core.o(.text) refers to os_time.o(.text) for OSTimeDly
    os_core.o(.text) refers to os_core.o(.constdata) for OSUnMapTbl
    os_core.o(.text) refers to os_core.o(.data) for OSRdyGrp
    os_core.o(.text) refers to os_core.o(.bss) for OSTCBPrioTbl
    os_core.o(.text) refers to os_cpu_c.o(.text) for OSTaskStatHook
    os_core.o(.text) refers to os_flag.o(.text) for OS_FlagInit
    os_core.o(.text) refers to os_mem.o(.text) for OS_MemInit
    os_core.o(.text) refers to os_q.o(.text) for OS_QInit
    os_core.o(.text) refers to os_tmr.o(.text) for OSTmr_Init
[...]
    entry5.o(.ARM.Collect$$$$00000004) refers to init.o(.text) for __scatterload
    entry9a.o(.ARM.Collect$$$$0000000B) refers to main.o(.text) for main
    entry9b.o(.ARM.Collect$$$$0000000C) refers to main.o(.text) for main
    init.o(.text) refers to entry5.o(.ARM.Collect$$$$00000004) for __main_after_scatterload


==============================================================================

Removing Unused input sections from the image.

    Removing startup_lpc177x_8x.o(HEAP), (4096 bytes).
    Removing system_lpc177x_8x.o(.rev16_text), (4 bytes).
    Removing system_lpc177x_8x.o(.revsh_text), (4 bytes).
    Removing debug_frmwrk.o(.rev16_text), (4 bytes).
    Removing debug_frmwrk.o(.revsh_text), (4 bytes).
    Removing debug_frmwrk.o(.text), (1740 bytes).
    Removing debug_frmwrk.o(.constdata), (89 bytes).
    Removing debug_frmwrk.o(.data), (60 bytes).
    Removing lpc177x_8x_clkpwr.o(.rev16_text), (4 bytes).
    Removing lpc177x_8x_clkpwr.o(.revsh_text), (4 bytes).
    Removing lpc177x_8x_clkpwr.o(.data), (4 bytes).
    Removing lpc177x_8x_exti.o(.rev16_text), (4 bytes).
    Removing lpc177x_8x_exti.o(.revsh_text), (4 bytes).
    Removing lpc177x_8x_gpdma.o(.rev16_text), (4 bytes).
    Removing lpc177x_8x_gpdma.o(.revsh_text), (4 bytes).
    Removing lpc177x_8x_gpio.o(.rev16_text), (4 bytes).
    Removing lpc177x_8x_gpio.o(.revsh_text), (4 bytes).
    Removing lpc177x_8x_i2c.o(.rev16_text), (4 bytes).
    Removing lpc177x_8x_i2c.o(.revsh_text), (4 bytes).
    Removing lpc177x_8x_mci.o(.rev16_text), (4 bytes).
    Removing lpc177x_8x_mci.o(.revsh_text), (4 bytes).
    Removing lpc177x_8x_pinsel.o(.rev16_text), (4 bytes).
    Removing lpc177x_8x_pinsel.o(.revsh_text), (4 bytes).
    Removing lpc177x_8x_pwm.o(.rev16_text), (4 bytes).
    Removing lpc177x_8x_pwm.o(.revsh_text), (4 bytes).
    Removing lpc177x_8x_pwm.o(.text), (1118 bytes).
    Removing lpc177x_8x_rtc.o(.rev16_text), (4 bytes).
    Removing lpc177x_8x_rtc.o(.revsh_text), (4 bytes).
    Removing lpc177x_8x_ssp.o(.rev16_text), (4 bytes).
    Removing lpc177x_8x_ssp.o(.revsh_text), (4 bytes).
    Removing lpc177x_8x_ssp.o(.text), (1012 bytes).
    Removing lpc177x_8x_systick.o(.rev16_text), (4 bytes).
    Removing lpc177x_8x_systick.o(.revsh_text), (4 bytes).
    Removing lpc177x_8x_systick.o(.text), (308 bytes).
    Removing lpc177x_8x_uart.o(.rev16_text), (4 bytes).
    Removing lpc177x_8x_uart.o(.revsh_text), (4 bytes).
    Removing lpc177x_8x_uart.o(.text), (3452 bytes).
    Removing lpc177x_8x_wwdt.o(.rev16_text), (4 bytes).
    Removing lpc177x_8x_wwdt.o(.revsh_text), (4 bytes).
    Removing lpc177x_8x_wwdt.o(.text), (676 bytes).
    Removing main.o(.rev16_text), (4 bytes).
    Removing main.o(.revsh_text), (4 bytes).
    Removing user_bsp.o(.rev16_text), (4 bytes).
    Removing user_bsp.o(.revsh_text), (4 bytes).
    Removing os_dbg.o(.constdata), (2 bytes).
    Removing os_mbox.o(.text), (980 bytes).
    Removing os_mutex.o(.text), (1556 bytes).
    Removing os_apphooks.o(.rev16_text), (4 bytes).
    Removing os_apphooks.o(.revsh_text), (4 bytes).
    Removing applicatontask.o(.rev16_text), (4 bytes).
    Removing applicatontask.o(.revsh_text), (4 bytes).
    Removing dailymeterrecord.o(.rev16_text), (4 bytes).
    Removing dailymeterrecord.o(.revsh_text), (4 bytes).
    Removing dailymeterrecord.o(.text), (368 bytes).
    Removing dailymeterrecord.o(.bss), (352 bytes).
    Removing dailymeterrecord.o(.data), (20 bytes).
    Removing limitandmanagebar.o(.rev16_text), (4 bytes).
    Removing limitandmanagebar.o(.revsh_text), (4 bytes).
    Removing limitandmanagebar.o(.text), (368 bytes).
    Removing limitandmanagebar.o(.bss), (448 bytes).
    Removing ihd_task.o(.rev16_text), (4 bytes).
    Removing ihd_task.o(.revsh_text), (4 bytes).
    Removing ihd_task.o(.text), (228 bytes).
    Removing ihd_task.o(.bss), (256 bytes).
    Removing ihd_task.o(.data), (8 bytes).
    Removing alarmmangment.o(.rev16_text), (4 bytes).
    Removing alarmmangment.o(.revsh_text), (4 bytes).
    Removing loadprofil_task.o(.rev16_text), (4 bytes).
    Removing loadprofil_task.o(.revsh_text), (4 bytes).
    Removing loadprofil_task.o(.text), (296 bytes).
    Removing loadprofil_task.o(.bss), (352 bytes).
    Removing loadprofil_task.o(.data), (19 bytes).
    Removing sourceonoff.o(.rev16_text), (4 bytes).
    Removing sourceonoff.o(.revsh_text), (4 bytes).
    Removing sourceonoff.o(.text), (296 bytes).
    Removing sourceonoff.o(.bss), (256 bytes).
    Removing sourceonoff.o(.data), (2 bytes).
    Removing tariff_task.o(.rev16_text), (4 bytes).
    Removing tariff_task.o(.revsh_text), (4 bytes).
    Removing tariff_task.o(.text), (232 bytes).
    Removing tariff_task.o(.bss), (256 bytes).
    Removing tariff_task.o(.data), (8 bytes).
    Removing dummytask.o(.rev16_text), (4 bytes).
    Removing dummytask.o(.revsh_text), (4 bytes).
    Removing irqhandeltask.o(.rev16_text), (4 bytes).
    Removing irqhandeltask.o(.revsh_text), (4 bytes).
    Removing ssp_driver.o(.rev16_text), (4 bytes).
    Removing ssp_driver.o(.revsh_text), (4 bytes).
    Removing ssp_driver.o(.text), (412 bytes).
    Removing i3c.o(.rev16_text), (4 bytes).
    Removing i3c.o(.revsh_text), (4 bytes).
    Removing i3c.o(.text), (652 bytes).
    Removing osinital.o(.rev16_text), (4 bytes).
    Removing osinital.o(.revsh_text), (4 bytes).
    Removing at45db32.o(.rev16_text), (4 bytes).
    Removing at45db32.o(.revsh_text), (4 bytes).
    Removing at45db32.o(.text), (1454 bytes).
    Removing rtc_bsp.o(.rev16_text), (4 bytes).
    Removing rtc_bsp.o(.revsh_text), (4 bytes).
    Removing ade7953_i2c_driver.o(.rev16_text), (4 bytes).
    Removing ade7953_i2c_driver.o(.revsh_text), (4 bytes).
    Removing ade7953_spi_driver.o(.rev16_text), (4 bytes).
    Removing ade7953_spi_driver.o(.revsh_text), (4 bytes).
    Removing ade7953_spi_driver.o(.text), (320 bytes).
    Removing manipulate.o(.rev16_text), (4 bytes).
    Removing manipulate.o(.revsh_text), (4 bytes).
    Removing diskio.o(.text), (244 bytes).
    Removing ff.o(.text), (12232 bytes).
    Removing ff.o(.bss), (12 bytes).
    Removing ff.o(.constdata), (186 bytes).
    Removing ff.o(.data), (3 bytes).
    Removing filesystem.o(.rev16_text), (4 bytes).
    Removing filesystem.o(.revsh_text), (4 bytes).
    Removing filesystem.o(.text), (328 bytes).
    Removing filesystem.o(.bss), (852 bytes).
    Removing filesystem.o(.constdata), (60 bytes).
    Removing fs_mci.o(.rev16_text), (4 bytes).
    Removing fs_mci.o(.revsh_text), (4 bytes).
    Removing fs_mci.o(.text), (1232 bytes).
    Removing fs_mci.o(.bss), (68 bytes).
    Removing fs_mci.o(.data), (9 bytes).
    Removing rtc_cfg.o(.rev16_text), (4 bytes).
    Removing rtc_cfg.o(.revsh_text), (4 bytes).
    Removing rtc_cfg.o(.text), (100 bytes).
    Removing ccsbcs.o(.text), (128 bytes).
    Removing ccsbcs.o(.constdata), (1216 bytes).
    Removing syscall.o(.text), (24 bytes).
    Removing extit_handeler.o(.rev16_text), (4 bytes).
    Removing extit_handeler.o(.revsh_text), (4 bytes).
    Removing gpio_irqhandler.o(.rev16_text), (4 bytes).
    Removing gpio_irqhandler.o(.revsh_text), (4 bytes).
    Removing ffltui.o(.text), (10 bytes).
    Removing cfrcmple.o(.text), (20 bytes).
    Removing fepilogue.o(.text), (108 bytes).

134 unused section(s) (total 38856 bytes) removed from the image.

==============================================================================

Image Symbol Table

    Local Symbols

    Symbol Name                              Value     Ov Type        Size  Object(Section)

    RESET                                    0x00000000   Section      228  startup_lpc177x_8x.o(RESET)
    ../clib/../cmprslib/zerorunl2.c          0x00000000   Number         0  __dczerorl2.o ABSOLUTE
    ../clib/microlib/division.c              0x00000000   Number         0  uldiv.o ABSOLUTE
    ../clib/microlib/init/entry.s            0x00000000   Number         0  entry10a.o ABSOLUTE
    ../clib/microlib/init/entry.s            0x00000000   Number         0  entry9b.o ABSOLUTE
    ../clib/microlib/init/entry.s            0x00000000   Number         0  entry9a.o ABSOLUTE
    ../clib/microlib/init/entry.s            0x00000000   Number         0  entry8b.o ABSOLUTE
    ../clib/microlib/init/entry.s            0x00000000   Number         0  entry8a.o ABSOLUTE
    ../clib/microlib/init/entry.s            0x00000000   Number         0  entry7b.o ABSOLUTE
    ../clib/microlib/init/entry.s            0x00000000   Number         0  entry7a.o ABSOLUTE
    ../clib/microlib/init/entry.s            0x00000000   Number         0  entry5.o ABSOLUTE
    ../clib/microlib/init/entry.s            0x00000000   Number         0  entry11a.o ABSOLUTE
    ../clib/microlib/init/entry.s            0x00000000   Number         0  entry2.o ABSOLUTE
    ../clib/microlib/init/entry.s            0x00000000   Number         0  entry11b.o ABSOLUTE
    ../clib/microlib/init/entry.s            0x00000000   Number         0  entry10b.o ABSOLUTE
    ../clib/microlib/init/entry.s            0x00000000   Number         0  entry.o ABSOLUTE
    ../clib/microlib/longlong.c              0x00000000   Number         0  llshl.o ABSOLUTE
    ../clib/microlib/longlong.c              0x00000000   Number         0  llushr.o ABSOLUTE
    ../clib/microlib/malloc/malloc.c         0x00000000   Number         0  mallocr.o ABSOLUTE
    ../clib/microlib/malloc/malloc.c         0x00000000   Number         0  mallocra.o ABSOLUTE
    ../clib/microlib/malloc/malloc.c         0x00000000   Number         0  malloca.o ABSOLUTE
    ../clib/microlib/malloc/malloc.c         0x00000000   Number         0  malloc.o ABSOLUTE
    ../clib/microlib/malloc/mvars.c          0x00000000   Number         0  mvars.o ABSOLUTE
    ../clib/microlib/string/memcpy.c         0x00000000   Number         0  memcpya.o ABSOLUTE
    ../clib/microlib/string/memcpy.c         0x00000000   Number         0  memcpyb.o ABSOLUTE
    ../clib/microlib/string/memset.c         0x00000000   Number         0  memseta.o ABSOLUTE
    ../clib/microlib/stubs.s                 0x00000000   Number         0  iusefp.o ABSOLUTE
    ../fplib/microlib/fpepilogue.c           0x00000000   Number         0  fepilogue.o ABSOLUTE
    ../fplib/microlib/fpflt.c                0x00000000   Number         0  ffltui.o ABSOLUTE
    ..\..\Common\lpc177x.lpc178x.library_2012.8.13\Core\Device\NXP\LPC177x_8x\Source\Templates\ARM\startup_LPC177x_8x.s 0x00000000   Number         0  startup_lpc177x_8x.o ABSOLUTE
    ..\..\Common\lpc177x.lpc178x.library_2012.8.13\Core\Device\NXP\LPC177x_8x\Source\Templates\system_LPC177x_8x.c 0x00000000   Number         0  system_lpc177x_8x.o ABSOLUTE
    ..\..\Common\lpc177x.lpc178x.library_2012.8.13\Drivers\source\debug_frmwrk.c 0x00000000   Number         0  debug_frmwrk.o ABSOLUTE
    ..\..\Common\lpc177x.lpc178x.library_2012.8.13\Drivers\source\lpc177x_8x_clkpwr.c 0x00000000   Number         0  lpc177x_8x_clkpwr.o ABSOLUTE
    ..\..\Common\lpc177x.lpc178x.library_2012.8.13\Drivers\source\lpc177x_8x_exti.c 0x00000000   Number         0  lpc177x_8x_exti.o ABSOLUTE
    ..\..\Common\lpc177x.lpc178x.library_2012.8.13\Drivers\source\lpc177x_8x_gpdma.c 0x00000000   Number         0  lpc177x_8x_gpdma.o ABSOLUTE
    ..\..\Common\lpc177x.lpc178x.library_2012.8.13\Drivers\source\lpc177x_8x_gpio.c 0x00000000   Number         0  lpc177x_8x_gpio.o ABSOLUTE
    ..\..\Common\lpc177x.lpc178x.library_2012.8.13\Drivers\source\lpc177x_8x_i2c.c 0x00000000   Number         0  lpc177x_8x_i2c.o ABSOLUTE
    ..\..\Common\lpc177x.lpc178x.library_2012.8.13\Drivers\source\lpc177x_8x_mci.c 0x00000000   Number         0  lpc177x_8x_mci.o ABSOLUTE
    ..\..\Common\lpc177x.lpc178x.library_2012.8.13\Drivers\source\lpc177x_8x_pinsel.c 0x00000000   Number         0  lpc177x_8x_pinsel.o ABSOLUTE
    ..\..\Common\lpc177x.lpc178x.library_2012.8.13\Drivers\source\lpc177x_8x_pwm.c 0x00000000   Number         0  lpc177x_8x_pwm.o ABSOLUTE
    ..\..\Common\lpc177x.lpc178x.library_2012.8.13\Drivers\source\lpc177x_8x_rtc.c 0x00000000   Number         0  lpc177x_8x_rtc.o ABSOLUTE
    ..\..\Common\lpc177x.lpc178x.library_2012.8.13\Drivers\source\lpc177x_8x_ssp.c 0x00000000   Number         0  lpc177x_8x_ssp.o ABSOLUTE
    ..\..\Common\lpc177x.lpc178x.library_2012.8.13\Drivers\source\lpc177x_8x_systick.c 0x00000000   Number         0  lpc177x_8x_systick.o ABSOLUTE
    ..\..\Common\lpc177x.lpc178x.library_2012.8.13\Drivers\source\lpc177x_8x_uart.c 0x00000000   Number         0  lpc177x_8x_uart.o ABSOLUTE
    ..\..\Common\lpc177x.lpc178x.library_2012.8.13\Drivers\source\lpc177x_8x_wwdt.c 0x00000000   Number         0  lpc177x_8x_wwdt.o ABSOLUTE
    ..\USER\ADE7953\src\ADE7953_spi_driver.c 0x00000000   Number         0  ade7953_spi_driver.o ABSOLUTE
    ..\USER\ADE7953\src\ade7953_i2c_driver.c 0x00000000   Number         0  ade7953_i2c_driver.o ABSOLUTE
    ..\USER\Flash-RTC\src\at45db32.c         0x00000000   Number         0  at45db32.o ABSOLUTE
    ..\USER\IRQ_Handeler\src\EXTIT_Handeler.c 0x00000000   Number         0  extit_handeler.o ABSOLUTE
    ..\USER\IRQ_Handeler\src\GPIO_IRQHandler.c 0x00000000   Number         0  gpio_irqhandler.o ABSOLUTE
    ..\USER\RTC\src\RTC_BSP.c                0x00000000   Number         0  rtc_bsp.o ABSOLUTE
    ..\USER\Tasks\src\AlarmMangment.c        0x00000000   Number         0  alarmmangment.o ABSOLUTE
    ..\USER\Tasks\src\ApplicatonTask.c       0x00000000   Number         0  applicatontask.o ABSOLUTE
    ..\USER\Tasks\src\DailyMeterRecord.c     0x00000000   Number         0  dailymeterrecord.o ABSOLUTE
    ..\USER\Tasks\src\IHD_Task.c             0x00000000   Number         0  ihd_task.o ABSOLUTE
    ..\USER\Tasks\src\IRQHandelTask.c        0x00000000   Number         0  irqhandeltask.o ABSOLUTE
    ..\USER\Tasks\src\LimitAndManageBar.c    0x00000000   Number         0  limitandmanagebar.o ABSOLUTE
    ..\USER\Tasks\src\dummyTask.c            0x00000000   Number         0  dummytask.o ABSOLUTE
    ..\USER\Tasks\src\loadprofil_task.c      0x00000000   Number         0  loadprofil_task.o ABSOLUTE
    ..\USER\Tasks\src\sourceonoff.c          0x00000000   Number         0  sourceonoff.o ABSOLUTE
    ..\USER\Tasks\src\tariff_task.c          0x00000000   Number         0  tariff_task.o ABSOLUTE
    ..\USER\User_App\user_bsp.c              0x00000000   Number         0  user_bsp.o ABSOLUTE
    ..\USER\common\src\i3c.c                 0x00000000   Number         0  i3c.o ABSOLUTE
    ..\USER\common\src\osinital.c            0x00000000   Number         0  osinital.o ABSOLUTE
    ..\USER\common\src\ssp_driver.c          0x00000000   Number         0  ssp_driver.o ABSOLUTE
    ..\USER\fatfs\diskio.c                   0x00000000   Number         0  diskio.o ABSOLUTE
    ..\USER\fatfs\ff.c                       0x00000000   Number         0  ff.o ABSOLUTE
    ..\USER\fatfs\filesystem.c               0x00000000   Number         0  filesystem.o ABSOLUTE
    ..\USER\fatfs\fs_mci.c                   0x00000000   Number         0  fs_mci.o ABSOLUTE
    ..\USER\fatfs\option\ccsbcs.c            0x00000000   Number         0  ccsbcs.o ABSOLUTE
    ..\USER\fatfs\option\syscall.c           0x00000000   Number         0  syscall.o ABSOLUTE
    ..\USER\fatfs\rtc_cfg.c                  0x00000000   Number         0  rtc_cfg.o ABSOLUTE
    ..\USER\main.c                           0x00000000   Number         0  main.o ABSOLUTE
    ..\USER\manipulate\manipulate.c          0x00000000   Number         0  manipulate.o ABSOLUTE
    ..\USER\uC-OSII\uCOS-II\Ports\ARM-Cortex-M3\RealView\os_cpu_a.asm 0x00000000   Number         0  os_cpu_a.o ABSOLUTE
    ..\USER\uC-OSII\uCOS-II\Ports\ARM-Cortex-M3\RealView\os_cpu_c.c 0x00000000   Number         0  os_cpu_c.o ABSOLUTE
    ..\USER\uC-OSII\uCOS-II\Ports\ARM-Cortex-M3\RealView\os_dbg.c 0x00000000   Number         0  os_dbg.o ABSOLUTE
    ..\USER\uC-OSII\uCOS-II\Source\os_core.c 0x00000000   Number         0  os_core.o ABSOLUTE
    ..\USER\uC-OSII\uCOS-II\Source\os_flag.c 0x00000000   Number         0  os_flag.o ABSOLUTE
    ..\USER\uC-OSII\uCOS-II\Source\os_mbox.c 0x00000000   Number         0  os_mbox.o ABSOLUTE
    ..\USER\uC-OSII\uCOS-II\Source\os_mem.c  0x00000000   Number         0  os_mem.o ABSOLUTE
    ..\USER\uC-OSII\uCOS-II\Source\os_mutex.c 0x00000000   Number         0  os_mutex.o ABSOLUTE
    ..\USER\uC-OSII\uCOS-II\Source\os_q.c    0x00000000   Number         0  os_q.o ABSOLUTE
    ..\USER\uC-OSII\uCOS-II\Source\os_sem.c  0x00000000   Number         0  os_sem.o ABSOLUTE
    ..\USER\uC-OSII\uCOS-II\Source\os_task.c 0x00000000   Number         0  os_task.o ABSOLUTE
    ..\USER\uC-OSII\uCOS-II\Source\os_time.c 0x00000000   Number         0  os_time.o ABSOLUTE
    ..\USER\uC-OSII\uCOS-II\Source\os_tmr.c  0x00000000   Number         0  os_tmr.o ABSOLUTE
    ..\USER\uC-OSII\ucCos_App\OS_AppHooks.c  0x00000000   Number         0  os_apphooks.o ABSOLUTE
    ..\\..\\Common\\lpc177x.lpc178x.library_2012.8.13\\Core\\Device\\NXP\\LPC177x_8x\\Source\\Templates\\system_LPC177x_8x.c 0x00000000   Number         0  system_lpc177x_8x.o ABSOLUTE
    ..\\..\\Common\\lpc177x.lpc178x.library_2012.8.13\\Drivers\\source\\debug_frmwrk.c 0x00000000   Number         0  debug_frmwrk.o ABSOLUTE
    ..\\..\\Common\\lpc177x.lpc178x.library_2012.8.13\\Drivers\\source\\lpc177x_8x_clkpwr.c 0x00000000   Number         0  lpc177x_8x_clkpwr.o ABSOLUTE
    ..\\..\\Common\\lpc177x.lpc178x.library_2012.8.13\\Drivers\\source\\lpc177x_8x_exti.c 0x00000000   Number         0  lpc177x_8x_exti.o ABSOLUTE
    ..\\..\\Common\\lpc177x.lpc178x.library_2012.8.13\\Drivers\\source\\lpc177x_8x_gpdma.c 0x00000000   Number         0  lpc177x_8x_gpdma.o ABSOLUTE
    ..\\..\\Common\\lpc177x.lpc178x.library_2012.8.13\\Drivers\\source\\lpc177x_8x_gpio.c 0x00000000   Number         0  lpc177x_8x_gpio.o ABSOLUTE
    ..\\..\\Common\\lpc177x.lpc178x.library_2012.8.13\\Drivers\\source\\lpc177x_8x_i2c.c 0x00000000   Number         0  lpc177x_8x_i2c.o ABSOLUTE
    ..\\..\\Common\\lpc177x.lpc178x.library_2012.8.13\\Drivers\\source\\lpc177x_8x_mci.c 0x00000000   Number         0  lpc177x_8x_mci.o ABSOLUTE
    ..\\..\\Common\\lpc177x.lpc178x.library_2012.8.13\\Drivers\\source\\lpc177x_8x_pinsel.c 0x00000000   Number         0  lpc177x_8x_pinsel.o ABSOLUTE
    ..\\..\\Common\\lpc177x.lpc178x.library_2012.8.13\\Drivers\\source\\lpc177x_8x_pwm.c 0x00000000   Number         0  lpc177x_8x_pwm.o ABSOLUTE
    ..\\..\\Common\\lpc177x.lpc178x.library_2012.8.13\\Drivers\\source\\lpc177x_8x_rtc.c 0x00000000   Number         0  lpc177x_8x_rtc.o ABSOLUTE
    ..\\..\\Common\\lpc177x.lpc178x.library_2012.8.13\\Drivers\\source\\lpc177x_8x_ssp.c 0x00000000   Number         0  lpc177x_8x_ssp.o ABSOLUTE
    ..\\..\\Common\\lpc177x.lpc178x.library_2012.8.13\\Drivers\\source\\lpc177x_8x_systick.c 0x00000000   Number         0  lpc177x_8x_systick.o ABSOLUTE
    ..\\..\\Common\\lpc177x.lpc178x.library_2012.8.13\\Drivers\\source\\lpc177x_8x_uart.c 0x00000000   Number         0  lpc177x_8x_uart.o ABSOLUTE
    ..\\..\\Common\\lpc177x.lpc178x.library_2012.8.13\\Drivers\\source\\lpc177x_8x_wwdt.c 0x00000000   Number         0  lpc177x_8x_wwdt.o ABSOLUTE
    ..\\USER\\ADE7953\\src\\ADE7953_spi_driver.c 0x00000000   Number         0  ade7953_spi_driver.o ABSOLUTE
    ..\\USER\\ADE7953\\src\\ade7953_i2c_driver.c 0x00000000   Number         0  ade7953_i2c_driver.o ABSOLUTE
    ..\\USER\\Flash-RTC\\src\\at45db32.c     0x00000000   Number         0  at45db32.o ABSOLUTE
    ..\\USER\\IRQ_Handeler\\src\\EXTIT_Handeler.c 0x00000000   Number         0  extit_handeler.o ABSOLUTE
    ..\\USER\\IRQ_Handeler\\src\\GPIO_IRQHandler.c 0x00000000   Number         0  gpio_irqhandler.o ABSOLUTE
    ..\\USER\\RTC\\src\\RTC_BSP.c            0x00000000   Number         0  rtc_bsp.o ABSOLUTE
    ..\\USER\\Tasks\\src\\AlarmMangment.c    0x00000000   Number         0  alarmmangment.o ABSOLUTE
    ..\\USER\\Tasks\\src\\ApplicatonTask.c   0x00000000   Number         0  applicatontask.o ABSOLUTE
    ..\\USER\\Tasks\\src\\DailyMeterRecord.c 0x00000000   Number         0  dailymeterrecord.o ABSOLUTE
    ..\\USER\\Tasks\\src\\IHD_Task.c         0x00000000   Number         0  ihd_task.o ABSOLUTE
    ..\\USER\\Tasks\\src\\IRQHandelTask.c    0x00000000   Number         0  irqhandeltask.o ABSOLUTE
    ..\\USER\\Tasks\\src\\LimitAndManageBar.c 0x00000000   Number         0  limitandmanagebar.o ABSOLUTE
    ..\\USER\\Tasks\\src\\dummyTask.c        0x00000000   Number         0  dummytask.o ABSOLUTE
    ..\\USER\\Tasks\\src\\loadprofil_task.c  0x00000000   Number         0  loadprofil_task.o ABSOLUTE
    ..\\USER\\Tasks\\src\\sourceonoff.c      0x00000000   Number         0  sourceonoff.o ABSOLUTE
    ..\\USER\\Tasks\\src\\tariff_task.c      0x00000000   Number         0  tariff_task.o ABSOLUTE
    ..\\USER\\User_App\\user_bsp.c           0x00000000   Number         0  user_bsp.o ABSOLUTE
    ..\\USER\\common\\src\\i3c.c             0x00000000   Number         0  i3c.o ABSOLUTE
    ..\\USER\\common\\src\\osinital.c        0x00000000   Number         0  osinital.o ABSOLUTE
    ..\\USER\\common\\src\\ssp_driver.c      0x00000000   Number         0  ssp_driver.o ABSOLUTE
    ..\\USER\\fatfs\\filesystem.c            0x00000000   Number         0  filesystem.o ABSOLUTE
    ..\\USER\\fatfs\\fs_mci.c                0x00000000   Number         0  fs_mci.o ABSOLUTE
    ..\\USER\\fatfs\\rtc_cfg.c               0x00000000   Number         0  rtc_cfg.o ABSOLUTE
    ..\\USER\\main.c                         0x00000000   Number         0  main.o ABSOLUTE
    ..\\USER\\manipulate\\manipulate.c       0x00000000   Number         0  manipulate.o ABSOLUTE
    ..\\USER\\uC-OSII\\ucCos_App\\OS_AppHooks.c 0x00000000   Number         0  os_apphooks.o ABSOLUTE
    cfrcmple.s                               0x00000000   Number         0  cfrcmple.o ABSOLUTE
    dc.s                                     0x00000000   Number         0  dc.o ABSOLUTE
    handlers.s                               0x00000000   Number         0  handlers.o ABSOLUTE
    init.s                                   0x00000000   Number         0  init.o ABSOLUTE
    .ARM.Collect$$$$00000000                 0x000000e4   Section        0  entry.o(.ARM.Collect$$$$00000000)
    .ARM.Collect$$$$00000001                 0x000000e4   Section        4  entry2.o(.ARM.Collect$$$$00000001)
    .ARM.Collect$$$$00000004                 0x000000e8   Section        4  entry5.o(.ARM.Collect$$$$00000004)
    .ARM.Collect$$$$00000008                 0x000000ec   Section        0  entry7b.o(.ARM.Collect$$$$00000008)
    .ARM.Collect$$$$0000000A                 0x000000ec   Section        0  entry8b.o(.ARM.Collect$$$$0000000A)
    .ARM.Collect$$$$0000000B                 0x000000ec   Section        8  entry9a.o(.ARM.Collect$$$$0000000B)
    .ARM.Collect$$$$0000000D                 0x000000f4   Section        0  entry10a.o(.ARM.Collect$$$$0000000D)
    .ARM.Collect$$$$0000000F                 0x000000f4   Section        0  entry11a.o(.ARM.Collect$$$$0000000F)
    .ARM.Collect$$$$00002712                 0x000000f4   Section        4  entry2.o(.ARM.Collect$$$$00002712)
    __lit__00000000                          0x000000f4   Data           4  entry2.o(.ARM.Collect$$$$00002712)
    .text                                    0x000000f8   Section       36  startup_lpc177x_8x.o(.text)
    .text                                    0x0000011c   Section        0  lpc177x_8x_clkpwr.o(.text)
    .text                                    0x00000274   Section        0  main.o(.text)
    .text                                    0x00000298   Section        0  os_apphooks.o(.text)
    .text                                    0x0000029a   Section        0  gpio_irqhandler.o(.text)
    .text                                    0x000002b2   Section        0  memcpya.o(.text)
    .text                                    0x000002d6   Section        0  memseta.o(.text)
    i.__scatterload_null                     0x000002fa   Section        2  handlers.o(i.__scatterload_null)
    .ARM.__at_0x02FC                         0x000002fc   Section        4  startup_lpc177x_8x.o(.ARM.__at_0x02FC)
    .text                                    0x00000300   Section        0  system_lpc177x_8x.o(.text)
    .text                                    0x000006b8   Section        0  lpc177x_8x_exti.o(.text)
    .text                                    0x0000077c   Section        0  lpc177x_8x_gpdma.o(.text)
    .text                                    0x00000b08   Section        0  lpc177x_8x_gpio.o(.text)
    GPIO_GetPointer                          0x00000b09   Thumb Code    58  lpc177x_8x_gpio.o(.text)
    FIO_HalfWordGetPointer                   0x00000b43   Thumb Code    58  lpc177x_8x_gpio.o(.text)
    FIO_ByteGetPointer                       0x00000b7d   Thumb Code    58  lpc177x_8x_gpio.o(.text)
    .text                                    0x00000fa8   Section        0  lpc177x_8x_i2c.o(.text)
    I2C_GetPointer                           0x00000fa9   Thumb Code    34  lpc177x_8x_i2c.o(.text)
    I2C_Start                                0x00000fcb   Thumb Code    30  lpc177x_8x_i2c.o(.text)
    I2C_Stop                                 0x00000fe9   Thumb Code    46  lpc177x_8x_i2c.o(.text)
    I2C_SendByte                             0x00001017   Thumb Code    50  lpc177x_8x_i2c.o(.text)
    I2C_GetByte                              0x00001049   Thumb Code    32  lpc177x_8x_i2c.o(.text)
    I2C_SetClock                             0x00001069   Thumb Code    28  lpc177x_8x_i2c.o(.text)
    .text                                    0x00001904   Section        0  lpc177x_8x_mci.o(.text)
    NVIC_EnableIRQ                           0x00002ae7   Thumb Code    24  lpc177x_8x_mci.o(.text)
    .text                                    0x00002b28   Section        0  lpc177x_8x_pinsel.o(.text)
    PIN_GetPointer                           0x00002b29   Thumb Code    18  lpc177x_8x_pinsel.o(.text)
    .text                                    0x00002f78   Section        0  lpc177x_8x_rtc.o(.text)
    .text                                    0x00003950   Section        0  user_bsp.o(.text)
    NVIC_EnableIRQ                           0x00003a35   Thumb Code    24  user_bsp.o(.text)
    .text                                    0x00003a68   Section        0  os_cpu_c.o(.text)
    .text                                    0x00003b90   Section        0  os_core.o(.text)
    OS_SchedNew                              0x00003bcd   Thumb Code    26  os_core.o(.text)
    OS_InitTaskStat                          0x00004045   Thumb Code    54  os_core.o(.text)
    OS_InitTaskIdle                          0x0000409d   Thumb Code    54  os_core.o(.text)
    OS_InitEventList                         0x000040e5   Thumb Code    76  os_core.o(.text)
    OS_InitTCBList                           0x00004131   Thumb Code   106  os_core.o(.text)
    OS_InitRdyList                           0x0000419b   Thumb Code    44  os_core.o(.text)
    OS_InitMisc                              0x000041c7   Thumb Code    44  os_core.o(.text)
    .text                                    0x000047c4   Section        0  os_flag.o(.text)
    OS_FlagTaskRdy                           0x0000493b   Thumb Code    96  os_flag.o(.text)
    OS_FlagBlock                             0x00004b03   Thumb Code   152  os_flag.o(.text)
    .text                                    0x00004fe0   Section        0  os_mem.o(.text)
    .text                                    0x000051c8   Section        0  os_q.o(.text)
    .text                                    0x000057b8   Section        0  os_sem.o(.text)
    .text                                    0x00005aa0   Section        0  os_task.o(.text)
    .text                                    0x000062d0   Section        0  os_time.o(.text)
    .text                                    0x00006488   Section        0  os_tmr.o(.text)
    OSTmr_Alloc                              0x00006489   Thumb Code    50  os_tmr.o(.text)
    OSTmr_Free                               0x0000651b   Thumb Code    58  os_tmr.o(.text)
    OSTmr_Unlink                             0x00006555   Thumb Code    62  os_tmr.o(.text)
    OSTmr_Link                               0x0000677b   Thumb Code   100  os_tmr.o(.text)
    OSTmr_Task                               0x00006941   Thumb Code   114  os_tmr.o(.text)
    OSTmr_InitTask                           0x000069b3   Thumb Code    52  os_tmr.o(.text)
    .text                                    0x00006abc   Section        0  applicatontask.o(.text)
    App_TaskCreate                           0x00006abd   Thumb Code    16  applicatontask.o(.text)
    App_TaskStart                            0x00006acd   Thumb Code    40  applicatontask.o(.text)
    .text                                    0x00006bcc   Section        0  alarmmangment.o(.text)
    ALARMMNGT_WaitForSignal_RTC              0x00006c01   Thumb Code    28  alarmmangment.o(.text)
    ALARMMNGT_TaskStart                      0x00006c37   Thumb Code   120  alarmmangment.o(.text)
    .text                                    0x00006d34   Section        0  dummytask.o(.text)
    Dummy_TaskStart                          0x00006d89   Thumb Code    18  dummytask.o(.text)
    .text                                    0x00006e00   Section        0  irqhandeltask.o(.text)
    IRQ_TaskStart                            0x00006e01   Thumb Code    46  irqhandeltask.o(.text)
    .text                                    0x00006e94   Section        0  osinital.o(.text)
    .text                                    0x00006f60   Section        0  rtc_bsp.o(.text)
    NVIC_SetPriority                         0x00006f61   Thumb Code    32  rtc_bsp.o(.text)
    SolarLeapCount                           0x000070a5   Thumb Code    42  rtc_bsp.o(.text)
    ChrisLeapCount                           0x000070cf   Thumb Code    42  rtc_bsp.o(.text)
    ChrisLeapYear                            0x000070f9   Thumb Code    38  rtc_bsp.o(.text)
    SolarLeapYear                            0x0000711f   Thumb Code    38  rtc_bsp.o(.text)
    NVIC_EnableIRQ                           0x00007437   Thumb Code    24  rtc_bsp.o(.text)
    NVIC_DisableIRQ                          0x0000744f   Thumb Code    18  rtc_bsp.o(.text)
    .text                                    0x00007464   Section        0  ade7953_i2c_driver.o(.text)
    .text                                    0x0000770c   Section        0  extit_handeler.o(.text)
    NVIC_EnableIRQ                           0x0000780b   Thumb Code    24  extit_handeler.o(.text)
    .text                                    0x00007840   Section       36  init.o(.text)
    .text                                    0x00007864   Section        0  __dczerorl2.o(.text)
    OSKernelschedular                        0x000078c0   Section      160  os_cpu_a.o(OSKernelschedular)
    i.__scatterload_copy                     0x00007960   Section       14  handlers.o(i.__scatterload_copy)
    i.__scatterload_zeroinit                 0x0000796e   Section       14  handlers.o(i.__scatterload_zeroinit)
    .constdata                               0x0000797c   Section       64  lpc177x_8x_gpdma.o(.constdata)
    .constdata                               0x000079bc   Section      256  os_core.o(.constdata)
    .data                                    0x10000000   Section       16  system_lpc177x_8x.o(.data)
    .data                                    0x10000010   Section      160  lpc177x_8x_gpdma.o(.data)
    .data                                    0x100000b0   Section        4  lpc177x_8x_i2c.o(.data)
    I2C_MonitorBufferIndex                   0x100000b0   Data           4  lpc177x_8x_i2c.o(.data)
    .data                                    0x100000b4   Section       52  lpc177x_8x_mci.o(.data)
    .data                                    0x100000e8   Section        2  os_cpu_c.o(.data)
    OSTmrCtr                                 0x100000e8   Data           2  os_cpu_c.o(.data)
    .data                                    0x100000ec   Section       96  os_core.o(.data)
    .data                                    0x1000014c   Section        8  alarmmangment.o(.data)
    msg                                      0x1000014c   Data           8  alarmmangment.o(.data)
    .data                                    0x10000154   Section        1  dummytask.o(.data)
    msg                                      0x10000154   Data           1  dummytask.o(.data)
    .data                                    0x10000158   Section       40  osinital.o(.data)
    .data                                    0x10000180   Section      255  rtc_bsp.o(.data)
    .data                                    0x10000280   Section       12  ade7953_i2c_driver.o(.data)
    ade_irqa                                 0x10000280   Data           8  ade7953_i2c_driver.o(.data)
    .data                                    0x1000028c   Section       32  extit_handeler.o(.data)
    .bss                                     0x100002ac   Section       48  lpc177x_8x_i2c.o(.bss)
    i2cdat                                   0x100002ac   Data          24  lpc177x_8x_i2c.o(.bss)
    I2C_MasterComplete                       0x100002c4   Data          12  lpc177x_8x_i2c.o(.bss)
    I2C_SlaveComplete                        0x100002d0   Data          12  lpc177x_8x_i2c.o(.bss)
    .bss                                     0x100002dc   Section     5816  os_core.o(.bss)
    .bss                                     0x10001994   Section     4096  applicatontask.o(.bss)
    .bss                                     0x10002998   Section      928  alarmmangment.o(.bss)
    time                                     0x10002998   Data          32  alarmmangment.o(.bss)
    .bss                                     0x10002d38   Section      512  dummytask.o(.bss)
    .bss                                     0x10002f38   Section      512  irqhandeltask.o(.bss)
    .bss                                     0x10003138   Section      200  osinital.o(.bss)
    .bss                                     0x10003200   Section       96  rtc_bsp.o(.bss)
    STACK                                    0x10003260   Section     4096  startup_lpc177x_8x.o(STACK)

    Global Symbols

    Symbol Name                              Value     Ov Type        Size  Object(Section)

    BuildAttributes$$THM_ISAv4$P$D$K$B$S$PE$A:L22UL41UL21$X:L11$S22US41US21$IEEE1$IW$USESV6$~STKCKD$USESV7$~SHL$OTIME$ROPI$EBA8$MICROLIB$REQ8$PRES8$EABIv2 0x00000000   Number         0  anon$$obj.o ABSOLUTE
    __ARM_use_no_argv                        0x00000000   Number         0  main.o ABSOLUTE
    __Vectors                                0x00000000   Data           4  startup_lpc177x_8x.o(RESET)
    __cpp_initialize__aeabi_                  - Undefined Weak Reference
    __cxa_finalize                            - Undefined Weak Reference
    _clock_init                               - Undefined Weak Reference
    _microlib_exit                            - Undefined Weak Reference
    __main                                   0x000000e5   Thumb Code     0  entry.o(.ARM.Collect$$$$00000000)
    _main_stk                                0x000000e5   Thumb Code     0  entry2.o(.ARM.Collect$$$$00000001)
    _main_scatterload                        0x000000e9   Thumb Code     0  entry5.o(.ARM.Collect$$$$00000004)
    __main_after_scatterload                 0x000000ed   Thumb Code     0  entry5.o(.ARM.Collect$$$$00000004)
    _main_clock                              0x000000ed   Thumb Code     0  entry7b.o(.ARM.Collect$$$$00000008)
    _main_cpp_init                           0x000000ed   Thumb Code     0  entry8b.o(.ARM.Collect$$$$0000000A)
    _main_init                               0x000000ed   Thumb Code     0  entry9a.o(.ARM.Collect$$$$0000000B)
    __rt_final_cpp                           0x000000f5   Thumb Code     0  entry10a.o(.ARM.Collect$$$$0000000D)
    __rt_final_exit                          0x000000f5   Thumb Code     0  entry11a.o(.ARM.Collect$$$$0000000F)
    Reset_Handler                            0x000000f9   Thumb Code     8  startup_lpc177x_8x.o(.text)
    NMI_Handler                              0x00000101   Thumb Code     2  startup_lpc177x_8x.o(.text)
    HardFault_Handler                        0x00000103   Thumb Code     2  startup_lpc177x_8x.o(.text)
    MemManage_Handler                        0x00000105   Thumb Code     2  startup_lpc177x_8x.o(.text)
    BusFault_Handler                         0x00000107   Thumb Code     2  startup_lpc177x_8x.o(.text)
    UsageFault_Handler                       0x00000109   Thumb Code     2  startup_lpc177x_8x.o(.text)
    SVC_Handler                              0x0000010b   Thumb Code     2  startup_lpc177x_8x.o(.text)
    DebugMon_Handler                         0x0000010d   Thumb Code     2  startup_lpc177x_8x.o(.text)
    ADC_IRQHandler                           0x00000113   Thumb Code     0  startup_lpc177x_8x.o(.text)
    BOD_IRQHandler                           0x00000113   Thumb Code     0  startup_lpc177x_8x.o(.text)
    CANActivity_IRQHandler                   0x00000113   Thumb Code     0  startup_lpc177x_8x.o(.text)
    CAN_IRQHandler                           0x00000113   Thumb Code     0  startup_lpc177x_8x.o(.text)
    DMA_IRQHandler                           0x00000113   Thumb Code     0  startup_lpc177x_8x.o(.text)
    EEPROM_IRQHandler                        0x00000113   Thumb Code     0  startup_lpc177x_8x.o(.text)
    ENET_IRQHandler                          0x00000113   Thumb Code     0  startup_lpc177x_8x.o(.text)
    I2C0_IRQHandler                          0x00000113   Thumb Code     0  startup_lpc177x_8x.o(.text)
    I2C1_IRQHandler                          0x00000113   Thumb Code     0  startup_lpc177x_8x.o(.text)
    I2C2_IRQHandler                          0x00000113   Thumb Code     0  startup_lpc177x_8x.o(.text)
    I2S_IRQHandler                           0x00000113   Thumb Code     0  startup_lpc177x_8x.o(.text)
    LCD_IRQHandler                           0x00000113   Thumb Code     0  startup_lpc177x_8x.o(.text)
    MCPWM_IRQHandler                         0x00000113   Thumb Code     0  startup_lpc177x_8x.o(.text)
    PLL0_IRQHandler                          0x00000113   Thumb Code     0  startup_lpc177x_8x.o(.text)
    PLL1_IRQHandler                          0x00000113   Thumb Code     0  startup_lpc177x_8x.o(.text)
    PWM0_IRQHandler                          0x00000113   Thumb Code     0  startup_lpc177x_8x.o(.text)
    PWM1_IRQHandler                          0x00000113   Thumb Code     0  startup_lpc177x_8x.o(.text)
    QEI_IRQHandler                           0x00000113   Thumb Code     0  startup_lpc177x_8x.o(.text)
    SSP0_IRQHandler                          0x00000113   Thumb Code     0  startup_lpc177x_8x.o(.text)
    SSP1_IRQHandler                          0x00000113   Thumb Code     0  startup_lpc177x_8x.o(.text)
    SSP2_IRQHandler                          0x00000113   Thumb Code     0  startup_lpc177x_8x.o(.text)
    TIMER0_IRQHandler                        0x00000113   Thumb Code     0  startup_lpc177x_8x.o(.text)
    TIMER1_IRQHandler                        0x00000113   Thumb Code     0  startup_lpc177x_8x.o(.text)
    TIMER2_IRQHandler                        0x00000113   Thumb Code     0  startup_lpc177x_8x.o(.text)
    TIMER3_IRQHandler                        0x00000113   Thumb Code     0  startup_lpc177x_8x.o(.text)
    UART0_IRQHandler                         0x00000113   Thumb Code     0  startup_lpc177x_8x.o(.text)
    UART1_IRQHandler                         0x00000113   Thumb Code     0  startup_lpc177x_8x.o(.text)
    UART2_IRQHandler                         0x00000113   Thumb Code     0  startup_lpc177x_8x.o(.text)
    UART3_IRQHandler                         0x00000113   Thumb Code     0  startup_lpc177x_8x.o(.text)
    UART4_IRQHandler                         0x00000113   Thumb Code     0  startup_lpc177x_8x.o(.text)
    USBActivity_IRQHandler                   0x00000113   Thumb Code     0  startup_lpc177x_8x.o(.text)
    USB_IRQHandler                           0x00000113   Thumb Code     0  startup_lpc177x_8x.o(.text)
    WDT_IRQHandler                           0x00000113   Thumb Code     0  startup_lpc177x_8x.o(.text)
    CLKPWR_SetCLKDiv                         0x0000011d   Thumb Code   154  lpc177x_8x_clkpwr.o(.text)
    CLKPWR_GetCLK                            0x000001b7   Thumb Code    46  lpc177x_8x_clkpwr.o(.text)
    CLKPWR_ConfigPPWR                        0x000001e5   Thumb Code    38  lpc177x_8x_clkpwr.o(.text)
    CLKPWR_Sleep                             0x0000020b   Thumb Code    10  lpc177x_8x_clkpwr.o(.text)
    CLKPWR_DeepSleep                         0x00000215   Thumb Code    16  lpc177x_8x_clkpwr.o(.text)
    CLKPWR_PowerDown                         0x00000225   Thumb Code    16  lpc177x_8x_clkpwr.o(.text)
    CLKPWR_DeepPowerDown                     0x00000235   Thumb Code    16  lpc177x_8x_clkpwr.o(.text)
    main                                     0x00000275   Thumb Code    32  main.o(.text)
    OSTaskReturnHook                         0x00000299   Thumb Code     2  os_apphooks.o(.text)
    GPIO_IRQHandler                          0x0000029b   Thumb Code    24  gpio_irqhandler.o(.text)
    __aeabi_memcpy                           0x000002b3   Thumb Code    36  memcpya.o(.text)
    __aeabi_memcpy4                          0x000002b3   Thumb Code     0  memcpya.o(.text)
    __aeabi_memcpy8                          0x000002b3   Thumb Code     0  memcpya.o(.text)
    __aeabi_memset                           0x000002d7   Thumb Code    14  memseta.o(.text)
    __aeabi_memset4                          0x000002d7   Thumb Code     0  memseta.o(.text)
    __aeabi_memset8                          0x000002d7   Thumb Code     0  memseta.o(.text)
    __aeabi_memclr                           0x000002e5   Thumb Code     4  memseta.o(.text)
    __aeabi_memclr4                          0x000002e5   Thumb Code     0  memseta.o(.text)
    __aeabi_memclr8                          0x000002e5   Thumb Code     0  memseta.o(.text)
    _memset$wrapper                          0x000002e9   Thumb Code    18  memseta.o(.text)
    __scatterload_null                       0x000002fb   Thumb Code     2  handlers.o(i.__scatterload_null)
    SystemCoreClockUpdate                    0x00000301   Thumb Code   664  system_lpc177x_8x.o(.text)
    SystemInit                               0x00000599   Thumb Code   204  system_lpc177x_8x.o(.text)
    EXTI_Init                                0x000006b9   Thumb Code    22  lpc177x_8x_exti.o(.text)
    EXTI_DeInit                              0x000006cf   Thumb Code     2  lpc177x_8x_exti.o(.text)
    EXTI_SetPolarity                         0x000006d1   Thumb Code    52  lpc177x_8x_exti.o(.text)
    EXTI_SetMode                             0x00000705   Thumb Code    52  lpc177x_8x_exti.o(.text)
    EXTI_Config                              0x00000739   Thumb Code    28  lpc177x_8x_exti.o(.text)
    EXTI_ClearEXTIFlag                       0x00000755   Thumb Code    24  lpc177x_8x_exti.o(.text)
    GPDMA_Init                               0x0000077d   Thumb Code    58  lpc177x_8x_gpdma.o(.text)
    GPDMA_Setup                              0x000007b7   Thumb Code   592  lpc177x_8x_gpdma.o(.text)
    GPDMA_ChannelCmd                         0x00000a07   Thumb Code    32  lpc177x_8x_gpdma.o(.text)
    GPDMA_IntGetStatus                       0x00000a27   Thumb Code   148  lpc177x_8x_gpdma.o(.text)
    GPDMA_ClearIntPending                    0x00000abb   Thumb Code    26  lpc177x_8x_gpdma.o(.text)
    GPIO_Init                                0x00000bb7   Thumb Code    12  lpc177x_8x_gpio.o(.text)
    GPIO_Deinit                              0x00000bc3   Thumb Code    14  lpc177x_8x_gpio.o(.text)
    GPIO_SetDir                              0x00000bd1   Thumb Code    40  lpc177x_8x_gpio.o(.text)
    GPIO_SetValue                            0x00000bf9   Thumb Code    20  lpc177x_8x_gpio.o(.text)
    GPIO_ClearValue                          0x00000c0d   Thumb Code    20  lpc177x_8x_gpio.o(.text)
    GPIO_OutputValue                         0x00000c21   Thumb Code    30  lpc177x_8x_gpio.o(.text)
    GPIO_ReadValue                           0x00000c3f   Thumb Code    22  lpc177x_8x_gpio.o(.text)
    GPIO_IntCmd                              0x00000c55   Thumb Code    96  lpc177x_8x_gpio.o(.text)
    GPIO_GetIntStatus                        0x00000cb5   Thumb Code    86  lpc177x_8x_gpio.o(.text)
    GPIO_ClearInt                            0x00000d0b   Thumb Code    24  lpc177x_8x_gpio.o(.text)
    FIO_SetDir                               0x00000d23   Thumb Code    20  lpc177x_8x_gpio.o(.text)
    FIO_SetValue                             0x00000d37   Thumb Code    16  lpc177x_8x_gpio.o(.text)
    FIO_ClearValue                           0x00000d47   Thumb Code    16  lpc177x_8x_gpio.o(.text)
    FIO_ReadValue                            0x00000d57   Thumb Code    12  lpc177x_8x_gpio.o(.text)
    FIO_IntCmd                               0x00000d63   Thumb Code    20  lpc177x_8x_gpio.o(.text)
    FIO_GetIntStatus                         0x00000d77   Thumb Code    20  lpc177x_8x_gpio.o(.text)
    FIO_ClearInt                             0x00000d8b   Thumb Code    16  lpc177x_8x_gpio.o(.text)
    FIO_SetMask                              0x00000d9b   Thumb Code    40  lpc177x_8x_gpio.o(.text)
    FIO_HalfWordSetDir                       0x00000dc3   Thumb Code    62  lpc177x_8x_gpio.o(.text)
    FIO_HalfWordSetMask                      0x00000e01   Thumb Code    62  lpc177x_8x_gpio.o(.text)
    FIO_HalfWordSetValue                     0x00000e3f   Thumb Code    32  lpc177x_8x_gpio.o(.text)
    FIO_HalfWordClearValue                   0x00000e5f   Thumb Code    32  lpc177x_8x_gpio.o(.text)
    FIO_HalfWordReadValue                    0x00000e7f   Thumb Code    30  lpc177x_8x_gpio.o(.text)
    FIO_ByteSetDir                           0x00000e9d   Thumb Code    50  lpc177x_8x_gpio.o(.text)
    FIO_ByteSetMask                          0x00000ecf   Thumb Code   116  lpc177x_8x_gpio.o(.text)
    FIO_ByteSetValue                         0x00000f43   Thumb Code    34  lpc177x_8x_gpio.o(.text)
    FIO_ByteClearValue                       0x00000f65   Thumb Code    34  lpc177x_8x_gpio.o(.text)
    FIO_ByteReadValue                        0x00000f87   Thumb Code    32  lpc177x_8x_gpio.o(.text)
    I2C_Init                                 0x00001085   Thumb Code    74  lpc177x_8x_i2c.o(.text)
    I2C_DeInit                               0x000010cf   Thumb Code    60  lpc177x_8x_i2c.o(.text)
    I2C_Cmd                                  0x0000110b   Thumb Code    46  lpc177x_8x_i2c.o(.text)
    I2C_IntCmd                               0x00001139   Thumb Code    88  lpc177x_8x_i2c.o(.text)
    I2C_MasterHanleStates                    0x00001191   Thumb Code   480  lpc177x_8x_i2c.o(.text)
    I2C_SlaveHanleStates                     0x00001371   Thumb Code   350  lpc177x_8x_i2c.o(.text)
    I2C_MasterHandler                        0x000014cf   Thumb Code   146  lpc177x_8x_i2c.o(.text)
    I2C_SlaveHandler                         0x00001561   Thumb Code   150  lpc177x_8x_i2c.o(.text)
    I2C_MasterTransferData                   0x000015f7   Thumb Code   224  lpc177x_8x_i2c.o(.text)
    I2C_SlaveTransferData                    0x000016d7   Thumb Code   210  lpc177x_8x_i2c.o(.text)
    I2C_SetOwnSlaveAddr                      0x000017a9   Thumb Code   106  lpc177x_8x_i2c.o(.text)
    I2C_MonitorModeConfig                    0x00001813   Thumb Code    44  lpc177x_8x_i2c.o(.text)
    I2C_MonitorModeCmd                       0x0000183f   Thumb Code    56  lpc177x_8x_i2c.o(.text)
    I2C_MonitorGetDatabuffer                 0x00001877   Thumb Code    18  lpc177x_8x_i2c.o(.text)
    I2C_MonitorHandler                       0x00001889   Thumb Code    80  lpc177x_8x_i2c.o(.text)
    I2C_MasterTransferComplete               0x000018d9   Thumb Code    18  lpc177x_8x_i2c.o(.text)
    I2C_SlaveTransferComplete                0x000018eb   Thumb Code    18  lpc177x_8x_i2c.o(.text)
    MCI_SettingDma                           0x00001905   Thumb Code    98  lpc177x_8x_mci.o(.text)
    MCI_ReadFifo                             0x00001967   Thumb Code    62  lpc177x_8x_mci.o(.text)
    MCI_WriteFifo                            0x000019a5   Thumb Code    62  lpc177x_8x_mci.o(.text)
    MCI_TXEnable                             0x000019e3   Thumb Code    20  lpc177x_8x_mci.o(.text)
    MCI_TXDisable                            0x000019f7   Thumb Code    20  lpc177x_8x_mci.o(.text)
    MCI_RXEnable                             0x00001a0b   Thumb Code    20  lpc177x_8x_mci.o(.text)
    MCI_RXDisable                            0x00001a1f   Thumb Code    20  lpc177x_8x_mci.o(.text)
    MCI_GetCmdResp                           0x00001a33   Thumb Code   242  lpc177x_8x_mci.o(.text)
    MCI_SendCmd                              0x00001b25   Thumb Code   192  lpc177x_8x_mci.o(.text)
    MCI_CmdResp                              0x00001be5   Thumb Code    48  lpc177x_8x_mci.o(.text)
    MCI_GetCardStatus                        0x00001c15   Thumb Code   126  lpc177x_8x_mci.o(.text)
    MCI_CheckStatus                          0x00001c93   Thumb Code    88  lpc177x_8x_mci.o(.text)
    MCI_CmdProcess                           0x00001ceb   Thumb Code    94  lpc177x_8x_mci.o(.text)
    MCI_DataErrorProcess                     0x00001d49   Thumb Code    78  lpc177x_8x_mci.o(.text)
    MCI_DATA_END_InterruptService            0x00001d97   Thumb Code    58  lpc177x_8x_mci.o(.text)
    MCI_FIFOInterruptService                 0x00001dd1   Thumb Code     2  lpc177x_8x_mci.o(.text)
    MCI_IRQHandler                           0x00001dd3   Thumb Code    62  lpc177x_8x_mci.o(.text)
    MCI_Set_MCIClock                         0x00001e11   Thumb Code    70  lpc177x_8x_mci.o(.text)
    MCI_Cmd_SendACMD                         0x00001e57   Thumb Code   122  lpc177x_8x_mci.o(.text)
    MCI_Acmd_SendBusWidth                    0x00001ed1   Thumb Code   116  lpc177x_8x_mci.o(.text)
    MCI_SetBusWidth                          0x00001f45   Thumb Code    98  lpc177x_8x_mci.o(.text)
    MCI_Cmd_SendOpCond                       0x00001fa7   Thumb Code   102  lpc177x_8x_mci.o(.text)
    MCI_SetOutputMode                        0x0000200d   Thumb Code    44  lpc177x_8x_mci.o(.text)
    MCI_Acmd_SendOpCond                      0x00002039   Thumb Code   144  lpc177x_8x_mci.o(.text)
    MCI_Cmd_SendIfCond                       0x000020c9   Thumb Code   164  lpc177x_8x_mci.o(.text)
    MCI_CardReset                            0x0000216d   Thumb Code    28  lpc177x_8x_mci.o(.text)
    MCI_CardInit                             0x00002189   Thumb Code   160  lpc177x_8x_mci.o(.text)
    MCI_Init                                 0x00002229   Thumb Code   576  lpc177x_8x_mci.o(.text)
    MCI_GetCardType                          0x00002469   Thumb Code     8  lpc177x_8x_mci.o(.text)
    MCI_GetCID                               0x00002471   Thumb Code   154  lpc177x_8x_mci.o(.text)
    MCI_SetCardAddress                       0x0000250b   Thumb Code   200  lpc177x_8x_mci.o(.text)
    MCI_GetCardAddress                       0x000025d3   Thumb Code     6  lpc177x_8x_mci.o(.text)
    MCI_GetCSD                               0x000025d9   Thumb Code   136  lpc177x_8x_mci.o(.text)
    MCI_Cmd_SelectCard                       0x00002661   Thumb Code   206  lpc177x_8x_mci.o(.text)
    MCI_SetBlockLen                          0x0000272f   Thumb Code   110  lpc177x_8x_mci.o(.text)
    MCI_GetDataXferEndState                  0x0000279d   Thumb Code     6  lpc177x_8x_mci.o(.text)
    MCI_GetXferErrState                      0x000027a3   Thumb Code     6  lpc177x_8x_mci.o(.text)
    MCI_Cmd_StopTransmission                 0x000027a9   Thumb Code   148  lpc177x_8x_mci.o(.text)
    MCI_Cmd_WriteBlock                       0x0000283d   Thumb Code   158  lpc177x_8x_mci.o(.text)
    MCI_Cmd_ReadBlock                        0x000028db   Thumb Code   178  lpc177x_8x_mci.o(.text)
    MCI_WriteBlock                           0x0000298d   Thumb Code   160  lpc177x_8x_mci.o(.text)
    MCI_ReadBlock                            0x00002a2d   Thumb Code   160  lpc177x_8x_mci.o(.text)
    MCI_PowerOff                             0x00002acd   Thumb Code    26  lpc177x_8x_mci.o(.text)
    PINSEL_GetPinType                        0x00002b3b   Thumb Code   164  lpc177x_8x_pinsel.o(.text)
    PINSEL_ConfigPin                         0x00002bdf   Thumb Code    66  lpc177x_8x_pinsel.o(.text)
    PINSEL_SetPinMode                        0x00002c21   Thumb Code    82  lpc177x_8x_pinsel.o(.text)
    PINSEL_SetHysMode                        0x00002c73   Thumb Code    78  lpc177x_8x_pinsel.o(.text)
    PINSEL_SetInvertInput                    0x00002cc1   Thumb Code    76  lpc177x_8x_pinsel.o(.text)
    PINSEL_SetSlewMode                       0x00002d0d   Thumb Code    78  lpc177x_8x_pinsel.o(.text)
    PINSEL_SetI2CFilter                      0x00002d5b   Thumb Code    76  lpc177x_8x_pinsel.o(.text)
    PINSEL_SetI2CMode                        0x00002da7   Thumb Code   136  lpc177x_8x_pinsel.o(.text)
    PINSEL_SetOpenDrainMode                  0x00002e2f   Thumb Code    82  lpc177x_8x_pinsel.o(.text)
    PINSEL_SetAnalogPinMode                  0x00002e81   Thumb Code    76  lpc177x_8x_pinsel.o(.text)
    PINSEL_DacEnable                         0x00002ecd   Thumb Code    88  lpc177x_8x_pinsel.o(.text)
    PINSEL_SetFilter                         0x00002f25   Thumb Code    80  lpc177x_8x_pinsel.o(.text)
    RTC_Init                                 0x00002f79   Thumb Code    30  lpc177x_8x_rtc.o(.text)
    RTC_DeInit                               0x00002f97   Thumb Code    20  lpc177x_8x_rtc.o(.text)
    RTC_ResetClockTickCounter                0x00002fab   Thumb Code    18  lpc177x_8x_rtc.o(.text)
    RTC_Cmd                                  0x00002fbd   Thumb Code    24  lpc177x_8x_rtc.o(.text)
    RTC_CntIncrIntConfig                     0x00002fd5   Thumb Code   202  lpc177x_8x_rtc.o(.text)
    RTC_AlarmIntConfig                       0x0000309f   Thumb Code   202  lpc177x_8x_rtc.o(.text)
    RTC_SetTime                              0x00003169   Thumb Code   138  lpc177x_8x_rtc.o(.text)
    RTC_GetTime                              0x000031f3   Thumb Code    98  lpc177x_8x_rtc.o(.text)
    RTC_SetFullTime                          0x00003255   Thumb Code    74  lpc177x_8x_rtc.o(.text)
    RTC_GetFullTime                          0x0000329f   Thumb Code    74  lpc177x_8x_rtc.o(.text)
    RTC_SetAlarmTime                         0x000032e9   Thumb Code   142  lpc177x_8x_rtc.o(.text)
    RTC_GetAlarmTime                         0x00003377   Thumb Code   102  lpc177x_8x_rtc.o(.text)
    RTC_SetFullAlarmTime                     0x000033dd   Thumb Code    74  lpc177x_8x_rtc.o(.text)
    RTC_GetFullAlarmTime                     0x00003427   Thumb Code    74  lpc177x_8x_rtc.o(.text)
    RTC_GetIntPending                        0x00003471   Thumb Code    16  lpc177x_8x_rtc.o(.text)
    RTC_ClearIntPending                      0x00003481   Thumb Code     8  lpc177x_8x_rtc.o(.text)
    RTC_CalibCounterCmd                      0x00003489   Thumb Code    24  lpc177x_8x_rtc.o(.text)
    RTC_CalibConfig                          0x000034a1   Thumb Code    22  lpc177x_8x_rtc.o(.text)
    RTC_WriteGPREG                           0x000034b7   Thumb Code    14  lpc177x_8x_rtc.o(.text)
    RTC_ReadGPREG                            0x000034c5   Thumb Code    16  lpc177x_8x_rtc.o(.text)
    RTC_ER_InitConfigStruct                  0x000034d5   Thumb Code    46  lpc177x_8x_rtc.o(.text)
    RTC_ER_Init                              0x00003503   Thumb Code   430  lpc177x_8x_rtc.o(.text)
    RTC_ER_Cmd                               0x000036b1   Thumb Code   126  lpc177x_8x_rtc.o(.text)
    RTC_ER_GetEventCount                     0x0000372f   Thumb Code    52  lpc177x_8x_rtc.o(.text)
    RTC_ER_GetStatus                         0x00003763   Thumb Code     6  lpc177x_8x_rtc.o(.text)
    RTC_ER_ClearStatus                       0x00003769   Thumb Code    16  lpc177x_8x_rtc.o(.text)
    RTC_ER_WakupReqPending                   0x00003779   Thumb Code    18  lpc177x_8x_rtc.o(.text)
    RTC_ER_GPCleared                         0x0000378b   Thumb Code    18  lpc177x_8x_rtc.o(.text)
    RTC_ER_GetFirstTimeStamp                 0x0000379d   Thumb Code   196  lpc177x_8x_rtc.o(.text)
    RTC_ER_GetLastTimeStamp                  0x00003861   Thumb Code   234  lpc177x_8x_rtc.o(.text)
    BlinkLED                                 0x00003951   Thumb Code     6  user_bsp.o(.text)
    User_BSP_Init                            0x00003957   Thumb Code    96  user_bsp.o(.text)
    GPIO_IntCmdDisable                       0x000039b7   Thumb Code   126  user_bsp.o(.text)
    OSInitHookBegin                          0x00003a69   Thumb Code     8  os_cpu_c.o(.text)
    OSInitHookEnd                            0x00003a71   Thumb Code     2  os_cpu_c.o(.text)
    OSTaskCreateHook                         0x00003a73   Thumb Code     2  os_cpu_c.o(.text)
    OSTaskDelHook                            0x00003a75   Thumb Code     2  os_cpu_c.o(.text)
    OSTaskIdleHook                           0x00003a77   Thumb Code     2  os_cpu_c.o(.text)
    OSTaskStatHook                           0x00003a79   Thumb Code     2  os_cpu_c.o(.text)
    OSTaskStkInit                            0x00003a7b   Thumb Code   152  os_cpu_c.o(.text)
    OSTaskSwHook                             0x00003b13   Thumb Code     2  os_cpu_c.o(.text)
    OSTCBInitHook                            0x00003b15   Thumb Code     2  os_cpu_c.o(.text)
    OSTimeTickHook                           0x00003b17   Thumb Code    30  os_cpu_c.o(.text)
    SysTick_Handler                          0x00003b35   Thumb Code    34  os_cpu_c.o(.text)
    OS_CPU_SysTickInit                       0x00003b57   Thumb Code    42  os_cpu_c.o(.text)
    OS_EventTaskRemoveMulti                  0x00003b91   Thumb Code    60  os_core.o(.text)
    OS_Sched                                 0x00003be7   Thumb Code    88  os_core.o(.text)
    OS_EventTaskWaitMulti                    0x00003c3f   Thumb Code   136  os_core.o(.text)
    OSEventPendMulti                         0x00003cc7   Thumb Code   666  os_core.o(.text)
    OS_TaskStatStkChk                        0x00003f61   Thumb Code    54  os_core.o(.text)
    OS_TaskStat                              0x00003f97   Thumb Code   174  os_core.o(.text)
    OS_TaskIdle                              0x0000407b   Thumb Code    34  os_core.o(.text)
    OS_MemClr                                0x000040d3   Thumb Code    18  os_core.o(.text)
    OSInit                                   0x000041f3   Thumb Code    52  os_core.o(.text)
    OSIntEnter                               0x00004227   Thumb Code    28  os_core.o(.text)
    OSIntExit                                0x00004243   Thumb Code   112  os_core.o(.text)
    OSSchedLock                              0x000042b3   Thumb Code    50  os_core.o(.text)
    OSSchedUnlock                            0x000042e5   Thumb Code    82  os_core.o(.text)
    OSStart                                  0x00004337   Thumb Code    48  os_core.o(.text)
    OSStatInit                               0x00004367   Thumb Code    62  os_core.o(.text)
    OSTimeTick                               0x000043a5   Thumb Code   360  os_core.o(.text)
    OSVersion                                0x0000450d   Thumb Code     6  os_core.o(.text)
    OS_Dummy                                 0x00004513   Thumb Code     2  os_core.o(.text)
    OS_EventTaskRemove                       0x00004515   Thumb Code    42  os_core.o(.text)
    OS_EventTaskRdy                          0x0000453f   Thumb Code   132  os_core.o(.text)
    OS_EventTaskWait                         0x000045c3   Thumb Code   112  os_core.o(.text)
    OS_EventWaitListInit                     0x00004633   Thumb Code    28  os_core.o(.text)
    OS_MemCopy                               0x0000464f   Thumb Code    20  os_core.o(.text)
    OS_StrLen                                0x00004663   Thumb Code    20  os_core.o(.text)
    OS_TCBInit                               0x00004677   Thumb Code   296  os_core.o(.text)
    OSFlagAccept                             0x000047c5   Thumb Code   252  os_flag.o(.text)
    OSFlagCreate                             0x000048c1   Thumb Code    86  os_flag.o(.text)
    OS_FlagUnlink                            0x00004917   Thumb Code    36  os_flag.o(.text)
    OSFlagDel                                0x0000499b   Thumb Code   214  os_flag.o(.text)
    OSFlagNameGet                            0x00004a71   Thumb Code    80  os_flag.o(.text)
    OSFlagNameSet                            0x00004ac1   Thumb Code    66  os_flag.o(.text)
    OSFlagPend                               0x00004b9b   Thumb Code   614  os_flag.o(.text)
    OSFlagPendGetFlagsRdy                    0x00004e01   Thumb Code    26  os_flag.o(.text)
    OSFlagPost                               0x00004e1b   Thumb Code   312  os_flag.o(.text)
    OSFlagQuery                              0x00004f53   Thumb Code    48  os_flag.o(.text)
    OS_FlagInit                              0x00004f83   Thumb Code    80  os_flag.o(.text)
    OSMemCreate                              0x00004fe1   Thumb Code   118  os_mem.o(.text)
    OSMemGet                                 0x00005057   Thumb Code    62  os_mem.o(.text)
    OSMemNameGet                             0x00005095   Thumb Code    60  os_mem.o(.text)
    OSMemNameSet                             0x000050d1   Thumb Code    48  os_mem.o(.text)
    OSMemPut                                 0x00005101   Thumb Code    54  os_mem.o(.text)
    OSMemQuery                               0x00005137   Thumb Code    52  os_mem.o(.text)
    OS_MemInit                               0x0000516b   Thumb Code    76  os_mem.o(.text)
    OSQAccept                                0x000051c9   Thumb Code    88  os_q.o(.text)
    OSQCreate                                0x00005221   Thumb Code   140  os_q.o(.text)
    OSQDel                                   0x000052ad   Thumb Code   236  os_q.o(.text)
    OSQFlush                                 0x00005399   Thumb Code    36  os_q.o(.text)
    OSQPend                                  0x000053bd   Thumb Code   278  os_q.o(.text)
    OSQPendAbort                             0x000054d3   Thumb Code   128  os_q.o(.text)
    OSQPost                                  0x00005553   Thumb Code   114  os_q.o(.text)
    OSQPostFront                             0x000055c5   Thumb Code   138  os_q.o(.text)
    OSQPostOpt                               0x0000564f   Thumb Code   182  os_q.o(.text)
    OSQQuery                                 0x00005705   Thumb Code    98  os_q.o(.text)
    OS_QInit                                 0x00005767   Thumb Code    74  os_q.o(.text)
    OSSemCreate                              0x000057b9   Thumb Code    68  os_sem.o(.text)
    OSSemDel                                 0x000057fd   Thumb Code   200  os_sem.o(.text)
    OSSemPend                                0x000058c5   Thumb Code   228  os_sem.o(.text)
    OSSemPost                                0x000059a9   Thumb Code    88  os_sem.o(.text)
    OSSemQuery                               0x00005a01   Thumb Code    76  os_sem.o(.text)
    OSSemSet                                 0x00005a4d   Thumb Code    66  os_sem.o(.text)
    OSTaskChangePrio                         0x00005aa1   Thumb Code   396  os_task.o(.text)
    OSTaskCreate                             0x00005c2d   Thumb Code   148  os_task.o(.text)
    OS_TaskStkClr                            0x00005cc1   Thumb Code    26  os_task.o(.text)
    OSTaskCreateExt                          0x00005cdb   Thumb Code   170  os_task.o(.text)
    OSTaskDel                                0x00005d85   Thumb Code   352  os_task.o(.text)
    OSTaskDelReq                             0x00005ee5   Thumb Code   100  os_task.o(.text)
    OSTaskNameGet                            0x00005f49   Thumb Code   114  os_task.o(.text)
    OSTaskNameSet                            0x00005fbb   Thumb Code    98  os_task.o(.text)
    OSTaskResume                             0x0000601d   Thumb Code   160  os_task.o(.text)
    OSTaskStkChk                             0x000060bd   Thumb Code   132  os_task.o(.text)
    OSTaskSuspend                            0x00006141   Thumb Code   152  os_task.o(.text)
    OSTaskQuery                              0x000061d9   Thumb Code    82  os_task.o(.text)
    OSTaskRegGet                             0x0000622b   Thumb Code    60  os_task.o(.text)
    OSTaskRegSet                             0x00006267   Thumb Code    62  os_task.o(.text)
    OS_TaskReturn                            0x000062a5   Thumb Code    18  os_task.o(.text)
    OSTimeDly                                0x000062d1   Thumb Code   100  os_time.o(.text)
    OSTimeDlyHMSM                            0x00006335   Thumb Code    86  os_time.o(.text)
    OSTimeDlyResume                          0x0000638b   Thumb Code   176  os_time.o(.text)
    OSTimeGet                                0x0000643b   Thumb Code    24  os_time.o(.text)
    OSTimeSet                                0x00006453   Thumb Code    24  os_time.o(.text)
    OSTmrCreate                              0x000064bb   Thumb Code    96  os_tmr.o(.text)
    OSTmrDel                                 0x00006593   Thumb Code   124  os_tmr.o(.text)
    OSTmrNameGet                             0x0000660f   Thumb Code   114  os_tmr.o(.text)
    OSTmrRemainGet                           0x00006681   Thumb Code   164  os_tmr.o(.text)
    OSTmrStateGet                            0x00006725   Thumb Code    86  os_tmr.o(.text)
    OSTmrStart                               0x000067df   Thumb Code   128  os_tmr.o(.text)
    OSTmrStop                                0x0000685f   Thumb Code   210  os_tmr.o(.text)
    OSTmrSignal                              0x00006931   Thumb Code    16  os_tmr.o(.text)
    OSTmr_Init                               0x000069e7   Thumb Code   152  os_tmr.o(.text)
    os_initial                               0x00006af5   Thumb Code    70  applicatontask.o(.text)
    delay_us                                 0x00006b3b   Thumb Code    26  applicatontask.o(.text)
    delay_ms                                 0x00006b55   Thumb Code    30  applicatontask.o(.text)
    Delay_us                                 0x00006b73   Thumb Code    26  applicatontask.o(.text)
    Delay_ms                                 0x00006b8d   Thumb Code    30  applicatontask.o(.text)
    FaultCode                                0x00006bab   Thumb Code     6  applicatontask.o(.text)
    RTC_IRQ_SendSignal                       0x00006bcd   Thumb Code    52  alarmmangment.o(.text)
    Alarm_MGN                                0x00006c1d   Thumb Code    26  alarmmangment.o(.text)
    ALARMMNGT_initial                        0x00006caf   Thumb Code    92  alarmmangment.o(.text)
    Dummy_SendSingnal                        0x00006d35   Thumb Code    20  dummytask.o(.text)
    Dummy_SetAlarmTime                       0x00006d49   Thumb Code    64  dummytask.o(.text)
    Dummy_initial                            0x00006d9b   Thumb Code    70  dummytask.o(.text)
    IRQ_Task_initial                         0x00006e2f   Thumb Code    72  irqhandeltask.o(.text)
    App_SignalQeueq_Init                     0x00006e95   Thumb Code   124  osinital.o(.text)
    RTC_IRQHandler                           0x00006f81   Thumb Code    86  rtc_bsp.o(.text)
    EVR_initi                                0x00006fd7   Thumb Code    52  rtc_bsp.o(.text)
    RTC_BSP_Init                             0x0000700b   Thumb Code   154  rtc_bsp.o(.text)
    GetWeekday                               0x00007145   Thumb Code    90  rtc_bsp.o(.text)
    ChristianToSolar                         0x0000719f   Thumb Code   268  rtc_bsp.o(.text)
    SolarToChristian                         0x000072ab   Thumb Code   332  rtc_bsp.o(.text)
    RTC_BSP_CompareTime                      0x000073f7   Thumb Code    64  rtc_bsp.o(.text)
    I2C_IRQ                                  0x00007465   Thumb Code    24  ade7953_i2c_driver.o(.text)
    ADE7953_i2c_Read                         0x0000747d   Thumb Code   104  ade7953_i2c_driver.o(.text)
    ADE7953_IRQB_Handler                     0x000074e5   Thumb Code    46  ade7953_i2c_driver.o(.text)
    ADE7953_Reset                            0x00007513   Thumb Code    36  ade7953_i2c_driver.o(.text)
    ADE7953_IRQA_Handler                     0x00007537   Thumb Code    46  ade7953_i2c_driver.o(.text)
    ADE7953_I2C_Inititial                    0x00007565   Thumb Code   304  ade7953_i2c_driver.o(.text)
    ADE7953_i2c_write                        0x00007695   Thumb Code   108  ade7953_i2c_driver.o(.text)
    EINT0_IRQHandler                         0x0000770d   Thumb Code    20  extit_handeler.o(.text)
    EINT1_IRQHandler                         0x00007721   Thumb Code    28  extit_handeler.o(.text)
    EINT2_IRQHandler                         0x0000773d   Thumb Code    28  extit_handeler.o(.text)
    EINT3_IRQHandler                         0x00007759   Thumb Code    28  extit_handeler.o(.text)
    EINT_BSP_Init                            0x00007775   Thumb Code   150  extit_handeler.o(.text)
    __scatterload                            0x00007841   Thumb Code    28  init.o(.text)
    __scatterload_rt2                        0x00007841   Thumb Code     0  init.o(.text)
    __decompress                             0x00007865   Thumb Code     0  __dczerorl2.o(.text)
    __decompress1                            0x00007865   Thumb Code    92  __dczerorl2.o(.text)
    OS_CPU_SR_Save                           0x000078c1   Thumb Code     0  os_cpu_a.o(OSKernelschedular)
    OS_CPU_SR_Restore                        0x000078c9   Thumb Code     0  os_cpu_a.o(OSKernelschedular)
    OSStartHighRdy                           0x000078cf   Thumb Code     0  os_cpu_a.o(OSKernelschedular)
    OSCtxSw                                  0x000078ef   Thumb Code     0  os_cpu_a.o(OSKernelschedular)
    OSIntCtxSw                               0x000078f9   Thumb Code     0  os_cpu_a.o(OSKernelschedular)
    PendSV_Handler                           0x00007903   Thumb Code     0  os_cpu_a.o(OSKernelschedular)
    IntDisAll                                0x0000793b   Thumb Code     0  os_cpu_a.o(OSKernelschedular)
    __scatterload_copy                       0x00007961   Thumb Code    14  handlers.o(i.__scatterload_copy)
    __scatterload_zeroinit                   0x0000796f   Thumb Code    14  handlers.o(i.__scatterload_zeroinit)
    GPDMA_LUTPerBurst                        0x0000797c   Data          32  lpc177x_8x_gpdma.o(.constdata)
    GPDMA_LUTPerWid                          0x0000799c   Data          32  lpc177x_8x_gpdma.o(.constdata)
    OSUnMapTbl                               0x000079bc   Data         256  os_core.o(.constdata)
    Region$$Table$$Base                      0x00007abc   Number         0  anon$$obj.o(Region$$Table)
    Region$$Table$$Limit                     0x00007adc   Number         0  anon$$obj.o(Region$$Table)
    SystemCoreClock                          0x10000000   Data           4  system_lpc177x_8x.o(.data)
    PeripheralClock                          0x10000004   Data           4  system_lpc177x_8x.o(.data)
    EMCClock                                 0x10000008   Data           4  system_lpc177x_8x.o(.data)
    USBClock                                 0x1000000c   Data           4  system_lpc177x_8x.o(.data)
    GPDMA_LUTPerAddr                         0x10000010   Data         128  lpc177x_8x_gpdma.o(.data)
    pGPDMACh                                 0x10000090   Data          32  lpc177x_8x_gpdma.o(.data)
    Mci_Data_Xfer_End                        0x100000b4   Data           4  lpc177x_8x_mci.o(.data)
    Mci_Data_Xfer_ERR                        0x100000b8   Data           4  lpc177x_8x_mci.o(.data)
    fifo_plane                               0x100000bc   Data           1  lpc177x_8x_mci.o(.data)
    dataSrcBlock                             0x100000c0   Data           4  lpc177x_8x_mci.o(.data)
    dataDestBlock                            0x100000c4   Data           4  lpc177x_8x_mci.o(.data)
    txBlockCnt                               0x100000c8   Data           4  lpc177x_8x_mci.o(.data)
    rxBlockCnt                               0x100000cc   Data           4  lpc177x_8x_mci.o(.data)
    CardRCA                                  0x100000d0   Data           4  lpc177x_8x_mci.o(.data)
    CCS                                      0x100000d4   Data           1  lpc177x_8x_mci.o(.data)
    MCI_CardType                             0x100000d5   Data           1  lpc177x_8x_mci.o(.data)
    dmaWrCh_TermianalCnt                     0x100000d8   Data           4  lpc177x_8x_mci.o(.data)
    dmaWrCh_ErrorCnt                         0x100000dc   Data           4  lpc177x_8x_mci.o(.data)
    dmaRdCh_TermianalCnt                     0x100000e0   Data           4  lpc177x_8x_mci.o(.data)
    dmaRdCh_ErrorCnt                         0x100000e4   Data           4  lpc177x_8x_mci.o(.data)
    OSCtxSwCtr                               0x100000ec   Data           4  os_core.o(.data)
    OSEventFreeList                          0x100000f0   Data           4  os_core.o(.data)
    OSFlagFreeList                           0x100000f4   Data           4  os_core.o(.data)
    OSCPUUsage                               0x100000f8   Data           1  os_core.o(.data)
    OSIdleCtrMax                             0x100000fc   Data           4  os_core.o(.data)
    OSIdleCtrRun                             0x10000100   Data           4  os_core.o(.data)
    OSStatRdy                                0x10000104   Data           1  os_core.o(.data)
    OSIntNesting                             0x10000105   Data           1  os_core.o(.data)
    OSLockNesting                            0x10000106   Data           1  os_core.o(.data)
    OSPrioCur                                0x10000107   Data           1  os_core.o(.data)
    OSPrioHighRdy                            0x10000108   Data           1  os_core.o(.data)
    OSRdyGrp                                 0x10000109   Data           1  os_core.o(.data)
    OSRdyTbl                                 0x1000010a   Data           8  os_core.o(.data)
    OSRunning                                0x10000112   Data           1  os_core.o(.data)
    OSTaskCtr                                0x10000113   Data           1  os_core.o(.data)
    OSIdleCtr                                0x10000114   Data           4  os_core.o(.data)
    OSTCBCur                                 0x10000118   Data           4  os_core.o(.data)
    OSTCBFreeList                            0x1000011c   Data           4  os_core.o(.data)
    OSTCBHighRdy                             0x10000120   Data           4  os_core.o(.data)
    OSTCBList                                0x10000124   Data           4  os_core.o(.data)
    OSTickStepState                          0x10000128   Data           1  os_core.o(.data)
    OSMemFreeList                            0x1000012c   Data           4  os_core.o(.data)
    OSQFreeList                              0x10000130   Data           4  os_core.o(.data)
    OSTime                                   0x10000134   Data           4  os_core.o(.data)
    OSTmrFree                                0x10000138   Data           2  os_core.o(.data)
    OSTmrUsed                                0x1000013a   Data           2  os_core.o(.data)
    OSTmrTime                                0x1000013c   Data           4  os_core.o(.data)
    OSTmrSem                                 0x10000140   Data           4  os_core.o(.data)
    OSTmrSemSignal                           0x10000144   Data           4  os_core.o(.data)
    OSTmrFreeList                            0x10000148   Data           4  os_core.o(.data)
    ALARMMNGT_Q                              0x10000158   Data           4  osinital.o(.data)
    RTC_IRQ_Q                                0x1000015c   Data           4  osinital.o(.data)
    dialyMeterQ                              0x10000160   Data           4  osinital.o(.data)
    limitAndManageBarQ                       0x10000164   Data           4  osinital.o(.data)
    IHD_Q                                    0x10000168   Data           4  osinital.o(.data)
    loadProfilQ                              0x1000016c   Data           4  osinital.o(.data)
    srcOnOffQ                                0x10000170   Data           4  osinital.o(.data)
    Tariff_Q                                 0x10000174   Data           4  osinital.o(.data)
    Dummy_Q                                  0x10000178   Data           4  osinital.o(.data)
    IRQ_Q                                    0x1000017c   Data           4  osinital.o(.data)
    SolarLeapYears                           0x10000180   Data          64  rtc_bsp.o(.data)
    ChrisLeapYears                           0x100001c0   Data          60  rtc_bsp.o(.data)
    ChrisEndDay                              0x100001fc   Data          51  rtc_bsp.o(.data)
    SolarEndDay                              0x1000022f   Data          51  rtc_bsp.o(.data)
    ChrisMonthLen                            0x10000262   Data          13  rtc_bsp.o(.data)
    SolarMonthLen                            0x1000026f   Data          13  rtc_bsp.o(.data)
    evt_cnt                                  0x1000027c   Data           3  rtc_bsp.o(.data)
    complete                                 0x10000288   Data           4  ade7953_i2c_driver.o(.data)
    EINT0_msg_p                              0x1000028c   Data           8  extit_handeler.o(.data)
    EINT1_msg_p                              0x10000294   Data           8  extit_handeler.o(.data)
    EINT2_msg_p                              0x1000029c   Data           8  extit_handeler.o(.data)
    EINT3_msg_p                              0x100002a4   Data           8  extit_handeler.o(.data)
    OSEventTbl                               0x100002dc   Data        1000  os_core.o(.bss)
    OSFlagTbl                                0x100006c4   Data         320  os_core.o(.bss)
    OSTaskStatStk                            0x10000804   Data         256  os_core.o(.bss)
    OSTaskIdleStk                            0x10000904   Data         128  os_core.o(.bss)
    OSTCBPrioTbl                             0x10000984   Data         256  os_core.o(.bss)
    OSTCBTbl                                 0x10000a84   Data        1936  os_core.o(.bss)
    OSMemTbl                                 0x10001214   Data         480  os_core.o(.bss)
    OSQTbl                                   0x100013f4   Data         480  os_core.o(.bss)
    OSTmrTbl                                 0x100015d4   Data         640  os_core.o(.bss)
    OSTmrTaskStk                             0x10001854   Data         256  os_core.o(.bss)
    OSTmrWheelTbl                            0x10001954   Data          64  os_core.o(.bss)
    App_TaskStartStk                         0x10001994   Data        4096  applicatontask.o(.bss)
    alarmsTable                              0x100029b8   Data         640  alarmmangment.o(.bss)
    ALARMMNGT_TaskStartStk                   0x10002c38   Data         256  alarmmangment.o(.bss)
    Dummy_TaskStartStk                       0x10002d38   Data         512  dummytask.o(.bss)
    IRQ_TaskStartStk                         0x10002f38   Data         512  irqhandeltask.o(.bss)
    ALARMMNGT_QList                          0x10003138   Data          20  osinital.o(.bss)
    RTC_IRQ_QList                            0x1000314c   Data          20  osinital.o(.bss)
    dialyMeterQList                          0x10003160   Data          20  osinital.o(.bss)
    limitAndManageBarQList                   0x10003174   Data          20  osinital.o(.bss)
    IHD_QList                                0x10003188   Data          20  osinital.o(.bss)
    loadProfilQList                          0x1000319c   Data          20  osinital.o(.bss)
    srcOnOffQList                            0x100031b0   Data          20  osinital.o(.bss)
    Tariff_QList                             0x100031c4   Data          20  osinital.o(.bss)
    Dummy_QList                              0x100031d8   Data          20  osinital.o(.bss)
    IRQ_QList                                0x100031ec   Data          20  osinital.o(.bss)
    FirstTimeStamp                           0x10003200   Data          48  rtc_bsp.o(.bss)
    LastTimeStamp                            0x10003230   Data          48  rtc_bsp.o(.bss)
    __initial_sp                             0x10004260   Data           0  startup_lpc177x_8x.o(STACK)



==============================================================================

Memory Map of the image

  Image Entry point : 0x000000e5

  Load Region LR_IROM1 (Base: 0x00000000, Size: 0x00007d88, Max: 0x00080000, ABSOLUTE, COMPRESSED[0x00007be8])

    Execution Region ER_IROM1 (Base: 0x00000000, Size: 0x00007adc, Max: 0x00080000, ABSOLUTE)

    Base Addr    Size         Type   Attr      Idx    E Section Name        Object

    0x00000000   0x000000e4   Data   RO            3    RESET               startup_lpc177x_8x.o
    0x000000e4   0x00000000   Code   RO         1508  * .ARM.Collect$$$$00000000  mc_w.l(entry.o)
    0x000000e4   0x00000004   Code   RO         1551    .ARM.Collect$$$$00000001  mc_w.l(entry2.o)
    0x000000e8   0x00000004   Code   RO         1554    .ARM.Collect$$$$00000004  mc_w.l(entry5.o)
    0x000000ec   0x00000000   Code   RO         1556    .ARM.Collect$$$$00000008  mc_w.l(entry7b.o)
    0x000000ec   0x00000000   Code   RO         1558    .ARM.Collect$$$$0000000A  mc_w.l(entry8b.o)
    0x000000ec   0x00000008   Code   RO         1559    .ARM.Collect$$$$0000000B  mc_w.l(entry9a.o)
    0x000000f4   0x00000000   Code   RO         1561    .ARM.Collect$$$$0000000D  mc_w.l(entry10a.o)
    0x000000f4   0x00000000   Code   RO         1563    .ARM.Collect$$$$0000000F  mc_w.l(entry11a.o)
    0x000000f4   0x00000004   Code   RO         1552    .ARM.Collect$$$$00002712  mc_w.l(entry2.o)
    0x000000f8   0x00000024   Code   RO            5    .text               startup_lpc177x_8x.o
    0x0000011c   0x00000158   Code   RO           97    .text               lpc177x_8x_clkpwr.o
    0x00000274   0x00000024   Code   RO          535    .text               main.o
    0x00000298   0x00000002   Code   RO          795    .text               os_apphooks.o
    0x0000029a   0x00000018   Code   RO         1487    .text               gpio_irqhandler.o
    0x000002b2   0x00000024   Code   RO         1513    .text               mc_w.l(memcpya.o)
    0x000002d6   0x00000024   Code   RO         1515    .text               mc_w.l(memseta.o)
    0x000002fa   0x00000002   Code   RO         1579    i.__scatterload_null  mc_w.l(handlers.o)
    0x000002fc   0x00000004   Code   RO            4    .ARM.__at_0x02FC    startup_lpc177x_8x.o
    0x00000300   0x000003b8   Code   RO           15    .text               system_lpc177x_8x.o
    0x000006b8   0x000000c4   Code   RO          127    .text               lpc177x_8x_exti.o
    0x0000077c   0x0000038c   Code   RO          150    .text               lpc177x_8x_gpdma.o
    0x00000b08   0x0000049e   Code   RO          177    .text               lpc177x_8x_gpio.o
    0x00000fa6   0x00000002   PAD
    0x00000fa8   0x0000095c   Code   RO          200    .text               lpc177x_8x_i2c.o
    0x00001904   0x00001224   Code   RO          230    .text               lpc177x_8x_mci.o
    0x00002b28   0x00000450   Code   RO          380    .text               lpc177x_8x_pinsel.o
    0x00002f78   0x000009d8   Code   RO          423    .text               lpc177x_8x_rtc.o
    0x00003950   0x00000118   Code   RO          572    .text               user_bsp.o
    0x00003a68   0x00000128   Code   RO          622    .text               os_cpu_c.o
    0x00003b90   0x00000c34   Code   RO          665    .text               os_core.o
    0x000047c4   0x0000081c   Code   RO          685    .text               os_flag.o
    0x00004fe0   0x000001e8   Code   RO          709    .text               os_mem.o
    0x000051c8   0x000005f0   Code   RO          733    .text               os_q.o
    0x000057b8   0x000002e8   Code   RO          745    .text               os_sem.o
    0x00005aa0   0x00000830   Code   RO          757    .text               os_task.o
    0x000062d0   0x000001b8   Code   RO          769    .text               os_time.o
    0x00006488   0x00000634   Code   RO          781    .text               os_tmr.o
    0x00006abc   0x00000110   Code   RO          861    .text               applicatontask.o
    0x00006bcc   0x00000168   Code   RO          983    .text               alarmmangment.o
    0x00006d34   0x000000cc   Code   RO         1079    .text               dummytask.o
    0x00006e00   0x00000094   Code   RO         1103    .text               irqhandeltask.o
    0x00006e94   0x000000cc   Code   RO         1172    .text               osinital.o
    0x00006f60   0x00000504   Code   RO         1222    .text               rtc_bsp.o
    0x00007464   0x000002a8   Code   RO         1250    .text               ade7953_i2c_driver.o
    0x0000770c   0x00000134   Code   RO         1464    .text               extit_handeler.o
    0x00007840   0x00000024   Code   RO         1574    .text               mc_w.l(init.o)
    0x00007864   0x0000005c   Code   RO         1584    .text               mc_w.l(__dczerorl2.o)
    0x000078c0   0x000000a0   Code   RO          619    OSKernelschedular   os_cpu_a.o
    0x00007960   0x0000000e   Code   RO         1578    i.__scatterload_copy  mc_w.l(handlers.o)
    0x0000796e   0x0000000e   Code   RO         1580    i.__scatterload_zeroinit  mc_w.l(handlers.o)
    0x0000797c   0x00000040   Data   RO          151    .constdata          lpc177x_8x_gpdma.o
    0x000079bc   0x00000100   Data   RO          667    .constdata          os_core.o
    0x00007abc   0x00000020   Data   RO         1576    Region$$Table       anon$$obj.o


    Execution Region RW_IRAM1 (Base: 0x10000000, Size: 0x00004260, Max: 0x00010000, ABSOLUTE, COMPRESSED[0x0000010c])

    Base Addr    Size         Type   Attr      Idx    E Section Name        Object

    0x10000000   0x00000010   Data   RW           16    .data               system_lpc177x_8x.o
    0x10000010   0x000000a0   Data   RW          152    .data               lpc177x_8x_gpdma.o
    0x100000b0   0x00000004   Data   RW          202    .data               lpc177x_8x_i2c.o
    0x100000b4   0x00000034   Data   RW          231    .data               lpc177x_8x_mci.o
    0x100000e8   0x00000002   Data   RW          623    .data               os_cpu_c.o
    0x100000ea   0x00000002   PAD
    0x100000ec   0x00000060   Data   RW          668    .data               os_core.o
    0x1000014c   0x00000008   Data   RW          985    .data               alarmmangment.o
    0x10000154   0x00000001   Data   RW         1081    .data               dummytask.o
    0x10000155   0x00000003   PAD
    0x10000158   0x00000028   Data   RW         1174    .data               osinital.o
    0x10000180   0x000000ff   Data   RW         1224    .data               rtc_bsp.o
    0x1000027f   0x00000001   PAD
    0x10000280   0x0000000c   Data   RW         1251    .data               ade7953_i2c_driver.o
    0x1000028c   0x00000020   Data   RW         1465    .data               extit_handeler.o
    0x100002ac   0x00000030   Zero   RW          201    .bss                lpc177x_8x_i2c.o
    0x100002dc   0x000016b8   Zero   RW          666    .bss                os_core.o
    0x10001994   0x00001000   Zero   RW          862    .bss                applicatontask.o
    0x10002994   0x00000004   PAD
    0x10002998   0x000003a0   Zero   RW          984    .bss                alarmmangment.o
    0x10002d38   0x00000200   Zero   RW         1080    .bss                dummytask.o
    0x10002f38   0x00000200   Zero   RW         1104    .bss                irqhandeltask.o
    0x10003138   0x000000c8   Zero   RW         1173    .bss                osinital.o
    0x10003200   0x00000060   Zero   RW         1223    .bss                rtc_bsp.o
    0x10003260   0x00001000   Zero   RW            1    STACK               startup_lpc177x_8x.o


    Execution Region RW_IRAM2 (Base: 0x20000000, Size: 0x00000000, Max: 0x00008000, ABSOLUTE)

    **** No section assigned to this execution region ****


==============================================================================

Image component sizes


      Code (inc. data)   RO Data    RW Data    ZI Data      Debug   Object Name

       680         12          0         12          0       2938   ade7953_i2c_driver.o
       360         42          0          8        928       2126   alarmmangment.o
       272         28          0          0       4096       3438   applicatontask.o
         0          0          0          0          0       3728   debug_frmwrk.o
       204         32          0          1        512       1750   dummytask.o
       308         30          0         32          0       1874   extit_handeler.o
        24          0          0          0          0        450   gpio_irqhandler.o
       148         30          0          0        512       1366   irqhandeltask.o
       344         48          0          0          0       1651   lpc177x_8x_clkpwr.o
       196         16          0          0          0       2809   lpc177x_8x_exti.o
       908         66         64        160          0       7573   lpc177x_8x_gpdma.o
      1182         66          0          0          0      10622   lpc177x_8x_gpio.o
      2396         70          0          4         48      36481   lpc177x_8x_i2c.o
      4644        146          0         52          0      96881   lpc177x_8x_mci.o
      1104         18          0          0          0       6146   lpc177x_8x_pinsel.o
      2520        108          0          0          0      12588   lpc177x_8x_rtc.o
        36          4          0          0          0       6047   main.o
         2          0          0          0          0        443   os_apphooks.o
      3124        252        256         96       5816      17937   os_core.o
       160         28          0          0          0        348   os_cpu_a.o
       296         16          0          2          0      12623   os_cpu_c.o
         0          0          0          0          0       9295   os_dbg.o
      2076         42          0          0          0       6764   os_flag.o
       488         18          0          0          0       3088   os_mem.o
      1520         30          0          0          0       5497   os_q.o
       744         18          0          0          0       3063   os_sem.o
      2096         70          0          0          0       7553   os_task.o
       440         30          0          0          0       1754   os_time.o
      1588         92          0          0          0       5493   os_tmr.o
       204         80          0         40        200       1877   osinital.o
      1284         80          0        255         96      28801   rtc_bsp.o
        40         12        228          0       4096       1192   startup_lpc177x_8x.o
       952         84          0         16          0      27859   system_lpc177x_8x.o
       280         28          0          0          0      25875   user_bsp.o

    ----------------------------------------------------------------------
     30622       1596        580        684      16308     357930   Object Totals
         0          0         32          0          0          0   (incl. Generated)
         2          0          0          6          4          0   (incl. Padding)

    ----------------------------------------------------------------------

      Code (inc. data)   RO Data    RW Data    ZI Data      Debug   Library Member Name

        92          0          0          0          0          0   __dczerorl2.o
         0          0          0          0          0          0   entry.o
         0          0          0          0          0          0   entry10a.o
         0          0          0          0          0          0   entry11a.o
         8          4          0          0          0          0   entry2.o
         4          0          0          0          0          0   entry5.o
         0          0          0          0          0          0   entry7b.o
         0          0          0          0          0          0   entry8b.o
         8          4          0          0          0          0   entry9a.o
        30          0          0          0          0          0   handlers.o
        36          8          0          0          0         68   init.o
        36          0          0          0          0         68   memcpya.o
        36          0          0          0          0        108   memseta.o

    ----------------------------------------------------------------------
       250         16          0          0          0        244   Library Totals
         0          0          0          0          0          0   (incl. Padding)

    ----------------------------------------------------------------------

      Code (inc. data)   RO Data    RW Data    ZI Data      Debug   Library Name

       250         16          0          0          0        244   mc_w.l

    ----------------------------------------------------------------------
       250         16          0          0          0        244   Library Totals

    ----------------------------------------------------------------------

==============================================================================


      Code (inc. data)   RO Data    RW Data    ZI Data      Debug   

     30872       1612        580        684      16308     355626   Grand Totals
     30872       1612        580        268      16308     355626   ELF Image Totals (compressed)
     30872       1612        580        268          0          0   ROM Totals

==============================================================================

    Total RO  Size (Code + RO Data)                31452 (  30.71kB)
    Total RW  Size (RW Data + ZI Data)             16992 (  16.59kB)
    Total ROM Size (Code + RO Data + RW Data)      31720 (  30.98kB)

==============================================================================

