<!doctype html public "-//w3c//dtd html 4.0 transitional//en">
<html><head>
<title>Static Call Graph - [.\Flash\Gpio_Output.axf]</title></head>
<body><HR>
<H1>Static Call Graph for image .\Flash\Gpio_Output.axf</H1><HR>
<BR><P>#&#060CALLGRAPH&#062# ARM Linker, 5.03 [Build 76]: Last Updated: Fri Sep 05 20:38:40 2014
<BR><P>
<H3>Maximum Stack Usage =        248 bytes + Unknown(Functions without stacksize, Cycles, Untraceable Function Pointers)</H3><H3>
Call chain for Maximum Stack Depth:</H3>
App_TaskStart &rArr; User_BSP_Init &rArr; ADE7953_I2C_Inititial &rArr; ADE7953_i2c_Read &rArr; I2C_MasterTransferData &rArr; I2C_MasterHanleStates
<P>
<H3>
Functions with no stack information
</H3><UL>
 <LI><a href="#[ba]">OS_CPU_SR_Save</a>
 <LI><a href="#[bb]">OS_CPU_SR_Restore</a>
 <LI><a href="#[e0]">OSStartHighRdy</a>
 <LI><a href="#[c0]">OSCtxSw</a>
 <LI><a href="#[dc]">OSIntCtxSw</a>
 <LI><a href="#[8]">PendSV_Handler</a>
 <LI><a href="#[132]">IntDisAll</a>
</UL>
</UL>
<P>
<H3>
Mutually Recursive functions
</H3> <LI><a href="#[1]">NMI_Handler</a>&nbsp;&nbsp;&nbsp;&rArr;&nbsp;&nbsp;&nbsp;<a href="#[1]">NMI_Handler</a><BR>
 <LI><a href="#[2]">HardFault_Handler</a>&nbsp;&nbsp;&nbsp;&rArr;&nbsp;&nbsp;&nbsp;<a href="#[2]">HardFault_Handler</a><BR>
 <LI><a href="#[3]">MemManage_Handler</a>&nbsp;&nbsp;&nbsp;&rArr;&nbsp;&nbsp;&nbsp;<a href="#[3]">MemManage_Handler</a><BR>
 <LI><a href="#[4]">BusFault_Handler</a>&nbsp;&nbsp;&nbsp;&rArr;&nbsp;&nbsp;&nbsp;<a href="#[4]">BusFault_Handler</a><BR>
 <LI><a href="#[5]">UsageFault_Handler</a>&nbsp;&nbsp;&nbsp;&rArr;&nbsp;&nbsp;&nbsp;<a href="#[5]">UsageFault_Handler</a><BR>
 <LI><a href="#[6]">SVC_Handler</a>&nbsp;&nbsp;&nbsp;&rArr;&nbsp;&nbsp;&nbsp;<a href="#[6]">SVC_Handler</a><BR>
 <LI><a href="#[7]">DebugMon_Handler</a>&nbsp;&nbsp;&nbsp;&rArr;&nbsp;&nbsp;&nbsp;<a href="#[7]">DebugMon_Handler</a><BR>
 <LI><a href="#[1f]">ADC_IRQHandler</a>&nbsp;&nbsp;&nbsp;&rArr;&nbsp;&nbsp;&nbsp;<a href="#[1f]">ADC_IRQHandler</a><BR>
</UL>
<P>
<H3>
Function Pointers
</H3><UL>
 <LI><a href="#[1f]">ADC_IRQHandler</a> from startup_lpc177x_8x.o(.text) referenced from startup_lpc177x_8x.o(RESET)
 <LI><a href="#[170]">ADE7953_IRQA_Handler</a> from ade7953_i2c_driver.o(.text) referenced from ade7953_i2c_driver.o(.text)
 <LI><a href="#[16f]">ADE7953_IRQB_Handler</a> from ade7953_i2c_driver.o(.text) referenced from ade7953_i2c_driver.o(.text)
 <LI><a href="#[38]">ALARMMNGT_TaskStart</a> from alarmmangment.o(.text) referenced from alarmmangment.o(.text)
 <LI><a href="#[37]">App_TaskStart</a> from applicatontask.o(.text) referenced from applicatontask.o(.text)
 <LI><a href="#[20]">BOD_IRQHandler</a> from startup_lpc177x_8x.o(.text) referenced from startup_lpc177x_8x.o(RESET)
 <LI><a href="#[4]">BusFault_Handler</a> from startup_lpc177x_8x.o(.text) referenced from startup_lpc177x_8x.o(RESET)
 <LI><a href="#[2b]">CANActivity_IRQHandler</a> from startup_lpc177x_8x.o(.text) referenced from startup_lpc177x_8x.o(RESET)
 <LI><a href="#[22]">CAN_IRQHandler</a> from startup_lpc177x_8x.o(.text) referenced from startup_lpc177x_8x.o(RESET)
 <LI><a href="#[23]">DMA_IRQHandler</a> from startup_lpc177x_8x.o(.text) referenced from startup_lpc177x_8x.o(RESET)
 <LI><a href="#[7]">DebugMon_Handler</a> from startup_lpc177x_8x.o(.text) referenced from startup_lpc177x_8x.o(RESET)
 <LI><a href="#[149]">Dummy_SendSingnal</a> from dummytask.o(.text) referenced from dummytask.o(.text)
 <LI><a href="#[3a]">Dummy_TaskStart</a> from dummytask.o(.text) referenced from dummytask.o(.text)
 <LI><a href="#[31]">EEPROM_IRQHandler</a> from startup_lpc177x_8x.o(.text) referenced from startup_lpc177x_8x.o(RESET)
 <LI><a href="#[1b]">EINT0_IRQHandler</a> from extit_handeler.o(.text) referenced from startup_lpc177x_8x.o(RESET)
 <LI><a href="#[1c]">EINT1_IRQHandler</a> from extit_handeler.o(.text) referenced from startup_lpc177x_8x.o(RESET)
 <LI><a href="#[1d]">EINT2_IRQHandler</a> from extit_handeler.o(.text) referenced from startup_lpc177x_8x.o(RESET)
 <LI><a href="#[1e]">EINT3_IRQHandler</a> from extit_handeler.o(.text) referenced from startup_lpc177x_8x.o(RESET)
 <LI><a href="#[25]">ENET_IRQHandler</a> from startup_lpc177x_8x.o(.text) referenced from startup_lpc177x_8x.o(RESET)
 <LI><a href="#[2f]">GPIO_IRQHandler</a> from gpio_irqhandler.o(.text) referenced from startup_lpc177x_8x.o(RESET)
 <LI><a href="#[2]">HardFault_Handler</a> from startup_lpc177x_8x.o(.text) referenced from startup_lpc177x_8x.o(RESET)
 <LI><a href="#[14]">I2C0_IRQHandler</a> from startup_lpc177x_8x.o(.text) referenced from startup_lpc177x_8x.o(RESET)
 <LI><a href="#[15]">I2C1_IRQHandler</a> from startup_lpc177x_8x.o(.text) referenced from startup_lpc177x_8x.o(RESET)
 <LI><a href="#[16]">I2C2_IRQHandler</a> from startup_lpc177x_8x.o(.text) referenced from startup_lpc177x_8x.o(RESET)
 <LI><a href="#[24]">I2S_IRQHandler</a> from startup_lpc177x_8x.o(.text) referenced from startup_lpc177x_8x.o(RESET)
 <LI><a href="#[3b]">IRQ_TaskStart</a> from irqhandeltask.o(.text) referenced from irqhandeltask.o(.text)
 <LI><a href="#[2e]">LCD_IRQHandler</a> from startup_lpc177x_8x.o(.text) referenced from startup_lpc177x_8x.o(RESET)
 <LI><a href="#[26]">MCI_IRQHandler</a> from lpc177x_8x_mci.o(.text) referenced from startup_lpc177x_8x.o(RESET)
 <LI><a href="#[27]">MCPWM_IRQHandler</a> from startup_lpc177x_8x.o(.text) referenced from startup_lpc177x_8x.o(RESET)
 <LI><a href="#[3]">MemManage_Handler</a> from startup_lpc177x_8x.o(.text) referenced from startup_lpc177x_8x.o(RESET)
 <LI><a href="#[1]">NMI_Handler</a> from startup_lpc177x_8x.o(.text) referenced from startup_lpc177x_8x.o(RESET)
 <LI><a href="#[36]">OSTmr_Task</a> from os_tmr.o(.text) referenced from os_tmr.o(.text)
 <LI><a href="#[cd]">OS_TaskIdle</a> from os_core.o(.text) referenced from os_core.o(.text)
 <LI><a href="#[35]">OS_TaskReturn</a> from os_task.o(.text) referenced from os_cpu_c.o(.text)
 <LI><a href="#[c6]">OS_TaskStat</a> from os_core.o(.text) referenced from os_core.o(.text)
 <LI><a href="#[19]">PLL0_IRQHandler</a> from startup_lpc177x_8x.o(.text) referenced from startup_lpc177x_8x.o(RESET)
 <LI><a href="#[29]">PLL1_IRQHandler</a> from startup_lpc177x_8x.o(.text) referenced from startup_lpc177x_8x.o(RESET)
 <LI><a href="#[30]">PWM0_IRQHandler</a> from startup_lpc177x_8x.o(.text) referenced from startup_lpc177x_8x.o(RESET)
 <LI><a href="#[13]">PWM1_IRQHandler</a> from startup_lpc177x_8x.o(.text) referenced from startup_lpc177x_8x.o(RESET)
 <LI><a href="#[8]">PendSV_Handler</a> from os_cpu_a.o(OSKernelschedular) referenced from startup_lpc177x_8x.o(RESET)
 <LI><a href="#[28]">QEI_IRQHandler</a> from startup_lpc177x_8x.o(.text) referenced from startup_lpc177x_8x.o(RESET)
 <LI><a href="#[1a]">RTC_IRQHandler</a> from rtc_bsp.o(.text) referenced from startup_lpc177x_8x.o(RESET)
 <LI><a href="#[0]">Reset_Handler</a> from startup_lpc177x_8x.o(.text) referenced from startup_lpc177x_8x.o(RESET)
 <LI><a href="#[17]">SSP0_IRQHandler</a> from startup_lpc177x_8x.o(.text) referenced from startup_lpc177x_8x.o(RESET)
 <LI><a href="#[18]">SSP1_IRQHandler</a> from startup_lpc177x_8x.o(.text) referenced from startup_lpc177x_8x.o(RESET)
 <LI><a href="#[2d]">SSP2_IRQHandler</a> from startup_lpc177x_8x.o(.text) referenced from startup_lpc177x_8x.o(RESET)
 <LI><a href="#[6]">SVC_Handler</a> from startup_lpc177x_8x.o(.text) referenced from startup_lpc177x_8x.o(RESET)
 <LI><a href="#[9]">SysTick_Handler</a> from os_cpu_c.o(.text) referenced from startup_lpc177x_8x.o(RESET)
 <LI><a href="#[33]">SystemInit</a> from system_lpc177x_8x.o(.text) referenced from startup_lpc177x_8x.o(.text)
 <LI><a href="#[b]">TIMER0_IRQHandler</a> from startup_lpc177x_8x.o(.text) referenced from startup_lpc177x_8x.o(RESET)
 <LI><a href="#[c]">TIMER1_IRQHandler</a> from startup_lpc177x_8x.o(.text) referenced from startup_lpc177x_8x.o(RESET)
 <LI><a href="#[d]">TIMER2_IRQHandler</a> from startup_lpc177x_8x.o(.text) referenced from startup_lpc177x_8x.o(RESET)
 <LI><a href="#[e]">TIMER3_IRQHandler</a> from startup_lpc177x_8x.o(.text) referenced from startup_lpc177x_8x.o(RESET)
 <LI><a href="#[143]">Tariff_RTC_SendSignal</a> from tariff_task.o(.text) referenced 2 times from tariff_task.o(.text)
 <LI><a href="#[39]">Tariff_TaskStart</a> from tariff_task.o(.text) referenced from tariff_task.o(.text)
 <LI><a href="#[f]">UART0_IRQHandler</a> from startup_lpc177x_8x.o(.text) referenced from startup_lpc177x_8x.o(RESET)
 <LI><a href="#[10]">UART1_IRQHandler</a> from startup_lpc177x_8x.o(.text) referenced from startup_lpc177x_8x.o(RESET)
 <LI><a href="#[11]">UART2_IRQHandler</a> from startup_lpc177x_8x.o(.text) referenced from startup_lpc177x_8x.o(RESET)
 <LI><a href="#[12]">UART3_IRQHandler</a> from startup_lpc177x_8x.o(.text) referenced from startup_lpc177x_8x.o(RESET)
 <LI><a href="#[2c]">UART4_IRQHandler</a> from startup_lpc177x_8x.o(.text) referenced from startup_lpc177x_8x.o(RESET)
 <LI><a href="#[2a]">USBActivity_IRQHandler</a> from startup_lpc177x_8x.o(.text) referenced from startup_lpc177x_8x.o(RESET)
 <LI><a href="#[21]">USB_IRQHandler</a> from startup_lpc177x_8x.o(.text) referenced from startup_lpc177x_8x.o(RESET)
 <LI><a href="#[5]">UsageFault_Handler</a> from startup_lpc177x_8x.o(.text) referenced from startup_lpc177x_8x.o(RESET)
 <LI><a href="#[a]">WDT_IRQHandler</a> from startup_lpc177x_8x.o(.text) referenced from startup_lpc177x_8x.o(RESET)
 <LI><a href="#[34]">__main</a> from entry.o(.ARM.Collect$$$$00000000) referenced from startup_lpc177x_8x.o(.text)
 <LI><a href="#[32]">main</a> from main.o(.text) referenced from entry9a.o(.ARM.Collect$$$$0000000B)
</UL>
<P>
<H3>
Global Symbols
</H3>
<P><STRONG><a name="[34]"></a>__main</STRONG> (Thumb, 0 bytes, Stack size unknown bytes, entry.o(.ARM.Collect$$$$00000000))
<BR>[Address Reference Count : 1]<UL><LI> startup_lpc177x_8x.o(.text)
</UL>
<P><STRONG><a name="[175]"></a>_main_stk</STRONG> (Thumb, 0 bytes, Stack size unknown bytes, entry2.o(.ARM.Collect$$$$00000001))

<P><STRONG><a name="[3c]"></a>_main_scatterload</STRONG> (Thumb, 0 bytes, Stack size unknown bytes, entry5.o(.ARM.Collect$$$$00000004))
<BR><BR>[Calls]<UL><LI><a href="#[3d]">&gt;&gt;</a>&nbsp;&nbsp;&nbsp;__scatterload
</UL>

<P><STRONG><a name="[174]"></a>__main_after_scatterload</STRONG> (Thumb, 0 bytes, Stack size unknown bytes, entry5.o(.ARM.Collect$$$$00000004))
<BR><BR>[Called By]<UL><LI><a href="#[3d]">&gt;&gt;</a>&nbsp;&nbsp;&nbsp;__scatterload
</UL>

<P><STRONG><a name="[176]"></a>_main_clock</STRONG> (Thumb, 0 bytes, Stack size unknown bytes, entry7b.o(.ARM.Collect$$$$00000008))

<P><STRONG><a name="[177]"></a>_main_cpp_init</STRONG> (Thumb, 0 bytes, Stack size unknown bytes, entry8b.o(.ARM.Collect$$$$0000000A))

<P><STRONG><a name="[178]"></a>_main_init</STRONG> (Thumb, 0 bytes, Stack size unknown bytes, entry9a.o(.ARM.Collect$$$$0000000B))

<P><STRONG><a name="[179]"></a>__rt_final_cpp</STRONG> (Thumb, 0 bytes, Stack size unknown bytes, entry10a.o(.ARM.Collect$$$$0000000D))

<P><STRONG><a name="[17a]"></a>__rt_final_exit</STRONG> (Thumb, 0 bytes, Stack size unknown bytes, entry11a.o(.ARM.Collect$$$$0000000F))

<P><STRONG><a name="[0]"></a>Reset_Handler</STRONG> (Thumb, 8 bytes, Stack size 0 bytes, startup_lpc177x_8x.o(.text))
<BR>[Address Reference Count : 1]<UL><LI> startup_lpc177x_8x.o(RESET)
</UL>
<P><STRONG><a name="[1]"></a>NMI_Handler</STRONG> (Thumb, 2 bytes, Stack size 0 bytes, startup_lpc177x_8x.o(.text))
<BR><BR>[Calls]<UL><LI><a href="#[1]">&gt;&gt;</a>&nbsp;&nbsp;&nbsp;NMI_Handler
</UL>
<BR>[Called By]<UL><LI><a href="#[1]">&gt;&gt;</a>&nbsp;&nbsp;&nbsp;NMI_Handler
</UL>
<BR>[Address Reference Count : 1]<UL><LI> startup_lpc177x_8x.o(RESET)
</UL>
<P><STRONG><a name="[2]"></a>HardFault_Handler</STRONG> (Thumb, 2 bytes, Stack size 0 bytes, startup_lpc177x_8x.o(.text))
<BR><BR>[Calls]<UL><LI><a href="#[2]">&gt;&gt;</a>&nbsp;&nbsp;&nbsp;HardFault_Handler
</UL>
<BR>[Called By]<UL><LI><a href="#[2]">&gt;&gt;</a>&nbsp;&nbsp;&nbsp;HardFault_Handler
</UL>
<BR>[Address Reference Count : 1]<UL><LI> startup_lpc177x_8x.o(RESET)
</UL>
<P><STRONG><a name="[3]"></a>MemManage_Handler</STRONG> (Thumb, 2 bytes, Stack size 0 bytes, startup_lpc177x_8x.o(.text))
<BR><BR>[Calls]<UL><LI><a href="#[3]">&gt;&gt;</a>&nbsp;&nbsp;&nbsp;MemManage_Handler
</UL>
<BR>[Called By]<UL><LI><a href="#[3]">&gt;&gt;</a>&nbsp;&nbsp;&nbsp;MemManage_Handler
</UL>
<BR>[Address Reference Count : 1]<UL><LI> startup_lpc177x_8x.o(RESET)
</UL>
<P><STRONG><a name="[4]"></a>BusFault_Handler</STRONG> (Thumb, 2 bytes, Stack size 0 bytes, startup_lpc177x_8x.o(.text))
<BR><BR>[Calls]<UL><LI><a href="#[4]">&gt;&gt;</a>&nbsp;&nbsp;&nbsp;BusFault_Handler
</UL>
<BR>[Called By]<UL><LI><a href="#[4]">&gt;&gt;</a>&nbsp;&nbsp;&nbsp;BusFault_Handler
</UL>
<BR>[Address Reference Count : 1]<UL><LI> startup_lpc177x_8x.o(RESET)
</UL>
<P><STRONG><a name="[5]"></a>UsageFault_Handler</STRONG> (Thumb, 2 bytes, Stack size 0 bytes, startup_lpc177x_8x.o(.text))
<BR><BR>[Calls]<UL><LI><a href="#[5]">&gt;&gt;</a>&nbsp;&nbsp;&nbsp;UsageFault_Handler
</UL>
<BR>[Called By]<UL><LI><a href="#[5]">&gt;&gt;</a>&nbsp;&nbsp;&nbsp;UsageFault_Handler
</UL>
<BR>[Address Reference Count : 1]<UL><LI> startup_lpc177x_8x.o(RESET)
</UL>
<P><STRONG><a name="[6]"></a>SVC_Handler</STRONG> (Thumb, 2 bytes, Stack size 0 bytes, startup_lpc177x_8x.o(.text))
<BR><BR>[Calls]<UL><LI><a href="#[6]">&gt;&gt;</a>&nbsp;&nbsp;&nbsp;SVC_Handler
</UL>
<BR>[Called By]<UL><LI><a href="#[6]">&gt;&gt;</a>&nbsp;&nbsp;&nbsp;SVC_Handler
</UL>
<BR>[Address Reference Count : 1]<UL><LI> startup_lpc177x_8x.o(RESET)
</UL>
<P><STRONG><a name="[7]"></a>DebugMon_Handler</STRONG> (Thumb, 2 bytes, Stack size 0 bytes, startup_lpc177x_8x.o(.text))
<BR><BR>[Calls]<UL><LI><a href="#[7]">&gt;&gt;</a>&nbsp;&nbsp;&nbsp;DebugMon_Handler
</UL>
<BR>[Called By]<UL><LI><a href="#[7]">&gt;&gt;</a>&nbsp;&nbsp;&nbsp;DebugMon_Handler
</UL>
<BR>[Address Reference Count : 1]<UL><LI> startup_lpc177x_8x.o(RESET)
</UL>
<P><STRONG><a name="[1f]"></a>ADC_IRQHandler</STRONG> (Thumb, 0 bytes, Stack size 0 bytes, startup_lpc177x_8x.o(.text))
<BR><BR>[Calls]<UL><LI><a href="#[1f]">&gt;&gt;</a>&nbsp;&nbsp;&nbsp;ADC_IRQHandler
</UL>
<BR>[Called By]<UL><LI><a href="#[1f]">&gt;&gt;</a>&nbsp;&nbsp;&nbsp;ADC_IRQHandler
</UL>
<BR>[Address Reference Count : 1]<UL><LI> startup_lpc177x_8x.o(RESET)
</UL>
<P><STRONG><a name="[20]"></a>BOD_IRQHandler</STRONG> (Thumb, 0 bytes, Stack size 0 bytes, startup_lpc177x_8x.o(.text))
<BR>[Address Reference Count : 1]<UL><LI> startup_lpc177x_8x.o(RESET)
</UL>
<P><STRONG><a name="[2b]"></a>CANActivity_IRQHandler</STRONG> (Thumb, 0 bytes, Stack size 0 bytes, startup_lpc177x_8x.o(.text))
<BR>[Address Reference Count : 1]<UL><LI> startup_lpc177x_8x.o(RESET)
</UL>
<P><STRONG><a name="[22]"></a>CAN_IRQHandler</STRONG> (Thumb, 0 bytes, Stack size 0 bytes, startup_lpc177x_8x.o(.text))
<BR>[Address Reference Count : 1]<UL><LI> startup_lpc177x_8x.o(RESET)
</UL>
<P><STRONG><a name="[23]"></a>DMA_IRQHandler</STRONG> (Thumb, 0 bytes, Stack size 0 bytes, startup_lpc177x_8x.o(.text))
<BR>[Address Reference Count : 1]<UL><LI> startup_lpc177x_8x.o(RESET)
</UL>
<P><STRONG><a name="[31]"></a>EEPROM_IRQHandler</STRONG> (Thumb, 0 bytes, Stack size 0 bytes, startup_lpc177x_8x.o(.text))
<BR>[Address Reference Count : 1]<UL><LI> startup_lpc177x_8x.o(RESET)
</UL>
<P><STRONG><a name="[25]"></a>ENET_IRQHandler</STRONG> (Thumb, 0 bytes, Stack size 0 bytes, startup_lpc177x_8x.o(.text))
<BR>[Address Reference Count : 1]<UL><LI> startup_lpc177x_8x.o(RESET)
</UL>
<P><STRONG><a name="[14]"></a>I2C0_IRQHandler</STRONG> (Thumb, 0 bytes, Stack size 0 bytes, startup_lpc177x_8x.o(.text))
<BR>[Address Reference Count : 1]<UL><LI> startup_lpc177x_8x.o(RESET)
</UL>
<P><STRONG><a name="[15]"></a>I2C1_IRQHandler</STRONG> (Thumb, 0 bytes, Stack size 0 bytes, startup_lpc177x_8x.o(.text))
<BR>[Address Reference Count : 1]<UL><LI> startup_lpc177x_8x.o(RESET)
</UL>
<P><STRONG><a name="[16]"></a>I2C2_IRQHandler</STRONG> (Thumb, 0 bytes, Stack size 0 bytes, startup_lpc177x_8x.o(.text))
<BR>[Address Reference Count : 1]<UL><LI> startup_lpc177x_8x.o(RESET)
</UL>
<P><STRONG><a name="[24]"></a>I2S_IRQHandler</STRONG> (Thumb, 0 bytes, Stack size 0 bytes, startup_lpc177x_8x.o(.text))
<BR>[Address Reference Count : 1]<UL><LI> startup_lpc177x_8x.o(RESET)
</UL>
<P><STRONG><a name="[2e]"></a>LCD_IRQHandler</STRONG> (Thumb, 0 bytes, Stack size 0 bytes, startup_lpc177x_8x.o(.text))
<BR>[Address Reference Count : 1]<UL><LI> startup_lpc177x_8x.o(RESET)
</UL>
<P><STRONG><a name="[27]"></a>MCPWM_IRQHandler</STRONG> (Thumb, 0 bytes, Stack size 0 bytes, startup_lpc177x_8x.o(.text))
<BR>[Address Reference Count : 1]<UL><LI> startup_lpc177x_8x.o(RESET)
</UL>
<P><STRONG><a name="[19]"></a>PLL0_IRQHandler</STRONG> (Thumb, 0 bytes, Stack size 0 bytes, startup_lpc177x_8x.o(.text))
<BR>[Address Reference Count : 1]<UL><LI> startup_lpc177x_8x.o(RESET)
</UL>
<P><STRONG><a name="[29]"></a>PLL1_IRQHandler</STRONG> (Thumb, 0 bytes, Stack size 0 bytes, startup_lpc177x_8x.o(.text))
<BR>[Address Reference Count : 1]<UL><LI> startup_lpc177x_8x.o(RESET)
</UL>
<P><STRONG><a name="[30]"></a>PWM0_IRQHandler</STRONG> (Thumb, 0 bytes, Stack size 0 bytes, startup_lpc177x_8x.o(.text))
<BR>[Address Reference Count : 1]<UL><LI> startup_lpc177x_8x.o(RESET)
</UL>
<P><STRONG><a name="[13]"></a>PWM1_IRQHandler</STRONG> (Thumb, 0 bytes, Stack size 0 bytes, startup_lpc177x_8x.o(.text))
<BR>[Address Reference Count : 1]<UL><LI> startup_lpc177x_8x.o(RESET)
</UL>
<P><STRONG><a name="[28]"></a>QEI_IRQHandler</STRONG> (Thumb, 0 bytes, Stack size 0 bytes, startup_lpc177x_8x.o(.text))
<BR>[Address Reference Count : 1]<UL><LI> startup_lpc177x_8x.o(RESET)
</UL>
<P><STRONG><a name="[17]"></a>SSP0_IRQHandler</STRONG> (Thumb, 0 bytes, Stack size 0 bytes, startup_lpc177x_8x.o(.text))
<BR>[Address Reference Count : 1]<UL><LI> startup_lpc177x_8x.o(RESET)
</UL>
<P><STRONG><a name="[18]"></a>SSP1_IRQHandler</STRONG> (Thumb, 0 bytes, Stack size 0 bytes, startup_lpc177x_8x.o(.text))
<BR>[Address Reference Count : 1]<UL><LI> startup_lpc177x_8x.o(RESET)
</UL>
<P><STRONG><a name="[2d]"></a>SSP2_IRQHandler</STRONG> (Thumb, 0 bytes, Stack size 0 bytes, startup_lpc177x_8x.o(.text))
<BR>[Address Reference Count : 1]<UL><LI> startup_lpc177x_8x.o(RESET)
</UL>
<P><STRONG><a name="[b]"></a>TIMER0_IRQHandler</STRONG> (Thumb, 0 bytes, Stack size 0 bytes, startup_lpc177x_8x.o(.text))
<BR>[Address Reference Count : 1]<UL><LI> startup_lpc177x_8x.o(RESET)
</UL>
<P><STRONG><a name="[c]"></a>TIMER1_IRQHandler</STRONG> (Thumb, 0 bytes, Stack size 0 bytes, startup_lpc177x_8x.o(.text))
<BR>[Address Reference Count : 1]<UL><LI> startup_lpc177x_8x.o(RESET)
</UL>
<P><STRONG><a name="[d]"></a>TIMER2_IRQHandler</STRONG> (Thumb, 0 bytes, Stack size 0 bytes, startup_lpc177x_8x.o(.text))
<BR>[Address Reference Count : 1]<UL><LI> startup_lpc177x_8x.o(RESET)
</UL>
<P><STRONG><a name="[e]"></a>TIMER3_IRQHandler</STRONG> (Thumb, 0 bytes, Stack size 0 bytes, startup_lpc177x_8x.o(.text))
<BR>[Address Reference Count : 1]<UL><LI> startup_lpc177x_8x.o(RESET)
</UL>
<P><STRONG><a name="[f]"></a>UART0_IRQHandler</STRONG> (Thumb, 0 bytes, Stack size 0 bytes, startup_lpc177x_8x.o(.text))
<BR>[Address Reference Count : 1]<UL><LI> startup_lpc177x_8x.o(RESET)
</UL>
<P><STRONG><a name="[10]"></a>UART1_IRQHandler</STRONG> (Thumb, 0 bytes, Stack size 0 bytes, startup_lpc177x_8x.o(.text))
<BR>[Address Reference Count : 1]<UL><LI> startup_lpc177x_8x.o(RESET)
</UL>
<P><STRONG><a name="[11]"></a>UART2_IRQHandler</STRONG> (Thumb, 0 bytes, Stack size 0 bytes, startup_lpc177x_8x.o(.text))
<BR>[Address Reference Count : 1]<UL><LI> startup_lpc177x_8x.o(RESET)
</UL>
<P><STRONG><a name="[12]"></a>UART3_IRQHandler</STRONG> (Thumb, 0 bytes, Stack size 0 bytes, startup_lpc177x_8x.o(.text))
<BR>[Address Reference Count : 1]<UL><LI> startup_lpc177x_8x.o(RESET)
</UL>
<P><STRONG><a name="[2c]"></a>UART4_IRQHandler</STRONG> (Thumb, 0 bytes, Stack size 0 bytes, startup_lpc177x_8x.o(.text))
<BR>[Address Reference Count : 1]<UL><LI> startup_lpc177x_8x.o(RESET)
</UL>
<P><STRONG><a name="[2a]"></a>USBActivity_IRQHandler</STRONG> (Thumb, 0 bytes, Stack size 0 bytes, startup_lpc177x_8x.o(.text))
<BR>[Address Reference Count : 1]<UL><LI> startup_lpc177x_8x.o(RESET)
</UL>
<P><STRONG><a name="[21]"></a>USB_IRQHandler</STRONG> (Thumb, 0 bytes, Stack size 0 bytes, startup_lpc177x_8x.o(.text))
<BR>[Address Reference Count : 1]<UL><LI> startup_lpc177x_8x.o(RESET)
</UL>
<P><STRONG><a name="[a]"></a>WDT_IRQHandler</STRONG> (Thumb, 0 bytes, Stack size 0 bytes, startup_lpc177x_8x.o(.text))
<BR>[Address Reference Count : 1]<UL><LI> startup_lpc177x_8x.o(RESET)
</UL>
<P><STRONG><a name="[3e]"></a>CLKPWR_SetCLKDiv</STRONG> (Thumb, 154 bytes, Stack size 16 bytes, lpc177x_8x_clkpwr.o(.text), UNUSED)
<BR><BR>[Calls]<UL><LI><a href="#[3f]">&gt;&gt;</a>&nbsp;&nbsp;&nbsp;SystemCoreClockUpdate
</UL>

<P><STRONG><a name="[69]"></a>CLKPWR_GetCLK</STRONG> (Thumb, 46 bytes, Stack size 0 bytes, lpc177x_8x_clkpwr.o(.text))
<BR><BR>[Called By]<UL><LI><a href="#[8d]">&gt;&gt;</a>&nbsp;&nbsp;&nbsp;MCI_Set_MCIClock
<LI><a href="#[68]">&gt;&gt;</a>&nbsp;&nbsp;&nbsp;I2C_SetClock
</UL>

<P><STRONG><a name="[4a]"></a>CLKPWR_ConfigPPWR</STRONG> (Thumb, 38 bytes, Stack size 0 bytes, lpc177x_8x_clkpwr.o(.text))
<BR><BR>[Called By]<UL><LI><a href="#[b2]">&gt;&gt;</a>&nbsp;&nbsp;&nbsp;RTC_DeInit
<LI><a href="#[b1]">&gt;&gt;</a>&nbsp;&nbsp;&nbsp;RTC_Init
<LI><a href="#[6c]">&gt;&gt;</a>&nbsp;&nbsp;&nbsp;I2C_DeInit
<LI><a href="#[6a]">&gt;&gt;</a>&nbsp;&nbsp;&nbsp;I2C_Init
<LI><a href="#[4c]">&gt;&gt;</a>&nbsp;&nbsp;&nbsp;GPIO_Deinit
<LI><a href="#[4b]">&gt;&gt;</a>&nbsp;&nbsp;&nbsp;GPIO_Init
<LI><a href="#[49]">&gt;&gt;</a>&nbsp;&nbsp;&nbsp;GPDMA_Init
</UL>

<P><STRONG><a name="[17b]"></a>CLKPWR_Sleep</STRONG> (Thumb, 10 bytes, Stack size 0 bytes, lpc177x_8x_clkpwr.o(.text), UNUSED)

<P><STRONG><a name="[17c]"></a>CLKPWR_DeepSleep</STRONG> (Thumb, 16 bytes, Stack size 0 bytes, lpc177x_8x_clkpwr.o(.text), UNUSED)

<P><STRONG><a name="[17d]"></a>CLKPWR_PowerDown</STRONG> (Thumb, 16 bytes, Stack size 0 bytes, lpc177x_8x_clkpwr.o(.text), UNUSED)

<P><STRONG><a name="[17e]"></a>CLKPWR_DeepPowerDown</STRONG> (Thumb, 16 bytes, Stack size 0 bytes, lpc177x_8x_clkpwr.o(.text), UNUSED)

<P><STRONG><a name="[32]"></a>main</STRONG> (Thumb, 32 bytes, Stack size 8 bytes, main.o(.text))
<BR><BR>[Stack]<UL><LI>Max Depth = 200 + Unknown Stack Size
<LI>Call Chain = main &rArr; os_initial &rArr; OSInit &rArr; OSTmr_Init &rArr; OSTmr_InitTask &rArr; OSTaskCreateExt &rArr; OS_TCBInit
</UL>
<BR>[Calls]<UL><LI><a href="#[40]">&gt;&gt;</a>&nbsp;&nbsp;&nbsp;os_initial
</UL>
<BR>[Address Reference Count : 1]<UL><LI> entry9a.o(.ARM.Collect$$$$0000000B)
</UL>
<P><STRONG><a name="[11a]"></a>OSTaskReturnHook</STRONG> (Thumb, 2 bytes, Stack size 0 bytes, os_apphooks.o(.text))
<BR><BR>[Called By]<UL><LI><a href="#[35]">&gt;&gt;</a>&nbsp;&nbsp;&nbsp;OS_TaskReturn
</UL>

<P><STRONG><a name="[2f]"></a>GPIO_IRQHandler</STRONG> (Thumb, 24 bytes, Stack size 8 bytes, gpio_irqhandler.o(.text))
<BR><BR>[Stack]<UL><LI>Max Depth = 8<LI>Call Chain = GPIO_IRQHandler
</UL>
<BR>[Calls]<UL><LI><a href="#[42]">&gt;&gt;</a>&nbsp;&nbsp;&nbsp;GPIO_ClearInt
<LI><a href="#[41]">&gt;&gt;</a>&nbsp;&nbsp;&nbsp;GPIO_GetIntStatus
</UL>
<BR>[Address Reference Count : 1]<UL><LI> startup_lpc177x_8x.o(RESET)
</UL>
<P><STRONG><a name="[13d]"></a>__aeabi_memcpy</STRONG> (Thumb, 36 bytes, Stack size 0 bytes, memcpya.o(.text))
<BR><BR>[Called By]<UL><LI><a href="#[141]">&gt;&gt;</a>&nbsp;&nbsp;&nbsp;GetItemIn_TOU_UsedList
<LI><a href="#[140]">&gt;&gt;</a>&nbsp;&nbsp;&nbsp;GetItemIn_TOU_BackupList
<LI><a href="#[13f]">&gt;&gt;</a>&nbsp;&nbsp;&nbsp;FindItemIn_TOU_List
<LI><a href="#[13e]">&gt;&gt;</a>&nbsp;&nbsp;&nbsp;AddItemTo_TOU_List
<LI><a href="#[13c]">&gt;&gt;</a>&nbsp;&nbsp;&nbsp;TOU_BackupToUsedLoad
</UL>

<P><STRONG><a name="[13a]"></a>__aeabi_memcpy4</STRONG> (Thumb, 0 bytes, Stack size 0 bytes, memcpya.o(.text))
<BR><BR>[Called By]<UL><LI><a href="#[13c]">&gt;&gt;</a>&nbsp;&nbsp;&nbsp;TOU_BackupToUsedLoad
<LI><a href="#[38]">&gt;&gt;</a>&nbsp;&nbsp;&nbsp;ALARMMNGT_TaskStart
<LI><a href="#[139]">&gt;&gt;</a>&nbsp;&nbsp;&nbsp;Alarm_MGN
<LI><a href="#[12d]">&gt;&gt;</a>&nbsp;&nbsp;&nbsp;ALARMMNGT_initial
</UL>

<P><STRONG><a name="[17f]"></a>__aeabi_memcpy8</STRONG> (Thumb, 0 bytes, Stack size 0 bytes, memcpya.o(.text), UNUSED)

<P><STRONG><a name="[44]"></a>__aeabi_memset</STRONG> (Thumb, 14 bytes, Stack size 0 bytes, memseta.o(.text), UNUSED)
<BR><BR>[Called By]<UL><LI><a href="#[45]">&gt;&gt;</a>&nbsp;&nbsp;&nbsp;_memset$wrapper
<LI><a href="#[43]">&gt;&gt;</a>&nbsp;&nbsp;&nbsp;__aeabi_memclr
</UL>

<P><STRONG><a name="[180]"></a>__aeabi_memset4</STRONG> (Thumb, 0 bytes, Stack size 0 bytes, memseta.o(.text), UNUSED)

<P><STRONG><a name="[181]"></a>__aeabi_memset8</STRONG> (Thumb, 0 bytes, Stack size 0 bytes, memseta.o(.text), UNUSED)

<P><STRONG><a name="[43]"></a>__aeabi_memclr</STRONG> (Thumb, 4 bytes, Stack size 0 bytes, memseta.o(.text), UNUSED)
<BR><BR>[Calls]<UL><LI><a href="#[44]">&gt;&gt;</a>&nbsp;&nbsp;&nbsp;__aeabi_memset
</UL>

<P><STRONG><a name="[13b]"></a>__aeabi_memclr4</STRONG> (Thumb, 0 bytes, Stack size 0 bytes, memseta.o(.text))
<BR><BR>[Called By]<UL><LI><a href="#[12d]">&gt;&gt;</a>&nbsp;&nbsp;&nbsp;ALARMMNGT_initial
</UL>

<P><STRONG><a name="[182]"></a>__aeabi_memclr8</STRONG> (Thumb, 0 bytes, Stack size 0 bytes, memseta.o(.text), UNUSED)

<P><STRONG><a name="[45]"></a>_memset$wrapper</STRONG> (Thumb, 18 bytes, Stack size 8 bytes, memseta.o(.text), UNUSED)
<BR><BR>[Calls]<UL><LI><a href="#[44]">&gt;&gt;</a>&nbsp;&nbsp;&nbsp;__aeabi_memset
</UL>

<P><STRONG><a name="[183]"></a>__scatterload_null</STRONG> (Thumb, 2 bytes, Stack size unknown bytes, handlers.o(i.__scatterload_null), UNUSED)

<P><STRONG><a name="[3f]"></a>SystemCoreClockUpdate</STRONG> (Thumb, 664 bytes, Stack size 12 bytes, system_lpc177x_8x.o(.text))
<BR><BR>[Stack]<UL><LI>Max Depth = 12<LI>Call Chain = SystemCoreClockUpdate
</UL>
<BR>[Called By]<UL><LI><a href="#[3e]">&gt;&gt;</a>&nbsp;&nbsp;&nbsp;CLKPWR_SetCLKDiv
<LI><a href="#[33]">&gt;&gt;</a>&nbsp;&nbsp;&nbsp;SystemInit
</UL>

<P><STRONG><a name="[33]"></a>SystemInit</STRONG> (Thumb, 204 bytes, Stack size 4 bytes, system_lpc177x_8x.o(.text))
<BR><BR>[Stack]<UL><LI>Max Depth = 16<LI>Call Chain = SystemInit &rArr; SystemCoreClockUpdate
</UL>
<BR>[Calls]<UL><LI><a href="#[3f]">&gt;&gt;</a>&nbsp;&nbsp;&nbsp;SystemCoreClockUpdate
</UL>
<BR>[Address Reference Count : 1]<UL><LI> startup_lpc177x_8x.o(.text)
</UL>
<P><STRONG><a name="[b6]"></a>EXTI_Init</STRONG> (Thumb, 22 bytes, Stack size 0 bytes, lpc177x_8x_exti.o(.text))
<BR><BR>[Called By]<UL><LI><a href="#[b3]">&gt;&gt;</a>&nbsp;&nbsp;&nbsp;User_BSP_Init
</UL>

<P><STRONG><a name="[184]"></a>EXTI_DeInit</STRONG> (Thumb, 2 bytes, Stack size 0 bytes, lpc177x_8x_exti.o(.text), UNUSED)

<P><STRONG><a name="[48]"></a>EXTI_SetPolarity</STRONG> (Thumb, 52 bytes, Stack size 0 bytes, lpc177x_8x_exti.o(.text))
<BR><BR>[Called By]<UL><LI><a href="#[46]">&gt;&gt;</a>&nbsp;&nbsp;&nbsp;EXTI_Config
</UL>

<P><STRONG><a name="[47]"></a>EXTI_SetMode</STRONG> (Thumb, 52 bytes, Stack size 0 bytes, lpc177x_8x_exti.o(.text))
<BR><BR>[Called By]<UL><LI><a href="#[46]">&gt;&gt;</a>&nbsp;&nbsp;&nbsp;EXTI_Config
</UL>

<P><STRONG><a name="[46]"></a>EXTI_Config</STRONG> (Thumb, 28 bytes, Stack size 8 bytes, lpc177x_8x_exti.o(.text))
<BR><BR>[Stack]<UL><LI>Max Depth = 8<LI>Call Chain = EXTI_Config
</UL>
<BR>[Calls]<UL><LI><a href="#[47]">&gt;&gt;</a>&nbsp;&nbsp;&nbsp;EXTI_SetMode
<LI><a href="#[48]">&gt;&gt;</a>&nbsp;&nbsp;&nbsp;EXTI_SetPolarity
</UL>
<BR>[Called By]<UL><LI><a href="#[171]">&gt;&gt;</a>&nbsp;&nbsp;&nbsp;EINT_BSP_Init
</UL>

<P><STRONG><a name="[185]"></a>EXTI_ClearEXTIFlag</STRONG> (Thumb, 24 bytes, Stack size 0 bytes, lpc177x_8x_exti.o(.text), UNUSED)

<P><STRONG><a name="[49]"></a>GPDMA_Init</STRONG> (Thumb, 58 bytes, Stack size 8 bytes, lpc177x_8x_gpdma.o(.text))
<BR><BR>[Stack]<UL><LI>Max Depth = 8<LI>Call Chain = GPDMA_Init
</UL>
<BR>[Calls]<UL><LI><a href="#[4a]">&gt;&gt;</a>&nbsp;&nbsp;&nbsp;CLKPWR_ConfigPPWR
</UL>
<BR>[Called By]<UL><LI><a href="#[b3]">&gt;&gt;</a>&nbsp;&nbsp;&nbsp;User_BSP_Init
</UL>

<P><STRONG><a name="[7f]"></a>GPDMA_Setup</STRONG> (Thumb, 592 bytes, Stack size 16 bytes, lpc177x_8x_gpdma.o(.text), UNUSED)
<BR><BR>[Called By]<UL><LI><a href="#[7e]">&gt;&gt;</a>&nbsp;&nbsp;&nbsp;MCI_SettingDma
</UL>

<P><STRONG><a name="[80]"></a>GPDMA_ChannelCmd</STRONG> (Thumb, 32 bytes, Stack size 0 bytes, lpc177x_8x_gpdma.o(.text), UNUSED)
<BR><BR>[Called By]<UL><LI><a href="#[7e]">&gt;&gt;</a>&nbsp;&nbsp;&nbsp;MCI_SettingDma
</UL>

<P><STRONG><a name="[186]"></a>GPDMA_IntGetStatus</STRONG> (Thumb, 148 bytes, Stack size 0 bytes, lpc177x_8x_gpdma.o(.text), UNUSED)

<P><STRONG><a name="[187]"></a>GPDMA_ClearIntPending</STRONG> (Thumb, 26 bytes, Stack size 0 bytes, lpc177x_8x_gpdma.o(.text), UNUSED)

<P><STRONG><a name="[4b]"></a>GPIO_Init</STRONG> (Thumb, 12 bytes, Stack size 8 bytes, lpc177x_8x_gpio.o(.text))
<BR><BR>[Stack]<UL><LI>Max Depth = 8<LI>Call Chain = GPIO_Init
</UL>
<BR>[Calls]<UL><LI><a href="#[4a]">&gt;&gt;</a>&nbsp;&nbsp;&nbsp;CLKPWR_ConfigPPWR
</UL>
<BR>[Called By]<UL><LI><a href="#[b3]">&gt;&gt;</a>&nbsp;&nbsp;&nbsp;User_BSP_Init
</UL>

<P><STRONG><a name="[4c]"></a>GPIO_Deinit</STRONG> (Thumb, 14 bytes, Stack size 8 bytes, lpc177x_8x_gpio.o(.text), UNUSED)
<BR><BR>[Calls]<UL><LI><a href="#[4a]">&gt;&gt;</a>&nbsp;&nbsp;&nbsp;CLKPWR_ConfigPPWR
</UL>

<P><STRONG><a name="[4d]"></a>GPIO_SetDir</STRONG> (Thumb, 40 bytes, Stack size 24 bytes, lpc177x_8x_gpio.o(.text))
<BR><BR>[Stack]<UL><LI>Max Depth = 24<LI>Call Chain = GPIO_SetDir
</UL>
<BR>[Calls]<UL><LI><a href="#[4e]">&gt;&gt;</a>&nbsp;&nbsp;&nbsp;GPIO_GetPointer
</UL>
<BR>[Called By]<UL><LI><a href="#[97]">&gt;&gt;</a>&nbsp;&nbsp;&nbsp;MCI_Init
<LI><a href="#[53]">&gt;&gt;</a>&nbsp;&nbsp;&nbsp;FIO_SetDir
<LI><a href="#[171]">&gt;&gt;</a>&nbsp;&nbsp;&nbsp;EINT_BSP_Init
</UL>

<P><STRONG><a name="[4f]"></a>GPIO_SetValue</STRONG> (Thumb, 20 bytes, Stack size 16 bytes, lpc177x_8x_gpio.o(.text))
<BR><BR>[Stack]<UL><LI>Max Depth = 16<LI>Call Chain = GPIO_SetValue
</UL>
<BR>[Calls]<UL><LI><a href="#[4e]">&gt;&gt;</a>&nbsp;&nbsp;&nbsp;GPIO_GetPointer
</UL>
<BR>[Called By]<UL><LI><a href="#[97]">&gt;&gt;</a>&nbsp;&nbsp;&nbsp;MCI_Init
<LI><a href="#[54]">&gt;&gt;</a>&nbsp;&nbsp;&nbsp;FIO_SetValue
<LI><a href="#[51]">&gt;&gt;</a>&nbsp;&nbsp;&nbsp;GPIO_OutputValue
<LI><a href="#[14b]">&gt;&gt;</a>&nbsp;&nbsp;&nbsp;ADE7953_Reset
</UL>

<P><STRONG><a name="[50]"></a>GPIO_ClearValue</STRONG> (Thumb, 20 bytes, Stack size 16 bytes, lpc177x_8x_gpio.o(.text))
<BR><BR>[Stack]<UL><LI>Max Depth = 16<LI>Call Chain = GPIO_ClearValue
</UL>
<BR>[Calls]<UL><LI><a href="#[4e]">&gt;&gt;</a>&nbsp;&nbsp;&nbsp;GPIO_GetPointer
</UL>
<BR>[Called By]<UL><LI><a href="#[97]">&gt;&gt;</a>&nbsp;&nbsp;&nbsp;MCI_Init
<LI><a href="#[55]">&gt;&gt;</a>&nbsp;&nbsp;&nbsp;FIO_ClearValue
<LI><a href="#[51]">&gt;&gt;</a>&nbsp;&nbsp;&nbsp;GPIO_OutputValue
<LI><a href="#[14b]">&gt;&gt;</a>&nbsp;&nbsp;&nbsp;ADE7953_Reset
</UL>

<P><STRONG><a name="[51]"></a>GPIO_OutputValue</STRONG> (Thumb, 30 bytes, Stack size 16 bytes, lpc177x_8x_gpio.o(.text), UNUSED)
<BR><BR>[Calls]<UL><LI><a href="#[50]">&gt;&gt;</a>&nbsp;&nbsp;&nbsp;GPIO_ClearValue
<LI><a href="#[4f]">&gt;&gt;</a>&nbsp;&nbsp;&nbsp;GPIO_SetValue
</UL>

<P><STRONG><a name="[52]"></a>GPIO_ReadValue</STRONG> (Thumb, 22 bytes, Stack size 16 bytes, lpc177x_8x_gpio.o(.text), UNUSED)
<BR><BR>[Calls]<UL><LI><a href="#[4e]">&gt;&gt;</a>&nbsp;&nbsp;&nbsp;GPIO_GetPointer
</UL>
<BR>[Called By]<UL><LI><a href="#[56]">&gt;&gt;</a>&nbsp;&nbsp;&nbsp;FIO_ReadValue
</UL>

<P><STRONG><a name="[58]"></a>GPIO_IntCmd</STRONG> (Thumb, 96 bytes, Stack size 8 bytes, lpc177x_8x_gpio.o(.text), UNUSED)
<BR><BR>[Called By]<UL><LI><a href="#[57]">&gt;&gt;</a>&nbsp;&nbsp;&nbsp;FIO_IntCmd
</UL>

<P><STRONG><a name="[41]"></a>GPIO_GetIntStatus</STRONG> (Thumb, 86 bytes, Stack size 0 bytes, lpc177x_8x_gpio.o(.text))
<BR><BR>[Called By]<UL><LI><a href="#[59]">&gt;&gt;</a>&nbsp;&nbsp;&nbsp;FIO_GetIntStatus
<LI><a href="#[2f]">&gt;&gt;</a>&nbsp;&nbsp;&nbsp;GPIO_IRQHandler
</UL>

<P><STRONG><a name="[42]"></a>GPIO_ClearInt</STRONG> (Thumb, 24 bytes, Stack size 0 bytes, lpc177x_8x_gpio.o(.text))
<BR><BR>[Called By]<UL><LI><a href="#[5a]">&gt;&gt;</a>&nbsp;&nbsp;&nbsp;FIO_ClearInt
<LI><a href="#[2f]">&gt;&gt;</a>&nbsp;&nbsp;&nbsp;GPIO_IRQHandler
</UL>

<P><STRONG><a name="[53]"></a>FIO_SetDir</STRONG> (Thumb, 20 bytes, Stack size 16 bytes, lpc177x_8x_gpio.o(.text), UNUSED)
<BR><BR>[Calls]<UL><LI><a href="#[4d]">&gt;&gt;</a>&nbsp;&nbsp;&nbsp;GPIO_SetDir
</UL>

<P><STRONG><a name="[54]"></a>FIO_SetValue</STRONG> (Thumb, 16 bytes, Stack size 16 bytes, lpc177x_8x_gpio.o(.text), UNUSED)
<BR><BR>[Calls]<UL><LI><a href="#[4f]">&gt;&gt;</a>&nbsp;&nbsp;&nbsp;GPIO_SetValue
</UL>

<P><STRONG><a name="[55]"></a>FIO_ClearValue</STRONG> (Thumb, 16 bytes, Stack size 16 bytes, lpc177x_8x_gpio.o(.text), UNUSED)
<BR><BR>[Calls]<UL><LI><a href="#[50]">&gt;&gt;</a>&nbsp;&nbsp;&nbsp;GPIO_ClearValue
</UL>

<P><STRONG><a name="[56]"></a>FIO_ReadValue</STRONG> (Thumb, 12 bytes, Stack size 8 bytes, lpc177x_8x_gpio.o(.text), UNUSED)
<BR><BR>[Calls]<UL><LI><a href="#[52]">&gt;&gt;</a>&nbsp;&nbsp;&nbsp;GPIO_ReadValue
</UL>

<P><STRONG><a name="[57]"></a>FIO_IntCmd</STRONG> (Thumb, 20 bytes, Stack size 16 bytes, lpc177x_8x_gpio.o(.text), UNUSED)
<BR><BR>[Calls]<UL><LI><a href="#[58]">&gt;&gt;</a>&nbsp;&nbsp;&nbsp;GPIO_IntCmd
</UL>

<P><STRONG><a name="[59]"></a>FIO_GetIntStatus</STRONG> (Thumb, 20 bytes, Stack size 16 bytes, lpc177x_8x_gpio.o(.text), UNUSED)
<BR><BR>[Calls]<UL><LI><a href="#[41]">&gt;&gt;</a>&nbsp;&nbsp;&nbsp;GPIO_GetIntStatus
</UL>

<P><STRONG><a name="[5a]"></a>FIO_ClearInt</STRONG> (Thumb, 16 bytes, Stack size 8 bytes, lpc177x_8x_gpio.o(.text), UNUSED)
<BR><BR>[Calls]<UL><LI><a href="#[42]">&gt;&gt;</a>&nbsp;&nbsp;&nbsp;GPIO_ClearInt
</UL>

<P><STRONG><a name="[5b]"></a>FIO_SetMask</STRONG> (Thumb, 40 bytes, Stack size 24 bytes, lpc177x_8x_gpio.o(.text), UNUSED)
<BR><BR>[Calls]<UL><LI><a href="#[4e]">&gt;&gt;</a>&nbsp;&nbsp;&nbsp;GPIO_GetPointer
</UL>

<P><STRONG><a name="[5c]"></a>FIO_HalfWordSetDir</STRONG> (Thumb, 62 bytes, Stack size 24 bytes, lpc177x_8x_gpio.o(.text), UNUSED)
<BR><BR>[Calls]<UL><LI><a href="#[5d]">&gt;&gt;</a>&nbsp;&nbsp;&nbsp;FIO_HalfWordGetPointer
</UL>

<P><STRONG><a name="[5e]"></a>FIO_HalfWordSetMask</STRONG> (Thumb, 62 bytes, Stack size 24 bytes, lpc177x_8x_gpio.o(.text), UNUSED)
<BR><BR>[Calls]<UL><LI><a href="#[5d]">&gt;&gt;</a>&nbsp;&nbsp;&nbsp;FIO_HalfWordGetPointer
</UL>

<P><STRONG><a name="[5f]"></a>FIO_HalfWordSetValue</STRONG> (Thumb, 32 bytes, Stack size 24 bytes, lpc177x_8x_gpio.o(.text), UNUSED)
<BR><BR>[Calls]<UL><LI><a href="#[5d]">&gt;&gt;</a>&nbsp;&nbsp;&nbsp;FIO_HalfWordGetPointer
</UL>

<P><STRONG><a name="[60]"></a>FIO_HalfWordClearValue</STRONG> (Thumb, 32 bytes, Stack size 24 bytes, lpc177x_8x_gpio.o(.text), UNUSED)
<BR><BR>[Calls]<UL><LI><a href="#[5d]">&gt;&gt;</a>&nbsp;&nbsp;&nbsp;FIO_HalfWordGetPointer
</UL>

<P><STRONG><a name="[61]"></a>FIO_HalfWordReadValue</STRONG> (Thumb, 30 bytes, Stack size 16 bytes, lpc177x_8x_gpio.o(.text), UNUSED)
<BR><BR>[Calls]<UL><LI><a href="#[5d]">&gt;&gt;</a>&nbsp;&nbsp;&nbsp;FIO_HalfWordGetPointer
</UL>

<P><STRONG><a name="[62]"></a>FIO_ByteSetDir</STRONG> (Thumb, 50 bytes, Stack size 24 bytes, lpc177x_8x_gpio.o(.text), UNUSED)
<BR><BR>[Calls]<UL><LI><a href="#[63]">&gt;&gt;</a>&nbsp;&nbsp;&nbsp;FIO_ByteGetPointer
</UL>

<P><STRONG><a name="[64]"></a>FIO_ByteSetMask</STRONG> (Thumb, 116 bytes, Stack size 24 bytes, lpc177x_8x_gpio.o(.text), UNUSED)
<BR><BR>[Calls]<UL><LI><a href="#[63]">&gt;&gt;</a>&nbsp;&nbsp;&nbsp;FIO_ByteGetPointer
</UL>

<P><STRONG><a name="[65]"></a>FIO_ByteSetValue</STRONG> (Thumb, 34 bytes, Stack size 24 bytes, lpc177x_8x_gpio.o(.text), UNUSED)
<BR><BR>[Calls]<UL><LI><a href="#[63]">&gt;&gt;</a>&nbsp;&nbsp;&nbsp;FIO_ByteGetPointer
</UL>

<P><STRONG><a name="[66]"></a>FIO_ByteClearValue</STRONG> (Thumb, 34 bytes, Stack size 24 bytes, lpc177x_8x_gpio.o(.text), UNUSED)
<BR><BR>[Calls]<UL><LI><a href="#[63]">&gt;&gt;</a>&nbsp;&nbsp;&nbsp;FIO_ByteGetPointer
</UL>

<P><STRONG><a name="[67]"></a>FIO_ByteReadValue</STRONG> (Thumb, 32 bytes, Stack size 16 bytes, lpc177x_8x_gpio.o(.text), UNUSED)
<BR><BR>[Calls]<UL><LI><a href="#[63]">&gt;&gt;</a>&nbsp;&nbsp;&nbsp;FIO_ByteGetPointer
</UL>

<P><STRONG><a name="[6a]"></a>I2C_Init</STRONG> (Thumb, 74 bytes, Stack size 24 bytes, lpc177x_8x_i2c.o(.text))
<BR><BR>[Stack]<UL><LI>Max Depth = 40<LI>Call Chain = I2C_Init &rArr; I2C_SetClock
</UL>
<BR>[Calls]<UL><LI><a href="#[68]">&gt;&gt;</a>&nbsp;&nbsp;&nbsp;I2C_SetClock
<LI><a href="#[6b]">&gt;&gt;</a>&nbsp;&nbsp;&nbsp;I2C_GetPointer
<LI><a href="#[4a]">&gt;&gt;</a>&nbsp;&nbsp;&nbsp;CLKPWR_ConfigPPWR
</UL>
<BR>[Called By]<UL><LI><a href="#[b7]">&gt;&gt;</a>&nbsp;&nbsp;&nbsp;ADE7953_I2C_Inititial
</UL>

<P><STRONG><a name="[6c]"></a>I2C_DeInit</STRONG> (Thumb, 60 bytes, Stack size 16 bytes, lpc177x_8x_i2c.o(.text), UNUSED)
<BR><BR>[Calls]<UL><LI><a href="#[6b]">&gt;&gt;</a>&nbsp;&nbsp;&nbsp;I2C_GetPointer
<LI><a href="#[4a]">&gt;&gt;</a>&nbsp;&nbsp;&nbsp;CLKPWR_ConfigPPWR
</UL>

<P><STRONG><a name="[6d]"></a>I2C_Cmd</STRONG> (Thumb, 46 bytes, Stack size 24 bytes, lpc177x_8x_i2c.o(.text))
<BR><BR>[Stack]<UL><LI>Max Depth = 24<LI>Call Chain = I2C_Cmd
</UL>
<BR>[Calls]<UL><LI><a href="#[6b]">&gt;&gt;</a>&nbsp;&nbsp;&nbsp;I2C_GetPointer
</UL>
<BR>[Called By]<UL><LI><a href="#[b7]">&gt;&gt;</a>&nbsp;&nbsp;&nbsp;ADE7953_I2C_Inititial
</UL>

<P><STRONG><a name="[75]"></a>I2C_IntCmd</STRONG> (Thumb, 88 bytes, Stack size 12 bytes, lpc177x_8x_i2c.o(.text))
<BR><BR>[Stack]<UL><LI>Max Depth = 12<LI>Call Chain = I2C_IntCmd
</UL>
<BR>[Called By]<UL><LI><a href="#[78]">&gt;&gt;</a>&nbsp;&nbsp;&nbsp;I2C_SlaveTransferData
<LI><a href="#[77]">&gt;&gt;</a>&nbsp;&nbsp;&nbsp;I2C_MasterTransferData
<LI><a href="#[76]">&gt;&gt;</a>&nbsp;&nbsp;&nbsp;I2C_SlaveHandler
<LI><a href="#[73]">&gt;&gt;</a>&nbsp;&nbsp;&nbsp;I2C_MasterHandler
</UL>

<P><STRONG><a name="[6e]"></a>I2C_MasterHanleStates</STRONG> (Thumb, 480 bytes, Stack size 40 bytes, lpc177x_8x_i2c.o(.text))
<BR><BR>[Stack]<UL><LI>Max Depth = 40<LI>Call Chain = I2C_MasterHanleStates
</UL>
<BR>[Calls]<UL><LI><a href="#[71]">&gt;&gt;</a>&nbsp;&nbsp;&nbsp;I2C_GetByte
<LI><a href="#[6f]">&gt;&gt;</a>&nbsp;&nbsp;&nbsp;I2C_SendByte
<LI><a href="#[70]">&gt;&gt;</a>&nbsp;&nbsp;&nbsp;I2C_Stop
<LI><a href="#[6b]">&gt;&gt;</a>&nbsp;&nbsp;&nbsp;I2C_GetPointer
</UL>
<BR>[Called By]<UL><LI><a href="#[77]">&gt;&gt;</a>&nbsp;&nbsp;&nbsp;I2C_MasterTransferData
<LI><a href="#[73]">&gt;&gt;</a>&nbsp;&nbsp;&nbsp;I2C_MasterHandler
</UL>

<P><STRONG><a name="[72]"></a>I2C_SlaveHanleStates</STRONG> (Thumb, 350 bytes, Stack size 32 bytes, lpc177x_8x_i2c.o(.text), UNUSED)
<BR><BR>[Calls]<UL><LI><a href="#[6b]">&gt;&gt;</a>&nbsp;&nbsp;&nbsp;I2C_GetPointer
</UL>
<BR>[Called By]<UL><LI><a href="#[78]">&gt;&gt;</a>&nbsp;&nbsp;&nbsp;I2C_SlaveTransferData
<LI><a href="#[76]">&gt;&gt;</a>&nbsp;&nbsp;&nbsp;I2C_SlaveHandler
</UL>

<P><STRONG><a name="[73]"></a>I2C_MasterHandler</STRONG> (Thumb, 146 bytes, Stack size 24 bytes, lpc177x_8x_i2c.o(.text), UNUSED)
<BR><BR>[Calls]<UL><LI><a href="#[6e]">&gt;&gt;</a>&nbsp;&nbsp;&nbsp;I2C_MasterHanleStates
<LI><a href="#[75]">&gt;&gt;</a>&nbsp;&nbsp;&nbsp;I2C_IntCmd
<LI><a href="#[74]">&gt;&gt;</a>&nbsp;&nbsp;&nbsp;I2C_Start
<LI><a href="#[6b]">&gt;&gt;</a>&nbsp;&nbsp;&nbsp;I2C_GetPointer
</UL>
<BR>[Called By]<UL><LI><a href="#[16c]">&gt;&gt;</a>&nbsp;&nbsp;&nbsp;I2C_IRQ
</UL>

<P><STRONG><a name="[76]"></a>I2C_SlaveHandler</STRONG> (Thumb, 150 bytes, Stack size 32 bytes, lpc177x_8x_i2c.o(.text), UNUSED)
<BR><BR>[Calls]<UL><LI><a href="#[72]">&gt;&gt;</a>&nbsp;&nbsp;&nbsp;I2C_SlaveHanleStates
<LI><a href="#[75]">&gt;&gt;</a>&nbsp;&nbsp;&nbsp;I2C_IntCmd
<LI><a href="#[6b]">&gt;&gt;</a>&nbsp;&nbsp;&nbsp;I2C_GetPointer
</UL>

<P><STRONG><a name="[77]"></a>I2C_MasterTransferData</STRONG> (Thumb, 224 bytes, Stack size 32 bytes, lpc177x_8x_i2c.o(.text))
<BR><BR>[Stack]<UL><LI>Max Depth = 72<LI>Call Chain = I2C_MasterTransferData &rArr; I2C_MasterHanleStates
</UL>
<BR>[Calls]<UL><LI><a href="#[6e]">&gt;&gt;</a>&nbsp;&nbsp;&nbsp;I2C_MasterHanleStates
<LI><a href="#[75]">&gt;&gt;</a>&nbsp;&nbsp;&nbsp;I2C_IntCmd
<LI><a href="#[74]">&gt;&gt;</a>&nbsp;&nbsp;&nbsp;I2C_Start
<LI><a href="#[6b]">&gt;&gt;</a>&nbsp;&nbsp;&nbsp;I2C_GetPointer
</UL>
<BR>[Called By]<UL><LI><a href="#[172]">&gt;&gt;</a>&nbsp;&nbsp;&nbsp;ADE7953_i2c_write
<LI><a href="#[16e]">&gt;&gt;</a>&nbsp;&nbsp;&nbsp;ADE7953_i2c_Read
</UL>

<P><STRONG><a name="[78]"></a>I2C_SlaveTransferData</STRONG> (Thumb, 210 bytes, Stack size 40 bytes, lpc177x_8x_i2c.o(.text), UNUSED)
<BR><BR>[Calls]<UL><LI><a href="#[72]">&gt;&gt;</a>&nbsp;&nbsp;&nbsp;I2C_SlaveHanleStates
<LI><a href="#[75]">&gt;&gt;</a>&nbsp;&nbsp;&nbsp;I2C_IntCmd
<LI><a href="#[6b]">&gt;&gt;</a>&nbsp;&nbsp;&nbsp;I2C_GetPointer
</UL>

<P><STRONG><a name="[79]"></a>I2C_SetOwnSlaveAddr</STRONG> (Thumb, 106 bytes, Stack size 24 bytes, lpc177x_8x_i2c.o(.text), UNUSED)
<BR><BR>[Calls]<UL><LI><a href="#[6b]">&gt;&gt;</a>&nbsp;&nbsp;&nbsp;I2C_GetPointer
</UL>

<P><STRONG><a name="[7a]"></a>I2C_MonitorModeConfig</STRONG> (Thumb, 44 bytes, Stack size 24 bytes, lpc177x_8x_i2c.o(.text), UNUSED)
<BR><BR>[Calls]<UL><LI><a href="#[6b]">&gt;&gt;</a>&nbsp;&nbsp;&nbsp;I2C_GetPointer
</UL>

<P><STRONG><a name="[7b]"></a>I2C_MonitorModeCmd</STRONG> (Thumb, 56 bytes, Stack size 16 bytes, lpc177x_8x_i2c.o(.text), UNUSED)
<BR><BR>[Calls]<UL><LI><a href="#[6b]">&gt;&gt;</a>&nbsp;&nbsp;&nbsp;I2C_GetPointer
</UL>

<P><STRONG><a name="[7c]"></a>I2C_MonitorGetDatabuffer</STRONG> (Thumb, 18 bytes, Stack size 16 bytes, lpc177x_8x_i2c.o(.text), UNUSED)
<BR><BR>[Calls]<UL><LI><a href="#[6b]">&gt;&gt;</a>&nbsp;&nbsp;&nbsp;I2C_GetPointer
</UL>

<P><STRONG><a name="[7d]"></a>I2C_MonitorHandler</STRONG> (Thumb, 80 bytes, Stack size 24 bytes, lpc177x_8x_i2c.o(.text), UNUSED)
<BR><BR>[Calls]<UL><LI><a href="#[6b]">&gt;&gt;</a>&nbsp;&nbsp;&nbsp;I2C_GetPointer
</UL>

<P><STRONG><a name="[16d]"></a>I2C_MasterTransferComplete</STRONG> (Thumb, 18 bytes, Stack size 0 bytes, lpc177x_8x_i2c.o(.text), UNUSED)
<BR><BR>[Called By]<UL><LI><a href="#[16c]">&gt;&gt;</a>&nbsp;&nbsp;&nbsp;I2C_IRQ
</UL>

<P><STRONG><a name="[188]"></a>I2C_SlaveTransferComplete</STRONG> (Thumb, 18 bytes, Stack size 0 bytes, lpc177x_8x_i2c.o(.text), UNUSED)

<P><STRONG><a name="[7e]"></a>MCI_SettingDma</STRONG> (Thumb, 98 bytes, Stack size 56 bytes, lpc177x_8x_mci.o(.text), UNUSED)
<BR><BR>[Calls]<UL><LI><a href="#[81]">&gt;&gt;</a>&nbsp;&nbsp;&nbsp;NVIC_EnableIRQ
<LI><a href="#[80]">&gt;&gt;</a>&nbsp;&nbsp;&nbsp;GPDMA_ChannelCmd
<LI><a href="#[7f]">&gt;&gt;</a>&nbsp;&nbsp;&nbsp;GPDMA_Setup
</UL>
<BR>[Called By]<UL><LI><a href="#[a3]">&gt;&gt;</a>&nbsp;&nbsp;&nbsp;MCI_ReadBlock
<LI><a href="#[a1]">&gt;&gt;</a>&nbsp;&nbsp;&nbsp;MCI_WriteBlock
</UL>

<P><STRONG><a name="[189]"></a>MCI_ReadFifo</STRONG> (Thumb, 62 bytes, Stack size 12 bytes, lpc177x_8x_mci.o(.text), UNUSED)

<P><STRONG><a name="[18a]"></a>MCI_WriteFifo</STRONG> (Thumb, 62 bytes, Stack size 12 bytes, lpc177x_8x_mci.o(.text), UNUSED)

<P><STRONG><a name="[a2]"></a>MCI_TXEnable</STRONG> (Thumb, 20 bytes, Stack size 0 bytes, lpc177x_8x_mci.o(.text), UNUSED)
<BR><BR>[Called By]<UL><LI><a href="#[a1]">&gt;&gt;</a>&nbsp;&nbsp;&nbsp;MCI_WriteBlock
</UL>

<P><STRONG><a name="[88]"></a>MCI_TXDisable</STRONG> (Thumb, 20 bytes, Stack size 0 bytes, lpc177x_8x_mci.o(.text))
<BR><BR>[Called By]<UL><LI><a href="#[87]">&gt;&gt;</a>&nbsp;&nbsp;&nbsp;MCI_DATA_END_InterruptService
</UL>

<P><STRONG><a name="[a4]"></a>MCI_RXEnable</STRONG> (Thumb, 20 bytes, Stack size 0 bytes, lpc177x_8x_mci.o(.text), UNUSED)
<BR><BR>[Called By]<UL><LI><a href="#[a3]">&gt;&gt;</a>&nbsp;&nbsp;&nbsp;MCI_ReadBlock
</UL>

<P><STRONG><a name="[89]"></a>MCI_RXDisable</STRONG> (Thumb, 20 bytes, Stack size 0 bytes, lpc177x_8x_mci.o(.text))
<BR><BR>[Called By]<UL><LI><a href="#[87]">&gt;&gt;</a>&nbsp;&nbsp;&nbsp;MCI_DATA_END_InterruptService
</UL>

<P><STRONG><a name="[84]"></a>MCI_GetCmdResp</STRONG> (Thumb, 242 bytes, Stack size 20 bytes, lpc177x_8x_mci.o(.text), UNUSED)
<BR><BR>[Called By]<UL><LI><a href="#[82]">&gt;&gt;</a>&nbsp;&nbsp;&nbsp;MCI_CmdResp
</UL>

<P><STRONG><a name="[83]"></a>MCI_SendCmd</STRONG> (Thumb, 192 bytes, Stack size 24 bytes, lpc177x_8x_mci.o(.text), UNUSED)
<BR><BR>[Called By]<UL><LI><a href="#[95]">&gt;&gt;</a>&nbsp;&nbsp;&nbsp;MCI_CardReset
<LI><a href="#[82]">&gt;&gt;</a>&nbsp;&nbsp;&nbsp;MCI_CmdResp
</UL>

<P><STRONG><a name="[82]"></a>MCI_CmdResp</STRONG> (Thumb, 48 bytes, Stack size 24 bytes, lpc177x_8x_mci.o(.text), UNUSED)
<BR><BR>[Calls]<UL><LI><a href="#[83]">&gt;&gt;</a>&nbsp;&nbsp;&nbsp;MCI_SendCmd
<LI><a href="#[84]">&gt;&gt;</a>&nbsp;&nbsp;&nbsp;MCI_GetCmdResp
</UL>
<BR>[Called By]<UL><LI><a href="#[a0]">&gt;&gt;</a>&nbsp;&nbsp;&nbsp;MCI_Cmd_ReadBlock
<LI><a href="#[9f]">&gt;&gt;</a>&nbsp;&nbsp;&nbsp;MCI_Cmd_WriteBlock
<LI><a href="#[9e]">&gt;&gt;</a>&nbsp;&nbsp;&nbsp;MCI_Cmd_StopTransmission
<LI><a href="#[9d]">&gt;&gt;</a>&nbsp;&nbsp;&nbsp;MCI_SetBlockLen
<LI><a href="#[9c]">&gt;&gt;</a>&nbsp;&nbsp;&nbsp;MCI_Cmd_SelectCard
<LI><a href="#[9b]">&gt;&gt;</a>&nbsp;&nbsp;&nbsp;MCI_GetCSD
<LI><a href="#[9a]">&gt;&gt;</a>&nbsp;&nbsp;&nbsp;MCI_SetCardAddress
<LI><a href="#[99]">&gt;&gt;</a>&nbsp;&nbsp;&nbsp;MCI_GetCID
<LI><a href="#[94]">&gt;&gt;</a>&nbsp;&nbsp;&nbsp;MCI_Cmd_SendIfCond
<LI><a href="#[92]">&gt;&gt;</a>&nbsp;&nbsp;&nbsp;MCI_Acmd_SendOpCond
<LI><a href="#[91]">&gt;&gt;</a>&nbsp;&nbsp;&nbsp;MCI_Cmd_SendOpCond
<LI><a href="#[8f]">&gt;&gt;</a>&nbsp;&nbsp;&nbsp;MCI_Acmd_SendBusWidth
<LI><a href="#[8e]">&gt;&gt;</a>&nbsp;&nbsp;&nbsp;MCI_Cmd_SendACMD
<LI><a href="#[85]">&gt;&gt;</a>&nbsp;&nbsp;&nbsp;MCI_GetCardStatus
</UL>

<P><STRONG><a name="[85]"></a>MCI_GetCardStatus</STRONG> (Thumb, 126 bytes, Stack size 64 bytes, lpc177x_8x_mci.o(.text), UNUSED)
<BR><BR>[Calls]<UL><LI><a href="#[82]">&gt;&gt;</a>&nbsp;&nbsp;&nbsp;MCI_CmdResp
</UL>
<BR>[Called By]<UL><LI><a href="#[86]">&gt;&gt;</a>&nbsp;&nbsp;&nbsp;MCI_CheckStatus
</UL>

<P><STRONG><a name="[86]"></a>MCI_CheckStatus</STRONG> (Thumb, 88 bytes, Stack size 24 bytes, lpc177x_8x_mci.o(.text), UNUSED)
<BR><BR>[Calls]<UL><LI><a href="#[85]">&gt;&gt;</a>&nbsp;&nbsp;&nbsp;MCI_GetCardStatus
</UL>
<BR>[Called By]<UL><LI><a href="#[a3]">&gt;&gt;</a>&nbsp;&nbsp;&nbsp;MCI_ReadBlock
<LI><a href="#[a1]">&gt;&gt;</a>&nbsp;&nbsp;&nbsp;MCI_WriteBlock
<LI><a href="#[a0]">&gt;&gt;</a>&nbsp;&nbsp;&nbsp;MCI_Cmd_ReadBlock
<LI><a href="#[9f]">&gt;&gt;</a>&nbsp;&nbsp;&nbsp;MCI_Cmd_WriteBlock
<LI><a href="#[9e]">&gt;&gt;</a>&nbsp;&nbsp;&nbsp;MCI_Cmd_StopTransmission
<LI><a href="#[9d]">&gt;&gt;</a>&nbsp;&nbsp;&nbsp;MCI_SetBlockLen
<LI><a href="#[9c]">&gt;&gt;</a>&nbsp;&nbsp;&nbsp;MCI_Cmd_SelectCard
<LI><a href="#[9b]">&gt;&gt;</a>&nbsp;&nbsp;&nbsp;MCI_GetCSD
<LI><a href="#[8f]">&gt;&gt;</a>&nbsp;&nbsp;&nbsp;MCI_Acmd_SendBusWidth
</UL>

<P><STRONG><a name="[8c]"></a>MCI_CmdProcess</STRONG> (Thumb, 94 bytes, Stack size 0 bytes, lpc177x_8x_mci.o(.text))
<BR><BR>[Called By]<UL><LI><a href="#[26]">&gt;&gt;</a>&nbsp;&nbsp;&nbsp;MCI_IRQHandler
</UL>

<P><STRONG><a name="[8a]"></a>MCI_DataErrorProcess</STRONG> (Thumb, 78 bytes, Stack size 0 bytes, lpc177x_8x_mci.o(.text))
<BR><BR>[Called By]<UL><LI><a href="#[26]">&gt;&gt;</a>&nbsp;&nbsp;&nbsp;MCI_IRQHandler
</UL>

<P><STRONG><a name="[87]"></a>MCI_DATA_END_InterruptService</STRONG> (Thumb, 58 bytes, Stack size 4 bytes, lpc177x_8x_mci.o(.text))
<BR><BR>[Stack]<UL><LI>Max Depth = 4<LI>Call Chain = MCI_DATA_END_InterruptService
</UL>
<BR>[Calls]<UL><LI><a href="#[89]">&gt;&gt;</a>&nbsp;&nbsp;&nbsp;MCI_RXDisable
<LI><a href="#[88]">&gt;&gt;</a>&nbsp;&nbsp;&nbsp;MCI_TXDisable
</UL>
<BR>[Called By]<UL><LI><a href="#[26]">&gt;&gt;</a>&nbsp;&nbsp;&nbsp;MCI_IRQHandler
</UL>

<P><STRONG><a name="[8b]"></a>MCI_FIFOInterruptService</STRONG> (Thumb, 2 bytes, Stack size 0 bytes, lpc177x_8x_mci.o(.text))
<BR><BR>[Called By]<UL><LI><a href="#[26]">&gt;&gt;</a>&nbsp;&nbsp;&nbsp;MCI_IRQHandler
</UL>

<P><STRONG><a name="[26]"></a>MCI_IRQHandler</STRONG> (Thumb, 62 bytes, Stack size 4 bytes, lpc177x_8x_mci.o(.text))
<BR><BR>[Stack]<UL><LI>Max Depth = 8<LI>Call Chain = MCI_IRQHandler &rArr; MCI_DATA_END_InterruptService
</UL>
<BR>[Calls]<UL><LI><a href="#[8b]">&gt;&gt;</a>&nbsp;&nbsp;&nbsp;MCI_FIFOInterruptService
<LI><a href="#[87]">&gt;&gt;</a>&nbsp;&nbsp;&nbsp;MCI_DATA_END_InterruptService
<LI><a href="#[8a]">&gt;&gt;</a>&nbsp;&nbsp;&nbsp;MCI_DataErrorProcess
<LI><a href="#[8c]">&gt;&gt;</a>&nbsp;&nbsp;&nbsp;MCI_CmdProcess
</UL>
<BR>[Address Reference Count : 1]<UL><LI> startup_lpc177x_8x.o(RESET)
</UL>
<P><STRONG><a name="[8d]"></a>MCI_Set_MCIClock</STRONG> (Thumb, 70 bytes, Stack size 24 bytes, lpc177x_8x_mci.o(.text), UNUSED)
<BR><BR>[Calls]<UL><LI><a href="#[69]">&gt;&gt;</a>&nbsp;&nbsp;&nbsp;CLKPWR_GetCLK
</UL>
<BR>[Called By]<UL><LI><a href="#[97]">&gt;&gt;</a>&nbsp;&nbsp;&nbsp;MCI_Init
</UL>

<P><STRONG><a name="[8e]"></a>MCI_Cmd_SendACMD</STRONG> (Thumb, 122 bytes, Stack size 60 bytes, lpc177x_8x_mci.o(.text), UNUSED)
<BR><BR>[Calls]<UL><LI><a href="#[82]">&gt;&gt;</a>&nbsp;&nbsp;&nbsp;MCI_CmdResp
</UL>
<BR>[Called By]<UL><LI><a href="#[92]">&gt;&gt;</a>&nbsp;&nbsp;&nbsp;MCI_Acmd_SendOpCond
<LI><a href="#[8f]">&gt;&gt;</a>&nbsp;&nbsp;&nbsp;MCI_Acmd_SendBusWidth
</UL>

<P><STRONG><a name="[8f]"></a>MCI_Acmd_SendBusWidth</STRONG> (Thumb, 116 bytes, Stack size 60 bytes, lpc177x_8x_mci.o(.text), UNUSED)
<BR><BR>[Calls]<UL><LI><a href="#[8e]">&gt;&gt;</a>&nbsp;&nbsp;&nbsp;MCI_Cmd_SendACMD
<LI><a href="#[86]">&gt;&gt;</a>&nbsp;&nbsp;&nbsp;MCI_CheckStatus
<LI><a href="#[82]">&gt;&gt;</a>&nbsp;&nbsp;&nbsp;MCI_CmdResp
</UL>
<BR>[Called By]<UL><LI><a href="#[90]">&gt;&gt;</a>&nbsp;&nbsp;&nbsp;MCI_SetBusWidth
</UL>

<P><STRONG><a name="[90]"></a>MCI_SetBusWidth</STRONG> (Thumb, 98 bytes, Stack size 16 bytes, lpc177x_8x_mci.o(.text), UNUSED)
<BR><BR>[Calls]<UL><LI><a href="#[8f]">&gt;&gt;</a>&nbsp;&nbsp;&nbsp;MCI_Acmd_SendBusWidth
</UL>

<P><STRONG><a name="[91]"></a>MCI_Cmd_SendOpCond</STRONG> (Thumb, 102 bytes, Stack size 56 bytes, lpc177x_8x_mci.o(.text), UNUSED)
<BR><BR>[Calls]<UL><LI><a href="#[82]">&gt;&gt;</a>&nbsp;&nbsp;&nbsp;MCI_CmdResp
</UL>
<BR>[Called By]<UL><LI><a href="#[96]">&gt;&gt;</a>&nbsp;&nbsp;&nbsp;MCI_CardInit
</UL>

<P><STRONG><a name="[93]"></a>MCI_SetOutputMode</STRONG> (Thumb, 44 bytes, Stack size 0 bytes, lpc177x_8x_mci.o(.text), UNUSED)
<BR><BR>[Called By]<UL><LI><a href="#[9a]">&gt;&gt;</a>&nbsp;&nbsp;&nbsp;MCI_SetCardAddress
<LI><a href="#[96]">&gt;&gt;</a>&nbsp;&nbsp;&nbsp;MCI_CardInit
<LI><a href="#[92]">&gt;&gt;</a>&nbsp;&nbsp;&nbsp;MCI_Acmd_SendOpCond
</UL>

<P><STRONG><a name="[92]"></a>MCI_Acmd_SendOpCond</STRONG> (Thumb, 144 bytes, Stack size 64 bytes, lpc177x_8x_mci.o(.text), UNUSED)
<BR><BR>[Calls]<UL><LI><a href="#[93]">&gt;&gt;</a>&nbsp;&nbsp;&nbsp;MCI_SetOutputMode
<LI><a href="#[8e]">&gt;&gt;</a>&nbsp;&nbsp;&nbsp;MCI_Cmd_SendACMD
<LI><a href="#[82]">&gt;&gt;</a>&nbsp;&nbsp;&nbsp;MCI_CmdResp
</UL>
<BR>[Called By]<UL><LI><a href="#[96]">&gt;&gt;</a>&nbsp;&nbsp;&nbsp;MCI_CardInit
</UL>

<P><STRONG><a name="[94]"></a>MCI_Cmd_SendIfCond</STRONG> (Thumb, 164 bytes, Stack size 68 bytes, lpc177x_8x_mci.o(.text), UNUSED)
<BR><BR>[Calls]<UL><LI><a href="#[82]">&gt;&gt;</a>&nbsp;&nbsp;&nbsp;MCI_CmdResp
</UL>
<BR>[Called By]<UL><LI><a href="#[96]">&gt;&gt;</a>&nbsp;&nbsp;&nbsp;MCI_CardInit
</UL>

<P><STRONG><a name="[95]"></a>MCI_CardReset</STRONG> (Thumb, 28 bytes, Stack size 24 bytes, lpc177x_8x_mci.o(.text), UNUSED)
<BR><BR>[Calls]<UL><LI><a href="#[83]">&gt;&gt;</a>&nbsp;&nbsp;&nbsp;MCI_SendCmd
</UL>
<BR>[Called By]<UL><LI><a href="#[96]">&gt;&gt;</a>&nbsp;&nbsp;&nbsp;MCI_CardInit
</UL>

<P><STRONG><a name="[96]"></a>MCI_CardInit</STRONG> (Thumb, 160 bytes, Stack size 12 bytes, lpc177x_8x_mci.o(.text), UNUSED)
<BR><BR>[Calls]<UL><LI><a href="#[95]">&gt;&gt;</a>&nbsp;&nbsp;&nbsp;MCI_CardReset
<LI><a href="#[94]">&gt;&gt;</a>&nbsp;&nbsp;&nbsp;MCI_Cmd_SendIfCond
<LI><a href="#[92]">&gt;&gt;</a>&nbsp;&nbsp;&nbsp;MCI_Acmd_SendOpCond
<LI><a href="#[93]">&gt;&gt;</a>&nbsp;&nbsp;&nbsp;MCI_SetOutputMode
<LI><a href="#[91]">&gt;&gt;</a>&nbsp;&nbsp;&nbsp;MCI_Cmd_SendOpCond
</UL>
<BR>[Called By]<UL><LI><a href="#[97]">&gt;&gt;</a>&nbsp;&nbsp;&nbsp;MCI_Init
</UL>

<P><STRONG><a name="[97]"></a>MCI_Init</STRONG> (Thumb, 576 bytes, Stack size 16 bytes, lpc177x_8x_mci.o(.text), UNUSED)
<BR><BR>[Calls]<UL><LI><a href="#[96]">&gt;&gt;</a>&nbsp;&nbsp;&nbsp;MCI_CardInit
<LI><a href="#[8d]">&gt;&gt;</a>&nbsp;&nbsp;&nbsp;MCI_Set_MCIClock
<LI><a href="#[81]">&gt;&gt;</a>&nbsp;&nbsp;&nbsp;NVIC_EnableIRQ
<LI><a href="#[50]">&gt;&gt;</a>&nbsp;&nbsp;&nbsp;GPIO_ClearValue
<LI><a href="#[4f]">&gt;&gt;</a>&nbsp;&nbsp;&nbsp;GPIO_SetValue
<LI><a href="#[4d]">&gt;&gt;</a>&nbsp;&nbsp;&nbsp;GPIO_SetDir
<LI><a href="#[98]">&gt;&gt;</a>&nbsp;&nbsp;&nbsp;PINSEL_ConfigPin
</UL>

<P><STRONG><a name="[18b]"></a>MCI_GetCardType</STRONG> (Thumb, 8 bytes, Stack size 0 bytes, lpc177x_8x_mci.o(.text), UNUSED)

<P><STRONG><a name="[99]"></a>MCI_GetCID</STRONG> (Thumb, 154 bytes, Stack size 56 bytes, lpc177x_8x_mci.o(.text), UNUSED)
<BR><BR>[Calls]<UL><LI><a href="#[82]">&gt;&gt;</a>&nbsp;&nbsp;&nbsp;MCI_CmdResp
</UL>

<P><STRONG><a name="[9a]"></a>MCI_SetCardAddress</STRONG> (Thumb, 200 bytes, Stack size 48 bytes, lpc177x_8x_mci.o(.text), UNUSED)
<BR><BR>[Calls]<UL><LI><a href="#[93]">&gt;&gt;</a>&nbsp;&nbsp;&nbsp;MCI_SetOutputMode
<LI><a href="#[82]">&gt;&gt;</a>&nbsp;&nbsp;&nbsp;MCI_CmdResp
</UL>

<P><STRONG><a name="[18c]"></a>MCI_GetCardAddress</STRONG> (Thumb, 6 bytes, Stack size 0 bytes, lpc177x_8x_mci.o(.text), UNUSED)

<P><STRONG><a name="[9b]"></a>MCI_GetCSD</STRONG> (Thumb, 136 bytes, Stack size 60 bytes, lpc177x_8x_mci.o(.text), UNUSED)
<BR><BR>[Calls]<UL><LI><a href="#[86]">&gt;&gt;</a>&nbsp;&nbsp;&nbsp;MCI_CheckStatus
<LI><a href="#[82]">&gt;&gt;</a>&nbsp;&nbsp;&nbsp;MCI_CmdResp
</UL>

<P><STRONG><a name="[9c]"></a>MCI_Cmd_SelectCard</STRONG> (Thumb, 206 bytes, Stack size 60 bytes, lpc177x_8x_mci.o(.text), UNUSED)
<BR><BR>[Calls]<UL><LI><a href="#[86]">&gt;&gt;</a>&nbsp;&nbsp;&nbsp;MCI_CheckStatus
<LI><a href="#[82]">&gt;&gt;</a>&nbsp;&nbsp;&nbsp;MCI_CmdResp
</UL>

<P><STRONG><a name="[9d]"></a>MCI_SetBlockLen</STRONG> (Thumb, 110 bytes, Stack size 60 bytes, lpc177x_8x_mci.o(.text), UNUSED)
<BR><BR>[Calls]<UL><LI><a href="#[86]">&gt;&gt;</a>&nbsp;&nbsp;&nbsp;MCI_CheckStatus
<LI><a href="#[82]">&gt;&gt;</a>&nbsp;&nbsp;&nbsp;MCI_CmdResp
</UL>

<P><STRONG><a name="[18d]"></a>MCI_GetDataXferEndState</STRONG> (Thumb, 6 bytes, Stack size 0 bytes, lpc177x_8x_mci.o(.text), UNUSED)

<P><STRONG><a name="[18e]"></a>MCI_GetXferErrState</STRONG> (Thumb, 6 bytes, Stack size 0 bytes, lpc177x_8x_mci.o(.text), UNUSED)

<P><STRONG><a name="[9e]"></a>MCI_Cmd_StopTransmission</STRONG> (Thumb, 148 bytes, Stack size 56 bytes, lpc177x_8x_mci.o(.text), UNUSED)
<BR><BR>[Calls]<UL><LI><a href="#[86]">&gt;&gt;</a>&nbsp;&nbsp;&nbsp;MCI_CheckStatus
<LI><a href="#[82]">&gt;&gt;</a>&nbsp;&nbsp;&nbsp;MCI_CmdResp
</UL>

<P><STRONG><a name="[9f]"></a>MCI_Cmd_WriteBlock</STRONG> (Thumb, 158 bytes, Stack size 68 bytes, lpc177x_8x_mci.o(.text), UNUSED)
<BR><BR>[Calls]<UL><LI><a href="#[86]">&gt;&gt;</a>&nbsp;&nbsp;&nbsp;MCI_CheckStatus
<LI><a href="#[82]">&gt;&gt;</a>&nbsp;&nbsp;&nbsp;MCI_CmdResp
</UL>
<BR>[Called By]<UL><LI><a href="#[a1]">&gt;&gt;</a>&nbsp;&nbsp;&nbsp;MCI_WriteBlock
</UL>

<P><STRONG><a name="[a0]"></a>MCI_Cmd_ReadBlock</STRONG> (Thumb, 178 bytes, Stack size 68 bytes, lpc177x_8x_mci.o(.text), UNUSED)
<BR><BR>[Calls]<UL><LI><a href="#[86]">&gt;&gt;</a>&nbsp;&nbsp;&nbsp;MCI_CheckStatus
<LI><a href="#[82]">&gt;&gt;</a>&nbsp;&nbsp;&nbsp;MCI_CmdResp
</UL>
<BR>[Called By]<UL><LI><a href="#[a3]">&gt;&gt;</a>&nbsp;&nbsp;&nbsp;MCI_ReadBlock
</UL>

<P><STRONG><a name="[a1]"></a>MCI_WriteBlock</STRONG> (Thumb, 160 bytes, Stack size 24 bytes, lpc177x_8x_mci.o(.text), UNUSED)
<BR><BR>[Calls]<UL><LI><a href="#[9f]">&gt;&gt;</a>&nbsp;&nbsp;&nbsp;MCI_Cmd_WriteBlock
<LI><a href="#[86]">&gt;&gt;</a>&nbsp;&nbsp;&nbsp;MCI_CheckStatus
<LI><a href="#[a2]">&gt;&gt;</a>&nbsp;&nbsp;&nbsp;MCI_TXEnable
<LI><a href="#[7e]">&gt;&gt;</a>&nbsp;&nbsp;&nbsp;MCI_SettingDma
</UL>

<P><STRONG><a name="[a3]"></a>MCI_ReadBlock</STRONG> (Thumb, 160 bytes, Stack size 24 bytes, lpc177x_8x_mci.o(.text), UNUSED)
<BR><BR>[Calls]<UL><LI><a href="#[a0]">&gt;&gt;</a>&nbsp;&nbsp;&nbsp;MCI_Cmd_ReadBlock
<LI><a href="#[86]">&gt;&gt;</a>&nbsp;&nbsp;&nbsp;MCI_CheckStatus
<LI><a href="#[a4]">&gt;&gt;</a>&nbsp;&nbsp;&nbsp;MCI_RXEnable
<LI><a href="#[7e]">&gt;&gt;</a>&nbsp;&nbsp;&nbsp;MCI_SettingDma
</UL>

<P><STRONG><a name="[18f]"></a>MCI_PowerOff</STRONG> (Thumb, 26 bytes, Stack size 8 bytes, lpc177x_8x_mci.o(.text), UNUSED)

<P><STRONG><a name="[a5]"></a>PINSEL_GetPinType</STRONG> (Thumb, 164 bytes, Stack size 0 bytes, lpc177x_8x_pinsel.o(.text))
<BR><BR>[Called By]<UL><LI><a href="#[b0]">&gt;&gt;</a>&nbsp;&nbsp;&nbsp;PINSEL_SetFilter
<LI><a href="#[af]">&gt;&gt;</a>&nbsp;&nbsp;&nbsp;PINSEL_DacEnable
<LI><a href="#[ae]">&gt;&gt;</a>&nbsp;&nbsp;&nbsp;PINSEL_SetAnalogPinMode
<LI><a href="#[ad]">&gt;&gt;</a>&nbsp;&nbsp;&nbsp;PINSEL_SetOpenDrainMode
<LI><a href="#[ac]">&gt;&gt;</a>&nbsp;&nbsp;&nbsp;PINSEL_SetI2CMode
<LI><a href="#[ab]">&gt;&gt;</a>&nbsp;&nbsp;&nbsp;PINSEL_SetI2CFilter
<LI><a href="#[aa]">&gt;&gt;</a>&nbsp;&nbsp;&nbsp;PINSEL_SetSlewMode
<LI><a href="#[a9]">&gt;&gt;</a>&nbsp;&nbsp;&nbsp;PINSEL_SetInvertInput
<LI><a href="#[a8]">&gt;&gt;</a>&nbsp;&nbsp;&nbsp;PINSEL_SetHysMode
<LI><a href="#[a7]">&gt;&gt;</a>&nbsp;&nbsp;&nbsp;PINSEL_SetPinMode
<LI><a href="#[98]">&gt;&gt;</a>&nbsp;&nbsp;&nbsp;PINSEL_ConfigPin
</UL>

<P><STRONG><a name="[98]"></a>PINSEL_ConfigPin</STRONG> (Thumb, 66 bytes, Stack size 24 bytes, lpc177x_8x_pinsel.o(.text))
<BR><BR>[Stack]<UL><LI>Max Depth = 32<LI>Call Chain = PINSEL_ConfigPin &rArr; PIN_GetPointer
</UL>
<BR>[Calls]<UL><LI><a href="#[a5]">&gt;&gt;</a>&nbsp;&nbsp;&nbsp;PINSEL_GetPinType
<LI><a href="#[a6]">&gt;&gt;</a>&nbsp;&nbsp;&nbsp;PIN_GetPointer
</UL>
<BR>[Called By]<UL><LI><a href="#[97]">&gt;&gt;</a>&nbsp;&nbsp;&nbsp;MCI_Init
<LI><a href="#[b7]">&gt;&gt;</a>&nbsp;&nbsp;&nbsp;ADE7953_I2C_Inititial
<LI><a href="#[171]">&gt;&gt;</a>&nbsp;&nbsp;&nbsp;EINT_BSP_Init
<LI><a href="#[153]">&gt;&gt;</a>&nbsp;&nbsp;&nbsp;EVR_initi
</UL>

<P><STRONG><a name="[a7]"></a>PINSEL_SetPinMode</STRONG> (Thumb, 82 bytes, Stack size 24 bytes, lpc177x_8x_pinsel.o(.text))
<BR><BR>[Stack]<UL><LI>Max Depth = 32<LI>Call Chain = PINSEL_SetPinMode &rArr; PIN_GetPointer
</UL>
<BR>[Calls]<UL><LI><a href="#[a5]">&gt;&gt;</a>&nbsp;&nbsp;&nbsp;PINSEL_GetPinType
<LI><a href="#[a6]">&gt;&gt;</a>&nbsp;&nbsp;&nbsp;PIN_GetPointer
</UL>
<BR>[Called By]<UL><LI><a href="#[b7]">&gt;&gt;</a>&nbsp;&nbsp;&nbsp;ADE7953_I2C_Inititial
<LI><a href="#[171]">&gt;&gt;</a>&nbsp;&nbsp;&nbsp;EINT_BSP_Init
</UL>

<P><STRONG><a name="[a8]"></a>PINSEL_SetHysMode</STRONG> (Thumb, 78 bytes, Stack size 24 bytes, lpc177x_8x_pinsel.o(.text), UNUSED)
<BR><BR>[Calls]<UL><LI><a href="#[a5]">&gt;&gt;</a>&nbsp;&nbsp;&nbsp;PINSEL_GetPinType
<LI><a href="#[a6]">&gt;&gt;</a>&nbsp;&nbsp;&nbsp;PIN_GetPointer
</UL>

<P><STRONG><a name="[a9]"></a>PINSEL_SetInvertInput</STRONG> (Thumb, 76 bytes, Stack size 24 bytes, lpc177x_8x_pinsel.o(.text), UNUSED)
<BR><BR>[Calls]<UL><LI><a href="#[a5]">&gt;&gt;</a>&nbsp;&nbsp;&nbsp;PINSEL_GetPinType
<LI><a href="#[a6]">&gt;&gt;</a>&nbsp;&nbsp;&nbsp;PIN_GetPointer
</UL>

<P><STRONG><a name="[aa]"></a>PINSEL_SetSlewMode</STRONG> (Thumb, 78 bytes, Stack size 24 bytes, lpc177x_8x_pinsel.o(.text), UNUSED)
<BR><BR>[Calls]<UL><LI><a href="#[a5]">&gt;&gt;</a>&nbsp;&nbsp;&nbsp;PINSEL_GetPinType
<LI><a href="#[a6]">&gt;&gt;</a>&nbsp;&nbsp;&nbsp;PIN_GetPointer
</UL>

<P><STRONG><a name="[ab]"></a>PINSEL_SetI2CFilter</STRONG> (Thumb, 76 bytes, Stack size 24 bytes, lpc177x_8x_pinsel.o(.text), UNUSED)
<BR><BR>[Calls]<UL><LI><a href="#[a5]">&gt;&gt;</a>&nbsp;&nbsp;&nbsp;PINSEL_GetPinType
<LI><a href="#[a6]">&gt;&gt;</a>&nbsp;&nbsp;&nbsp;PIN_GetPointer
</UL>
<BR>[Called By]<UL><LI><a href="#[ac]">&gt;&gt;</a>&nbsp;&nbsp;&nbsp;PINSEL_SetI2CMode
</UL>

<P><STRONG><a name="[ac]"></a>PINSEL_SetI2CMode</STRONG> (Thumb, 136 bytes, Stack size 24 bytes, lpc177x_8x_pinsel.o(.text), UNUSED)
<BR><BR>[Calls]<UL><LI><a href="#[ab]">&gt;&gt;</a>&nbsp;&nbsp;&nbsp;PINSEL_SetI2CFilter
<LI><a href="#[a5]">&gt;&gt;</a>&nbsp;&nbsp;&nbsp;PINSEL_GetPinType
<LI><a href="#[a6]">&gt;&gt;</a>&nbsp;&nbsp;&nbsp;PIN_GetPointer
</UL>

<P><STRONG><a name="[ad]"></a>PINSEL_SetOpenDrainMode</STRONG> (Thumb, 82 bytes, Stack size 24 bytes, lpc177x_8x_pinsel.o(.text))
<BR><BR>[Stack]<UL><LI>Max Depth = 32<LI>Call Chain = PINSEL_SetOpenDrainMode &rArr; PIN_GetPointer
</UL>
<BR>[Calls]<UL><LI><a href="#[a5]">&gt;&gt;</a>&nbsp;&nbsp;&nbsp;PINSEL_GetPinType
<LI><a href="#[a6]">&gt;&gt;</a>&nbsp;&nbsp;&nbsp;PIN_GetPointer
</UL>
<BR>[Called By]<UL><LI><a href="#[b7]">&gt;&gt;</a>&nbsp;&nbsp;&nbsp;ADE7953_I2C_Inititial
</UL>

<P><STRONG><a name="[ae]"></a>PINSEL_SetAnalogPinMode</STRONG> (Thumb, 76 bytes, Stack size 24 bytes, lpc177x_8x_pinsel.o(.text), UNUSED)
<BR><BR>[Calls]<UL><LI><a href="#[a5]">&gt;&gt;</a>&nbsp;&nbsp;&nbsp;PINSEL_GetPinType
<LI><a href="#[a6]">&gt;&gt;</a>&nbsp;&nbsp;&nbsp;PIN_GetPointer
</UL>

<P><STRONG><a name="[af]"></a>PINSEL_DacEnable</STRONG> (Thumb, 88 bytes, Stack size 24 bytes, lpc177x_8x_pinsel.o(.text), UNUSED)
<BR><BR>[Calls]<UL><LI><a href="#[a5]">&gt;&gt;</a>&nbsp;&nbsp;&nbsp;PINSEL_GetPinType
<LI><a href="#[a6]">&gt;&gt;</a>&nbsp;&nbsp;&nbsp;PIN_GetPointer
</UL>

<P><STRONG><a name="[b0]"></a>PINSEL_SetFilter</STRONG> (Thumb, 80 bytes, Stack size 24 bytes, lpc177x_8x_pinsel.o(.text), UNUSED)
<BR><BR>[Calls]<UL><LI><a href="#[a5]">&gt;&gt;</a>&nbsp;&nbsp;&nbsp;PINSEL_GetPinType
<LI><a href="#[a6]">&gt;&gt;</a>&nbsp;&nbsp;&nbsp;PIN_GetPointer
</UL>

<P><STRONG><a name="[b1]"></a>RTC_Init</STRONG> (Thumb, 30 bytes, Stack size 8 bytes, lpc177x_8x_rtc.o(.text))
<BR><BR>[Stack]<UL><LI>Max Depth = 8<LI>Call Chain = RTC_Init
</UL>
<BR>[Calls]<UL><LI><a href="#[4a]">&gt;&gt;</a>&nbsp;&nbsp;&nbsp;CLKPWR_ConfigPPWR
</UL>
<BR>[Called By]<UL><LI><a href="#[b5]">&gt;&gt;</a>&nbsp;&nbsp;&nbsp;RTC_BSP_Init
</UL>

<P><STRONG><a name="[b2]"></a>RTC_DeInit</STRONG> (Thumb, 20 bytes, Stack size 8 bytes, lpc177x_8x_rtc.o(.text), UNUSED)
<BR><BR>[Calls]<UL><LI><a href="#[4a]">&gt;&gt;</a>&nbsp;&nbsp;&nbsp;CLKPWR_ConfigPPWR
</UL>

<P><STRONG><a name="[159]"></a>RTC_ResetClockTickCounter</STRONG> (Thumb, 18 bytes, Stack size 0 bytes, lpc177x_8x_rtc.o(.text))
<BR><BR>[Called By]<UL><LI><a href="#[b5]">&gt;&gt;</a>&nbsp;&nbsp;&nbsp;RTC_BSP_Init
</UL>

<P><STRONG><a name="[15a]"></a>RTC_Cmd</STRONG> (Thumb, 24 bytes, Stack size 0 bytes, lpc177x_8x_rtc.o(.text))
<BR><BR>[Called By]<UL><LI><a href="#[b5]">&gt;&gt;</a>&nbsp;&nbsp;&nbsp;RTC_BSP_Init
</UL>

<P><STRONG><a name="[15e]"></a>RTC_CntIncrIntConfig</STRONG> (Thumb, 202 bytes, Stack size 0 bytes, lpc177x_8x_rtc.o(.text))
<BR><BR>[Called By]<UL><LI><a href="#[b5]">&gt;&gt;</a>&nbsp;&nbsp;&nbsp;RTC_BSP_Init
</UL>

<P><STRONG><a name="[190]"></a>RTC_AlarmIntConfig</STRONG> (Thumb, 202 bytes, Stack size 0 bytes, lpc177x_8x_rtc.o(.text), UNUSED)

<P><STRONG><a name="[167]"></a>RTC_SetTime</STRONG> (Thumb, 138 bytes, Stack size 0 bytes, lpc177x_8x_rtc.o(.text), UNUSED)
<BR><BR>[Called By]<UL><LI><a href="#[16a]">&gt;&gt;</a>&nbsp;&nbsp;&nbsp;RTC_BSP_SetDate
<LI><a href="#[166]">&gt;&gt;</a>&nbsp;&nbsp;&nbsp;RTC_BSP_SetTime
</UL>

<P><STRONG><a name="[169]"></a>RTC_GetTime</STRONG> (Thumb, 98 bytes, Stack size 0 bytes, lpc177x_8x_rtc.o(.text), UNUSED)
<BR><BR>[Called By]<UL><LI><a href="#[16b]">&gt;&gt;</a>&nbsp;&nbsp;&nbsp;RTC_BSP_GetDate
<LI><a href="#[168]">&gt;&gt;</a>&nbsp;&nbsp;&nbsp;RTC_BSP_GetTime
</UL>

<P><STRONG><a name="[15c]"></a>RTC_SetFullTime</STRONG> (Thumb, 74 bytes, Stack size 0 bytes, lpc177x_8x_rtc.o(.text))
<BR><BR>[Called By]<UL><LI><a href="#[b5]">&gt;&gt;</a>&nbsp;&nbsp;&nbsp;RTC_BSP_Init
</UL>

<P><STRONG><a name="[137]"></a>RTC_GetFullTime</STRONG> (Thumb, 74 bytes, Stack size 0 bytes, lpc177x_8x_rtc.o(.text))
<BR><BR>[Called By]<UL><LI><a href="#[136]">&gt;&gt;</a>&nbsp;&nbsp;&nbsp;RTC_IRQ_SendSignal
<LI><a href="#[12e]">&gt;&gt;</a>&nbsp;&nbsp;&nbsp;Tariff_initial
</UL>

<P><STRONG><a name="[191]"></a>RTC_SetAlarmTime</STRONG> (Thumb, 142 bytes, Stack size 0 bytes, lpc177x_8x_rtc.o(.text), UNUSED)

<P><STRONG><a name="[192]"></a>RTC_GetAlarmTime</STRONG> (Thumb, 102 bytes, Stack size 0 bytes, lpc177x_8x_rtc.o(.text), UNUSED)

<P><STRONG><a name="[193]"></a>RTC_SetFullAlarmTime</STRONG> (Thumb, 74 bytes, Stack size 0 bytes, lpc177x_8x_rtc.o(.text), UNUSED)

<P><STRONG><a name="[194]"></a>RTC_GetFullAlarmTime</STRONG> (Thumb, 74 bytes, Stack size 0 bytes, lpc177x_8x_rtc.o(.text), UNUSED)

<P><STRONG><a name="[14c]"></a>RTC_GetIntPending</STRONG> (Thumb, 16 bytes, Stack size 0 bytes, lpc177x_8x_rtc.o(.text))
<BR><BR>[Called By]<UL><LI><a href="#[1a]">&gt;&gt;</a>&nbsp;&nbsp;&nbsp;RTC_IRQHandler
</UL>

<P><STRONG><a name="[14d]"></a>RTC_ClearIntPending</STRONG> (Thumb, 8 bytes, Stack size 0 bytes, lpc177x_8x_rtc.o(.text))
<BR><BR>[Called By]<UL><LI><a href="#[1a]">&gt;&gt;</a>&nbsp;&nbsp;&nbsp;RTC_IRQHandler
</UL>

<P><STRONG><a name="[15b]"></a>RTC_CalibCounterCmd</STRONG> (Thumb, 24 bytes, Stack size 0 bytes, lpc177x_8x_rtc.o(.text))
<BR><BR>[Called By]<UL><LI><a href="#[b5]">&gt;&gt;</a>&nbsp;&nbsp;&nbsp;RTC_BSP_Init
</UL>

<P><STRONG><a name="[195]"></a>RTC_CalibConfig</STRONG> (Thumb, 22 bytes, Stack size 8 bytes, lpc177x_8x_rtc.o(.text), UNUSED)

<P><STRONG><a name="[196]"></a>RTC_WriteGPREG</STRONG> (Thumb, 14 bytes, Stack size 8 bytes, lpc177x_8x_rtc.o(.text), UNUSED)

<P><STRONG><a name="[197]"></a>RTC_ReadGPREG</STRONG> (Thumb, 16 bytes, Stack size 8 bytes, lpc177x_8x_rtc.o(.text), UNUSED)

<P><STRONG><a name="[154]"></a>RTC_ER_InitConfigStruct</STRONG> (Thumb, 46 bytes, Stack size 0 bytes, lpc177x_8x_rtc.o(.text))
<BR><BR>[Called By]<UL><LI><a href="#[153]">&gt;&gt;</a>&nbsp;&nbsp;&nbsp;EVR_initi
</UL>

<P><STRONG><a name="[155]"></a>RTC_ER_Init</STRONG> (Thumb, 430 bytes, Stack size 0 bytes, lpc177x_8x_rtc.o(.text))
<BR><BR>[Called By]<UL><LI><a href="#[153]">&gt;&gt;</a>&nbsp;&nbsp;&nbsp;EVR_initi
</UL>

<P><STRONG><a name="[156]"></a>RTC_ER_Cmd</STRONG> (Thumb, 126 bytes, Stack size 0 bytes, lpc177x_8x_rtc.o(.text))
<BR><BR>[Called By]<UL><LI><a href="#[153]">&gt;&gt;</a>&nbsp;&nbsp;&nbsp;EVR_initi
</UL>

<P><STRONG><a name="[14f]"></a>RTC_ER_GetEventCount</STRONG> (Thumb, 52 bytes, Stack size 0 bytes, lpc177x_8x_rtc.o(.text))
<BR><BR>[Called By]<UL><LI><a href="#[b5]">&gt;&gt;</a>&nbsp;&nbsp;&nbsp;RTC_BSP_Init
<LI><a href="#[1a]">&gt;&gt;</a>&nbsp;&nbsp;&nbsp;RTC_IRQHandler
</UL>

<P><STRONG><a name="[14e]"></a>RTC_ER_GetStatus</STRONG> (Thumb, 6 bytes, Stack size 0 bytes, lpc177x_8x_rtc.o(.text))
<BR><BR>[Called By]<UL><LI><a href="#[1a]">&gt;&gt;</a>&nbsp;&nbsp;&nbsp;RTC_IRQHandler
</UL>

<P><STRONG><a name="[152]"></a>RTC_ER_ClearStatus</STRONG> (Thumb, 16 bytes, Stack size 0 bytes, lpc177x_8x_rtc.o(.text))
<BR><BR>[Called By]<UL><LI><a href="#[1a]">&gt;&gt;</a>&nbsp;&nbsp;&nbsp;RTC_IRQHandler
</UL>

<P><STRONG><a name="[198]"></a>RTC_ER_WakupReqPending</STRONG> (Thumb, 18 bytes, Stack size 0 bytes, lpc177x_8x_rtc.o(.text), UNUSED)

<P><STRONG><a name="[199]"></a>RTC_ER_GPCleared</STRONG> (Thumb, 18 bytes, Stack size 0 bytes, lpc177x_8x_rtc.o(.text), UNUSED)

<P><STRONG><a name="[150]"></a>RTC_ER_GetFirstTimeStamp</STRONG> (Thumb, 196 bytes, Stack size 0 bytes, lpc177x_8x_rtc.o(.text))
<BR><BR>[Called By]<UL><LI><a href="#[b5]">&gt;&gt;</a>&nbsp;&nbsp;&nbsp;RTC_BSP_Init
<LI><a href="#[1a]">&gt;&gt;</a>&nbsp;&nbsp;&nbsp;RTC_IRQHandler
</UL>

<P><STRONG><a name="[151]"></a>RTC_ER_GetLastTimeStamp</STRONG> (Thumb, 234 bytes, Stack size 0 bytes, lpc177x_8x_rtc.o(.text))
<BR><BR>[Called By]<UL><LI><a href="#[b5]">&gt;&gt;</a>&nbsp;&nbsp;&nbsp;RTC_BSP_Init
<LI><a href="#[1a]">&gt;&gt;</a>&nbsp;&nbsp;&nbsp;RTC_IRQHandler
</UL>

<P><STRONG><a name="[19a]"></a>BlinkLED</STRONG> (Thumb, 6 bytes, Stack size 0 bytes, user_bsp.o(.text), UNUSED)

<P><STRONG><a name="[b3]"></a>User_BSP_Init</STRONG> (Thumb, 96 bytes, Stack size 56 bytes, user_bsp.o(.text))
<BR><BR>[Stack]<UL><LI>Max Depth = 232<LI>Call Chain = User_BSP_Init &rArr; ADE7953_I2C_Inititial &rArr; ADE7953_i2c_Read &rArr; I2C_MasterTransferData &rArr; I2C_MasterHanleStates
</UL>
<BR>[Calls]<UL><LI><a href="#[4b]">&gt;&gt;</a>&nbsp;&nbsp;&nbsp;GPIO_Init
<LI><a href="#[49]">&gt;&gt;</a>&nbsp;&nbsp;&nbsp;GPDMA_Init
<LI><a href="#[b6]">&gt;&gt;</a>&nbsp;&nbsp;&nbsp;EXTI_Init
<LI><a href="#[b5]">&gt;&gt;</a>&nbsp;&nbsp;&nbsp;RTC_BSP_Init
<LI><a href="#[b7]">&gt;&gt;</a>&nbsp;&nbsp;&nbsp;ADE7953_I2C_Inititial
<LI><a href="#[b4]">&gt;&gt;</a>&nbsp;&nbsp;&nbsp;NVIC_EnableIRQ
</UL>
<BR>[Called By]<UL><LI><a href="#[37]">&gt;&gt;</a>&nbsp;&nbsp;&nbsp;App_TaskStart
</UL>

<P><STRONG><a name="[19b]"></a>GPIO_IntCmdDisable</STRONG> (Thumb, 126 bytes, Stack size 8 bytes, user_bsp.o(.text), UNUSED)

<P><STRONG><a name="[d4]"></a>OSInitHookBegin</STRONG> (Thumb, 8 bytes, Stack size 0 bytes, os_cpu_c.o(.text))
<BR><BR>[Called By]<UL><LI><a href="#[d3]">&gt;&gt;</a>&nbsp;&nbsp;&nbsp;OSInit
</UL>

<P><STRONG><a name="[db]"></a>OSInitHookEnd</STRONG> (Thumb, 2 bytes, Stack size 0 bytes, os_cpu_c.o(.text))
<BR><BR>[Called By]<UL><LI><a href="#[d3]">&gt;&gt;</a>&nbsp;&nbsp;&nbsp;OSInit
</UL>

<P><STRONG><a name="[e6]"></a>OSTaskCreateHook</STRONG> (Thumb, 2 bytes, Stack size 0 bytes, os_cpu_c.o(.text))
<BR><BR>[Called By]<UL><LI><a href="#[e4]">&gt;&gt;</a>&nbsp;&nbsp;&nbsp;OS_TCBInit
</UL>

<P><STRONG><a name="[112]"></a>OSTaskDelHook</STRONG> (Thumb, 2 bytes, Stack size 0 bytes, os_cpu_c.o(.text))
<BR><BR>[Called By]<UL><LI><a href="#[110]">&gt;&gt;</a>&nbsp;&nbsp;&nbsp;OSTaskDel
</UL>

<P><STRONG><a name="[ce]"></a>OSTaskIdleHook</STRONG> (Thumb, 2 bytes, Stack size 0 bytes, os_cpu_c.o(.text))
<BR><BR>[Called By]<UL><LI><a href="#[cd]">&gt;&gt;</a>&nbsp;&nbsp;&nbsp;OS_TaskIdle
</UL>

<P><STRONG><a name="[c9]"></a>OSTaskStatHook</STRONG> (Thumb, 2 bytes, Stack size 0 bytes, os_cpu_c.o(.text))
<BR><BR>[Called By]<UL><LI><a href="#[c6]">&gt;&gt;</a>&nbsp;&nbsp;&nbsp;OS_TaskStat
</UL>

<P><STRONG><a name="[10e]"></a>OSTaskStkInit</STRONG> (Thumb, 152 bytes, Stack size 16 bytes, os_cpu_c.o(.text))
<BR><BR>[Stack]<UL><LI>Max Depth = 16<LI>Call Chain = OSTaskStkInit
</UL>
<BR>[Called By]<UL><LI><a href="#[10d]">&gt;&gt;</a>&nbsp;&nbsp;&nbsp;OSTaskCreate
<LI><a href="#[cb]">&gt;&gt;</a>&nbsp;&nbsp;&nbsp;OSTaskCreateExt
</UL>

<P><STRONG><a name="[19c]"></a>OSTaskSwHook</STRONG> (Thumb, 2 bytes, Stack size 0 bytes, os_cpu_c.o(.text), UNUSED)

<P><STRONG><a name="[e5]"></a>OSTCBInitHook</STRONG> (Thumb, 2 bytes, Stack size 0 bytes, os_cpu_c.o(.text))
<BR><BR>[Called By]<UL><LI><a href="#[e4]">&gt;&gt;</a>&nbsp;&nbsp;&nbsp;OS_TCBInit
</UL>

<P><STRONG><a name="[b8]"></a>OSTimeTickHook</STRONG> (Thumb, 30 bytes, Stack size 8 bytes, os_cpu_c.o(.text))
<BR><BR>[Stack]<UL><LI>Max Depth = 88 + Unknown Stack Size
<LI>Call Chain = OSTimeTickHook &rArr; OSTmrSignal &rArr; OSSemPost &rArr; OS_EventTaskRdy &rArr; OS_EventTaskRemoveMulti
</UL>
<BR>[Calls]<UL><LI><a href="#[b9]">&gt;&gt;</a>&nbsp;&nbsp;&nbsp;OSTmrSignal
</UL>
<BR>[Called By]<UL><LI><a href="#[bc]">&gt;&gt;</a>&nbsp;&nbsp;&nbsp;OSTimeTick
</UL>

<P><STRONG><a name="[9]"></a>SysTick_Handler</STRONG> (Thumb, 34 bytes, Stack size 8 bytes, os_cpu_c.o(.text))
<BR><BR>[Stack]<UL><LI>Max Depth = 112 + Unknown Stack Size
<LI>Call Chain = SysTick_Handler &rArr; OSTimeTick &rArr; OSTimeTickHook &rArr; OSTmrSignal &rArr; OSSemPost &rArr; OS_EventTaskRdy &rArr; OS_EventTaskRemoveMulti
</UL>
<BR>[Calls]<UL><LI><a href="#[bc]">&gt;&gt;</a>&nbsp;&nbsp;&nbsp;OSTimeTick
<LI><a href="#[bd]">&gt;&gt;</a>&nbsp;&nbsp;&nbsp;OSIntExit
<LI><a href="#[bb]">&gt;&gt;</a>&nbsp;&nbsp;&nbsp;OS_CPU_SR_Restore
<LI><a href="#[ba]">&gt;&gt;</a>&nbsp;&nbsp;&nbsp;OS_CPU_SR_Save
</UL>
<BR>[Address Reference Count : 1]<UL><LI> startup_lpc177x_8x.o(RESET)
</UL>
<P><STRONG><a name="[130]"></a>OS_CPU_SysTickInit</STRONG> (Thumb, 42 bytes, Stack size 0 bytes, os_cpu_c.o(.text))
<BR><BR>[Called By]<UL><LI><a href="#[37]">&gt;&gt;</a>&nbsp;&nbsp;&nbsp;App_TaskStart
</UL>

<P><STRONG><a name="[c3]"></a>OS_EventTaskRemoveMulti</STRONG> (Thumb, 60 bytes, Stack size 20 bytes, os_core.o(.text))
<BR><BR>[Stack]<UL><LI>Max Depth = 20<LI>Call Chain = OS_EventTaskRemoveMulti
</UL>
<BR>[Called By]<UL><LI><a href="#[110]">&gt;&gt;</a>&nbsp;&nbsp;&nbsp;OSTaskDel
<LI><a href="#[e2]">&gt;&gt;</a>&nbsp;&nbsp;&nbsp;OS_EventTaskRdy
<LI><a href="#[c1]">&gt;&gt;</a>&nbsp;&nbsp;&nbsp;OSEventPendMulti
</UL>

<P><STRONG><a name="[be]"></a>OS_Sched</STRONG> (Thumb, 88 bytes, Stack size 8 bytes, os_core.o(.text))
<BR><BR>[Stack]<UL><LI>Max Depth = 8 + Unknown Stack Size
<LI>Call Chain = OS_Sched
</UL>
<BR>[Calls]<UL><LI><a href="#[bf]">&gt;&gt;</a>&nbsp;&nbsp;&nbsp;OS_SchedNew
<LI><a href="#[c0]">&gt;&gt;</a>&nbsp;&nbsp;&nbsp;OSCtxSw
<LI><a href="#[bb]">&gt;&gt;</a>&nbsp;&nbsp;&nbsp;OS_CPU_SR_Restore
<LI><a href="#[ba]">&gt;&gt;</a>&nbsp;&nbsp;&nbsp;OS_CPU_SR_Save
</UL>
<BR>[Called By]<UL><LI><a href="#[11c]">&gt;&gt;</a>&nbsp;&nbsp;&nbsp;OSTimeDlyResume
<LI><a href="#[115]">&gt;&gt;</a>&nbsp;&nbsp;&nbsp;OSTaskResume
<LI><a href="#[110]">&gt;&gt;</a>&nbsp;&nbsp;&nbsp;OSTaskDel
<LI><a href="#[10d]">&gt;&gt;</a>&nbsp;&nbsp;&nbsp;OSTaskCreate
<LI><a href="#[10c]">&gt;&gt;</a>&nbsp;&nbsp;&nbsp;OSTaskChangePrio
<LI><a href="#[109]">&gt;&gt;</a>&nbsp;&nbsp;&nbsp;OSSemPost
<LI><a href="#[108]">&gt;&gt;</a>&nbsp;&nbsp;&nbsp;OSSemPend
<LI><a href="#[107]">&gt;&gt;</a>&nbsp;&nbsp;&nbsp;OSSemDel
<LI><a href="#[104]">&gt;&gt;</a>&nbsp;&nbsp;&nbsp;OSQPostOpt
<LI><a href="#[103]">&gt;&gt;</a>&nbsp;&nbsp;&nbsp;OSQPostFront
<LI><a href="#[102]">&gt;&gt;</a>&nbsp;&nbsp;&nbsp;OSQPost
<LI><a href="#[101]">&gt;&gt;</a>&nbsp;&nbsp;&nbsp;OSQPendAbort
<LI><a href="#[ff]">&gt;&gt;</a>&nbsp;&nbsp;&nbsp;OSQPend
<LI><a href="#[fd]">&gt;&gt;</a>&nbsp;&nbsp;&nbsp;OSQDel
<LI><a href="#[f2]">&gt;&gt;</a>&nbsp;&nbsp;&nbsp;OSFlagPost
<LI><a href="#[ef]">&gt;&gt;</a>&nbsp;&nbsp;&nbsp;OSFlagPend
<LI><a href="#[eb]">&gt;&gt;</a>&nbsp;&nbsp;&nbsp;OSFlagDel
<LI><a href="#[c7]">&gt;&gt;</a>&nbsp;&nbsp;&nbsp;OSTimeDly
<LI><a href="#[c8]">&gt;&gt;</a>&nbsp;&nbsp;&nbsp;OSTaskSuspend
<LI><a href="#[cb]">&gt;&gt;</a>&nbsp;&nbsp;&nbsp;OSTaskCreateExt
<LI><a href="#[de]">&gt;&gt;</a>&nbsp;&nbsp;&nbsp;OSSchedUnlock
<LI><a href="#[c1]">&gt;&gt;</a>&nbsp;&nbsp;&nbsp;OSEventPendMulti
</UL>

<P><STRONG><a name="[c2]"></a>OS_EventTaskWaitMulti</STRONG> (Thumb, 136 bytes, Stack size 16 bytes, os_core.o(.text), UNUSED)
<BR><BR>[Called By]<UL><LI><a href="#[c1]">&gt;&gt;</a>&nbsp;&nbsp;&nbsp;OSEventPendMulti
</UL>

<P><STRONG><a name="[c1]"></a>OSEventPendMulti</STRONG> (Thumb, 666 bytes, Stack size 64 bytes, os_core.o(.text), UNUSED)
<BR><BR>[Calls]<UL><LI><a href="#[c2]">&gt;&gt;</a>&nbsp;&nbsp;&nbsp;OS_EventTaskWaitMulti
<LI><a href="#[be]">&gt;&gt;</a>&nbsp;&nbsp;&nbsp;OS_Sched
<LI><a href="#[c3]">&gt;&gt;</a>&nbsp;&nbsp;&nbsp;OS_EventTaskRemoveMulti
<LI><a href="#[bb]">&gt;&gt;</a>&nbsp;&nbsp;&nbsp;OS_CPU_SR_Restore
<LI><a href="#[ba]">&gt;&gt;</a>&nbsp;&nbsp;&nbsp;OS_CPU_SR_Save
</UL>

<P><STRONG><a name="[c4]"></a>OS_TaskStatStkChk</STRONG> (Thumb, 54 bytes, Stack size 24 bytes, os_core.o(.text))
<BR><BR>[Stack]<UL><LI>Max Depth = 56 + Unknown Stack Size
<LI>Call Chain = OS_TaskStatStkChk &rArr; OSTaskStkChk
</UL>
<BR>[Calls]<UL><LI><a href="#[c5]">&gt;&gt;</a>&nbsp;&nbsp;&nbsp;OSTaskStkChk
</UL>
<BR>[Called By]<UL><LI><a href="#[c6]">&gt;&gt;</a>&nbsp;&nbsp;&nbsp;OS_TaskStat
</UL>

<P><STRONG><a name="[c6]"></a>OS_TaskStat</STRONG> (Thumb, 174 bytes, Stack size 0 bytes, os_core.o(.text))
<BR><BR>[Stack]<UL><LI>Max Depth = 56 + Unknown Stack Size
<LI>Call Chain = OS_TaskStat &rArr; OS_TaskStatStkChk &rArr; OSTaskStkChk
</UL>
<BR>[Calls]<UL><LI><a href="#[c7]">&gt;&gt;</a>&nbsp;&nbsp;&nbsp;OSTimeDly
<LI><a href="#[c8]">&gt;&gt;</a>&nbsp;&nbsp;&nbsp;OSTaskSuspend
<LI><a href="#[c4]">&gt;&gt;</a>&nbsp;&nbsp;&nbsp;OS_TaskStatStkChk
<LI><a href="#[c9]">&gt;&gt;</a>&nbsp;&nbsp;&nbsp;OSTaskStatHook
<LI><a href="#[bb]">&gt;&gt;</a>&nbsp;&nbsp;&nbsp;OS_CPU_SR_Restore
<LI><a href="#[ba]">&gt;&gt;</a>&nbsp;&nbsp;&nbsp;OS_CPU_SR_Save
</UL>
<BR>[Address Reference Count : 1]<UL><LI> os_core.o(.text)
</UL>
<P><STRONG><a name="[cd]"></a>OS_TaskIdle</STRONG> (Thumb, 34 bytes, Stack size 0 bytes, os_core.o(.text))
<BR><BR>[Calls]<UL><LI><a href="#[ce]">&gt;&gt;</a>&nbsp;&nbsp;&nbsp;OSTaskIdleHook
<LI><a href="#[bb]">&gt;&gt;</a>&nbsp;&nbsp;&nbsp;OS_CPU_SR_Restore
<LI><a href="#[ba]">&gt;&gt;</a>&nbsp;&nbsp;&nbsp;OS_CPU_SR_Save
</UL>
<BR>[Address Reference Count : 1]<UL><LI> os_core.o(.text)
</UL>
<P><STRONG><a name="[d1]"></a>OS_MemClr</STRONG> (Thumb, 18 bytes, Stack size 0 bytes, os_core.o(.text))
<BR><BR>[Called By]<UL><LI><a href="#[d9]">&gt;&gt;</a>&nbsp;&nbsp;&nbsp;OS_QInit
<LI><a href="#[d8]">&gt;&gt;</a>&nbsp;&nbsp;&nbsp;OS_MemInit
<LI><a href="#[d7]">&gt;&gt;</a>&nbsp;&nbsp;&nbsp;OS_FlagInit
<LI><a href="#[da]">&gt;&gt;</a>&nbsp;&nbsp;&nbsp;OSTmr_Init
<LI><a href="#[d2]">&gt;&gt;</a>&nbsp;&nbsp;&nbsp;OS_InitTCBList
<LI><a href="#[d0]">&gt;&gt;</a>&nbsp;&nbsp;&nbsp;OS_InitEventList
</UL>

<P><STRONG><a name="[d3]"></a>OSInit</STRONG> (Thumb, 52 bytes, Stack size 8 bytes, os_core.o(.text))
<BR><BR>[Stack]<UL><LI>Max Depth = 160 + Unknown Stack Size
<LI>Call Chain = OSInit &rArr; OSTmr_Init &rArr; OSTmr_InitTask &rArr; OSTaskCreateExt &rArr; OS_TCBInit
</UL>
<BR>[Calls]<UL><LI><a href="#[d9]">&gt;&gt;</a>&nbsp;&nbsp;&nbsp;OS_QInit
<LI><a href="#[d8]">&gt;&gt;</a>&nbsp;&nbsp;&nbsp;OS_MemInit
<LI><a href="#[d7]">&gt;&gt;</a>&nbsp;&nbsp;&nbsp;OS_FlagInit
<LI><a href="#[da]">&gt;&gt;</a>&nbsp;&nbsp;&nbsp;OSTmr_Init
<LI><a href="#[d5]">&gt;&gt;</a>&nbsp;&nbsp;&nbsp;OS_InitMisc
<LI><a href="#[d6]">&gt;&gt;</a>&nbsp;&nbsp;&nbsp;OS_InitRdyList
<LI><a href="#[d2]">&gt;&gt;</a>&nbsp;&nbsp;&nbsp;OS_InitTCBList
<LI><a href="#[d0]">&gt;&gt;</a>&nbsp;&nbsp;&nbsp;OS_InitEventList
<LI><a href="#[cf]">&gt;&gt;</a>&nbsp;&nbsp;&nbsp;OS_InitTaskIdle
<LI><a href="#[ca]">&gt;&gt;</a>&nbsp;&nbsp;&nbsp;OS_InitTaskStat
<LI><a href="#[db]">&gt;&gt;</a>&nbsp;&nbsp;&nbsp;OSInitHookEnd
<LI><a href="#[d4]">&gt;&gt;</a>&nbsp;&nbsp;&nbsp;OSInitHookBegin
</UL>
<BR>[Called By]<UL><LI><a href="#[40]">&gt;&gt;</a>&nbsp;&nbsp;&nbsp;os_initial
</UL>

<P><STRONG><a name="[19d]"></a>OSIntEnter</STRONG> (Thumb, 28 bytes, Stack size 0 bytes, os_core.o(.text), UNUSED)

<P><STRONG><a name="[bd]"></a>OSIntExit</STRONG> (Thumb, 112 bytes, Stack size 8 bytes, os_core.o(.text))
<BR><BR>[Stack]<UL><LI>Max Depth = 8 + Unknown Stack Size
<LI>Call Chain = OSIntExit
</UL>
<BR>[Calls]<UL><LI><a href="#[bf]">&gt;&gt;</a>&nbsp;&nbsp;&nbsp;OS_SchedNew
<LI><a href="#[dc]">&gt;&gt;</a>&nbsp;&nbsp;&nbsp;OSIntCtxSw
<LI><a href="#[bb]">&gt;&gt;</a>&nbsp;&nbsp;&nbsp;OS_CPU_SR_Restore
<LI><a href="#[ba]">&gt;&gt;</a>&nbsp;&nbsp;&nbsp;OS_CPU_SR_Save
</UL>
<BR>[Called By]<UL><LI><a href="#[9]">&gt;&gt;</a>&nbsp;&nbsp;&nbsp;SysTick_Handler
</UL>

<P><STRONG><a name="[dd]"></a>OSSchedLock</STRONG> (Thumb, 50 bytes, Stack size 8 bytes, os_core.o(.text))
<BR><BR>[Stack]<UL><LI>Max Depth = 8 + Unknown Stack Size
<LI>Call Chain = OSSchedLock
</UL>
<BR>[Calls]<UL><LI><a href="#[bb]">&gt;&gt;</a>&nbsp;&nbsp;&nbsp;OS_CPU_SR_Restore
<LI><a href="#[ba]">&gt;&gt;</a>&nbsp;&nbsp;&nbsp;OS_CPU_SR_Save
</UL>
<BR>[Called By]<UL><LI><a href="#[129]">&gt;&gt;</a>&nbsp;&nbsp;&nbsp;OSTmrStop
<LI><a href="#[127]">&gt;&gt;</a>&nbsp;&nbsp;&nbsp;OSTmrStart
<LI><a href="#[126]">&gt;&gt;</a>&nbsp;&nbsp;&nbsp;OSTmrStateGet
<LI><a href="#[125]">&gt;&gt;</a>&nbsp;&nbsp;&nbsp;OSTmrRemainGet
[...]
<LI><a href="#[fd]">&gt;&gt;</a>&nbsp;&nbsp;&nbsp;OSQDel
<LI><a href="#[fb]">&gt;&gt;</a>&nbsp;&nbsp;&nbsp;OSQCreate
<LI><a href="#[fa]">&gt;&gt;</a>&nbsp;&nbsp;&nbsp;OSQAccept
<LI><a href="#[f9]">&gt;&gt;</a>&nbsp;&nbsp;&nbsp;OSMemQuery
<LI><a href="#[f8]">&gt;&gt;</a>&nbsp;&nbsp;&nbsp;OSMemPut
<LI><a href="#[f7]">&gt;&gt;</a>&nbsp;&nbsp;&nbsp;OSMemNameSet
<LI><a href="#[f6]">&gt;&gt;</a>&nbsp;&nbsp;&nbsp;OSMemNameGet
<LI><a href="#[f5]">&gt;&gt;</a>&nbsp;&nbsp;&nbsp;OSMemGet
<LI><a href="#[f4]">&gt;&gt;</a>&nbsp;&nbsp;&nbsp;OSMemCreate
<LI><a href="#[f3]">&gt;&gt;</a>&nbsp;&nbsp;&nbsp;OSFlagQuery
<LI><a href="#[f2]">&gt;&gt;</a>&nbsp;&nbsp;&nbsp;OSFlagPost
<LI><a href="#[f1]">&gt;&gt;</a>&nbsp;&nbsp;&nbsp;OSFlagPendGetFlagsRdy
<LI><a href="#[ef]">&gt;&gt;</a>&nbsp;&nbsp;&nbsp;OSFlagPend
<LI><a href="#[ee]">&gt;&gt;</a>&nbsp;&nbsp;&nbsp;OSFlagNameSet
<LI><a href="#[ec]">&gt;&gt;</a>&nbsp;&nbsp;&nbsp;OSFlagNameGet
<LI><a href="#[eb]">&gt;&gt;</a>&nbsp;&nbsp;&nbsp;OSFlagDel
<LI><a href="#[e8]">&gt;&gt;</a>&nbsp;&nbsp;&nbsp;OSFlagCreate
<LI><a href="#[e7]">&gt;&gt;</a>&nbsp;&nbsp;&nbsp;OSFlagAccept
<LI><a href="#[c7]">&gt;&gt;</a>&nbsp;&nbsp;&nbsp;OSTimeDly
<LI><a href="#[c8]">&gt;&gt;</a>&nbsp;&nbsp;&nbsp;OSTaskSuspend
<LI><a href="#[c5]">&gt;&gt;</a>&nbsp;&nbsp;&nbsp;OSTaskStkChk
<LI><a href="#[cc]">&gt;&gt;</a>&nbsp;&nbsp;&nbsp;OSTaskNameSet
<LI><a href="#[cb]">&gt;&gt;</a>&nbsp;&nbsp;&nbsp;OSTaskCreateExt
<LI><a href="#[e4]">&gt;&gt;</a>&nbsp;&nbsp;&nbsp;OS_TCBInit
<LI><a href="#[e1]">&gt;&gt;</a>&nbsp;&nbsp;&nbsp;OSStatInit
<LI><a href="#[de]">&gt;&gt;</a>&nbsp;&nbsp;&nbsp;OSSchedUnlock
<LI><a href="#[dd]">&gt;&gt;</a>&nbsp;&nbsp;&nbsp;OSSchedLock
<LI><a href="#[cd]">&gt;&gt;</a>&nbsp;&nbsp;&nbsp;OS_TaskIdle
<LI><a href="#[c6]">&gt;&gt;</a>&nbsp;&nbsp;&nbsp;OS_TaskStat
<LI><a href="#[c1]">&gt;&gt;</a>&nbsp;&nbsp;&nbsp;OSEventPendMulti
<LI><a href="#[be]">&gt;&gt;</a>&nbsp;&nbsp;&nbsp;OS_Sched
<LI><a href="#[bc]">&gt;&gt;</a>&nbsp;&nbsp;&nbsp;OSTimeTick
<LI><a href="#[bd]">&gt;&gt;</a>&nbsp;&nbsp;&nbsp;OSIntExit
<LI><a href="#[9]">&gt;&gt;</a>&nbsp;&nbsp;&nbsp;SysTick_Handler
</UL>

<P><STRONG><a name="[e0]"></a>OSStartHighRdy</STRONG> (Thumb, 0 bytes, Stack size unknown bytes, os_cpu_a.o(OSKernelschedular))
<BR><BR>[Called By]<UL><LI><a href="#[df]">&gt;&gt;</a>&nbsp;&nbsp;&nbsp;OSStart
</UL>

<P><STRONG><a name="[c0]"></a>OSCtxSw</STRONG> (Thumb, 0 bytes, Stack size unknown bytes, os_cpu_a.o(OSKernelschedular))
<BR><BR>[Called By]<UL><LI><a href="#[be]">&gt;&gt;</a>&nbsp;&nbsp;&nbsp;OS_Sched
</UL>

<P><STRONG><a name="[dc]"></a>OSIntCtxSw</STRONG> (Thumb, 0 bytes, Stack size unknown bytes, os_cpu_a.o(OSKernelschedular))
<BR><BR>[Called By]<UL><LI><a href="#[bd]">&gt;&gt;</a>&nbsp;&nbsp;&nbsp;OSIntExit
</UL>

<P><STRONG><a name="[8]"></a>PendSV_Handler</STRONG> (Thumb, 0 bytes, Stack size unknown bytes, os_cpu_a.o(OSKernelschedular))
<BR>[Address Reference Count : 1]<UL><LI> startup_lpc177x_8x.o(RESET)
</UL>
<P><STRONG><a name="[132]"></a>IntDisAll</STRONG> (Thumb, 0 bytes, Stack size unknown bytes, os_cpu_a.o(OSKernelschedular))
<BR><BR>[Called By]<UL><LI><a href="#[40]">&gt;&gt;</a>&nbsp;&nbsp;&nbsp;os_initial
</UL>

<P><STRONG><a name="[1b2]"></a>__scatterload_copy</STRONG> (Thumb, 14 bytes, Stack size unknown bytes, handlers.o(i.__scatterload_copy), UNUSED)

<P><STRONG><a name="[1b3]"></a>__scatterload_zeroinit</STRONG> (Thumb, 14 bytes, Stack size unknown bytes, handlers.o(i.__scatterload_zeroinit), UNUSED)
<P>
<H3>
Local Symbols
</H3>
<P><STRONG><a name="[4e]"></a>GPIO_GetPointer</STRONG> (Thumb, 58 bytes, Stack size 0 bytes, lpc177x_8x_gpio.o(.text))
<BR><BR>[Called By]<UL><LI><a href="#[5b]">&gt;&gt;</a>&nbsp;&nbsp;&nbsp;FIO_SetMask
<LI><a href="#[52]">&gt;&gt;</a>&nbsp;&nbsp;&nbsp;GPIO_ReadValue
<LI><a href="#[50]">&gt;&gt;</a>&nbsp;&nbsp;&nbsp;GPIO_ClearValue
<LI><a href="#[4f]">&gt;&gt;</a>&nbsp;&nbsp;&nbsp;GPIO_SetValue
<LI><a href="#[4d]">&gt;&gt;</a>&nbsp;&nbsp;&nbsp;GPIO_SetDir
</UL>

<P><STRONG><a name="[5d]"></a>FIO_HalfWordGetPointer</STRONG> (Thumb, 58 bytes, Stack size 0 bytes, lpc177x_8x_gpio.o(.text), UNUSED)
<BR><BR>[Called By]<UL><LI><a href="#[61]">&gt;&gt;</a>&nbsp;&nbsp;&nbsp;FIO_HalfWordReadValue
<LI><a href="#[60]">&gt;&gt;</a>&nbsp;&nbsp;&nbsp;FIO_HalfWordClearValue
<LI><a href="#[5f]">&gt;&gt;</a>&nbsp;&nbsp;&nbsp;FIO_HalfWordSetValue
<LI><a href="#[5e]">&gt;&gt;</a>&nbsp;&nbsp;&nbsp;FIO_HalfWordSetMask
<LI><a href="#[5c]">&gt;&gt;</a>&nbsp;&nbsp;&nbsp;FIO_HalfWordSetDir
</UL>

<P><STRONG><a name="[63]"></a>FIO_ByteGetPointer</STRONG> (Thumb, 58 bytes, Stack size 0 bytes, lpc177x_8x_gpio.o(.text), UNUSED)
<BR><BR>[Called By]<UL><LI><a href="#[67]">&gt;&gt;</a>&nbsp;&nbsp;&nbsp;FIO_ByteReadValue
<LI><a href="#[66]">&gt;&gt;</a>&nbsp;&nbsp;&nbsp;FIO_ByteClearValue
<LI><a href="#[65]">&gt;&gt;</a>&nbsp;&nbsp;&nbsp;FIO_ByteSetValue
<LI><a href="#[64]">&gt;&gt;</a>&nbsp;&nbsp;&nbsp;FIO_ByteSetMask
<LI><a href="#[62]">&gt;&gt;</a>&nbsp;&nbsp;&nbsp;FIO_ByteSetDir
</UL>

<P><STRONG><a name="[6b]"></a>I2C_GetPointer</STRONG> (Thumb, 34 bytes, Stack size 0 bytes, lpc177x_8x_i2c.o(.text))
<BR><BR>[Called By]<UL><LI><a href="#[7d]">&gt;&gt;</a>&nbsp;&nbsp;&nbsp;I2C_MonitorHandler
<LI><a href="#[7c]">&gt;&gt;</a>&nbsp;&nbsp;&nbsp;I2C_MonitorGetDatabuffer
<LI><a href="#[7b]">&gt;&gt;</a>&nbsp;&nbsp;&nbsp;I2C_MonitorModeCmd
<LI><a href="#[7a]">&gt;&gt;</a>&nbsp;&nbsp;&nbsp;I2C_MonitorModeConfig
<LI><a href="#[79]">&gt;&gt;</a>&nbsp;&nbsp;&nbsp;I2C_SetOwnSlaveAddr
<LI><a href="#[78]">&gt;&gt;</a>&nbsp;&nbsp;&nbsp;I2C_SlaveTransferData
<LI><a href="#[77]">&gt;&gt;</a>&nbsp;&nbsp;&nbsp;I2C_MasterTransferData
<LI><a href="#[76]">&gt;&gt;</a>&nbsp;&nbsp;&nbsp;I2C_SlaveHandler
<LI><a href="#[73]">&gt;&gt;</a>&nbsp;&nbsp;&nbsp;I2C_MasterHandler
<LI><a href="#[72]">&gt;&gt;</a>&nbsp;&nbsp;&nbsp;I2C_SlaveHanleStates
<LI><a href="#[6e]">&gt;&gt;</a>&nbsp;&nbsp;&nbsp;I2C_MasterHanleStates
<LI><a href="#[6d]">&gt;&gt;</a>&nbsp;&nbsp;&nbsp;I2C_Cmd
<LI><a href="#[6c]">&gt;&gt;</a>&nbsp;&nbsp;&nbsp;I2C_DeInit
<LI><a href="#[6a]">&gt;&gt;</a>&nbsp;&nbsp;&nbsp;I2C_Init
</UL>

<P><STRONG><a name="[74]"></a>I2C_Start</STRONG> (Thumb, 30 bytes, Stack size 0 bytes, lpc177x_8x_i2c.o(.text))
<BR><BR>[Called By]<UL><LI><a href="#[77]">&gt;&gt;</a>&nbsp;&nbsp;&nbsp;I2C_MasterTransferData
<LI><a href="#[73]">&gt;&gt;</a>&nbsp;&nbsp;&nbsp;I2C_MasterHandler
</UL>

<P><STRONG><a name="[70]"></a>I2C_Stop</STRONG> (Thumb, 46 bytes, Stack size 0 bytes, lpc177x_8x_i2c.o(.text))
<BR><BR>[Called By]<UL><LI><a href="#[6e]">&gt;&gt;</a>&nbsp;&nbsp;&nbsp;I2C_MasterHanleStates
</UL>

<P><STRONG><a name="[6f]"></a>I2C_SendByte</STRONG> (Thumb, 50 bytes, Stack size 0 bytes, lpc177x_8x_i2c.o(.text))
<BR><BR>[Called By]<UL><LI><a href="#[6e]">&gt;&gt;</a>&nbsp;&nbsp;&nbsp;I2C_MasterHanleStates
</UL>

<P><STRONG><a name="[71]"></a>I2C_GetByte</STRONG> (Thumb, 32 bytes, Stack size 0 bytes, lpc177x_8x_i2c.o(.text))
<BR><BR>[Called By]<UL><LI><a href="#[6e]">&gt;&gt;</a>&nbsp;&nbsp;&nbsp;I2C_MasterHanleStates
</UL>

<P><STRONG><a name="[68]"></a>I2C_SetClock</STRONG> (Thumb, 28 bytes, Stack size 16 bytes, lpc177x_8x_i2c.o(.text))
<BR><BR>[Stack]<UL><LI>Max Depth = 16<LI>Call Chain = I2C_SetClock
</UL>
<BR>[Calls]<UL><LI><a href="#[69]">&gt;&gt;</a>&nbsp;&nbsp;&nbsp;CLKPWR_GetCLK
</UL>
<BR>[Called By]<UL><LI><a href="#[6a]">&gt;&gt;</a>&nbsp;&nbsp;&nbsp;I2C_Init
</UL>

<P><STRONG><a name="[81]"></a>NVIC_EnableIRQ</STRONG> (Thumb, 24 bytes, Stack size 0 bytes, lpc177x_8x_mci.o(.text), UNUSED)
<BR><BR>[Called By]<UL><LI><a href="#[97]">&gt;&gt;</a>&nbsp;&nbsp;&nbsp;MCI_Init
<LI><a href="#[7e]">&gt;&gt;</a>&nbsp;&nbsp;&nbsp;MCI_SettingDma
</UL>

<P><STRONG><a name="[a6]"></a>PIN_GetPointer</STRONG> (Thumb, 18 bytes, Stack size 8 bytes, lpc177x_8x_pinsel.o(.text))
<BR><BR>[Stack]<UL><LI>Max Depth = 8<LI>Call Chain = PIN_GetPointer
</UL>
<BR>[Called By]<UL><LI><a href="#[b0]">&gt;&gt;</a>&nbsp;&nbsp;&nbsp;PINSEL_SetFilter
<LI><a href="#[af]">&gt;&gt;</a>&nbsp;&nbsp;&nbsp;PINSEL_DacEnable
<LI><a href="#[ae]">&gt;&gt;</a>&nbsp;&nbsp;&nbsp;PINSEL_SetAnalogPinMode
<LI><a href="#[ad]">&gt;&gt;</a>&nbsp;&nbsp;&nbsp;PINSEL_SetOpenDrainMode
<LI><a href="#[ac]">&gt;&gt;</a>&nbsp;&nbsp;&nbsp;PINSEL_SetI2CMode
<LI><a href="#[ab]">&gt;&gt;</a>&nbsp;&nbsp;&nbsp;PINSEL_SetI2CFilter
<LI><a href="#[aa]">&gt;&gt;</a>&nbsp;&nbsp;&nbsp;PINSEL_SetSlewMode
<LI><a href="#[a9]">&gt;&gt;</a>&nbsp;&nbsp;&nbsp;PINSEL_SetInvertInput
<LI><a href="#[a8]">&gt;&gt;</a>&nbsp;&nbsp;&nbsp;PINSEL_SetHysMode
<LI><a href="#[a7]">&gt;&gt;</a>&nbsp;&nbsp;&nbsp;PINSEL_SetPinMode
<LI><a href="#[98]">&gt;&gt;</a>&nbsp;&nbsp;&nbsp;PINSEL_ConfigPin
</UL>

<P><STRONG><a name="[b4]"></a>NVIC_EnableIRQ</STRONG> (Thumb, 24 bytes, Stack size 0 bytes, user_bsp.o(.text))
<BR><BR>[Called By]<UL><LI><a href="#[b3]">&gt;&gt;</a>&nbsp;&nbsp;&nbsp;User_BSP_Init
</UL>

<P><STRONG><a name="[bf]"></a>OS_SchedNew</STRONG> (Thumb, 26 bytes, Stack size 0 bytes, os_core.o(.text))
<BR><BR>[Called By]<UL><LI><a href="#[df]">&gt;&gt;</a>&nbsp;&nbsp;&nbsp;OSStart
<LI><a href="#[be]">&gt;&gt;</a>&nbsp;&nbsp;&nbsp;OS_Sched
<LI><a href="#[bd]">&gt;&gt;</a>&nbsp;&nbsp;&nbsp;OSIntExit
</UL>

<P><STRONG><a name="[ca]"></a>OS_InitTaskStat</STRONG> (Thumb, 54 bytes, Stack size 32 bytes, os_core.o(.text))
<BR><BR>[Stack]<UL><LI>Max Depth = 128 + Unknown Stack Size
<LI>Call Chain = OS_InitTaskStat &rArr; OSTaskCreateExt &rArr; OS_TCBInit
</UL>
<BR>[Calls]<UL><LI><a href="#[cc]">&gt;&gt;</a>&nbsp;&nbsp;&nbsp;OSTaskNameSet
<LI><a href="#[cb]">&gt;&gt;</a>&nbsp;&nbsp;&nbsp;OSTaskCreateExt
</UL>
<BR>[Called By]<UL><LI><a href="#[d3]">&gt;&gt;</a>&nbsp;&nbsp;&nbsp;OSInit
</UL>

<P><STRONG><a name="[cf]"></a>OS_InitTaskIdle</STRONG> (Thumb, 54 bytes, Stack size 32 bytes, os_core.o(.text))
<BR><BR>[Stack]<UL><LI>Max Depth = 128 + Unknown Stack Size
<LI>Call Chain = OS_InitTaskIdle &rArr; OSTaskCreateExt &rArr; OS_TCBInit
</UL>
<BR>[Calls]<UL><LI><a href="#[cc]">&gt;&gt;</a>&nbsp;&nbsp;&nbsp;OSTaskNameSet
<LI><a href="#[cb]">&gt;&gt;</a>&nbsp;&nbsp;&nbsp;OSTaskCreateExt
</UL>
<BR>[Called By]<UL><LI><a href="#[d3]">&gt;&gt;</a>&nbsp;&nbsp;&nbsp;OSInit
</UL>

<P><STRONG><a name="[d0]"></a>OS_InitEventList</STRONG> (Thumb, 76 bytes, Stack size 16 bytes, os_core.o(.text))
<BR><BR>[Stack]<UL><LI>Max Depth = 16<LI>Call Chain = OS_InitEventList
</UL>
<BR>[Calls]<UL><LI><a href="#[d1]">&gt;&gt;</a>&nbsp;&nbsp;&nbsp;OS_MemClr
</UL>
<BR>[Called By]<UL><LI><a href="#[d3]">&gt;&gt;</a>&nbsp;&nbsp;&nbsp;OSInit
</UL>

<P><STRONG><a name="[d2]"></a>OS_InitTCBList</STRONG> (Thumb, 106 bytes, Stack size 16 bytes, os_core.o(.text))
<BR><BR>[Stack]<UL><LI>Max Depth = 16<LI>Call Chain = OS_InitTCBList
</UL>
<BR>[Calls]<UL><LI><a href="#[d1]">&gt;&gt;</a>&nbsp;&nbsp;&nbsp;OS_MemClr
</UL>
<BR>[Called By]<UL><LI><a href="#[d3]">&gt;&gt;</a>&nbsp;&nbsp;&nbsp;OSInit
</UL>

<P><STRONG><a name="[d6]"></a>OS_InitRdyList</STRONG> (Thumb, 44 bytes, Stack size 0 bytes, os_core.o(.text))
<BR><BR>[Called By]<UL><LI><a href="#[d3]">&gt;&gt;</a>&nbsp;&nbsp;&nbsp;OSInit
</UL>

<P><STRONG><a name="[d5]"></a>OS_InitMisc</STRONG> (Thumb, 44 bytes, Stack size 0 bytes, os_core.o(.text))
<BR><BR>[Called By]<UL><LI><a href="#[d3]">&gt;&gt;</a>&nbsp;&nbsp;&nbsp;OSInit
</UL>

<P><STRONG><a name="[e9]"></a>OS_FlagTaskRdy</STRONG> (Thumb, 96 bytes, Stack size 20 bytes, os_flag.o(.text), UNUSED)
<BR><BR>[Calls]<UL><LI><a href="#[ea]">&gt;&gt;</a>&nbsp;&nbsp;&nbsp;OS_FlagUnlink
</UL>
<BR>[Called By]<UL><LI><a href="#[f2]">&gt;&gt;</a>&nbsp;&nbsp;&nbsp;OSFlagPost
<LI><a href="#[eb]">&gt;&gt;</a>&nbsp;&nbsp;&nbsp;OSFlagDel
</UL>

<P><STRONG><a name="[f0]"></a>OS_FlagBlock</STRONG> (Thumb, 152 bytes, Stack size 20 bytes, os_flag.o(.text), UNUSED)
<BR><BR>[Called By]<UL><LI><a href="#[ef]">&gt;&gt;</a>&nbsp;&nbsp;&nbsp;OSFlagPend
</UL>

<P><STRONG><a name="[120]"></a>OSTmr_Alloc</STRONG> (Thumb, 50 bytes, Stack size 0 bytes, os_tmr.o(.text), UNUSED)
<BR><BR>[Called By]<UL><LI><a href="#[11f]">&gt;&gt;</a>&nbsp;&nbsp;&nbsp;OSTmrCreate
</UL>

<P><STRONG><a name="[123]"></a>OSTmr_Free</STRONG> (Thumb, 58 bytes, Stack size 0 bytes, os_tmr.o(.text), UNUSED)
<BR><BR>[Called By]<UL><LI><a href="#[121]">&gt;&gt;</a>&nbsp;&nbsp;&nbsp;OSTmrDel
</UL>

<P><STRONG><a name="[122]"></a>OSTmr_Unlink</STRONG> (Thumb, 62 bytes, Stack size 12 bytes, os_tmr.o(.text))
<BR><BR>[Stack]<UL><LI>Max Depth = 12<LI>Call Chain = OSTmr_Unlink
</UL>
<BR>[Called By]<UL><LI><a href="#[129]">&gt;&gt;</a>&nbsp;&nbsp;&nbsp;OSTmrStop
<LI><a href="#[127]">&gt;&gt;</a>&nbsp;&nbsp;&nbsp;OSTmrStart
<LI><a href="#[121]">&gt;&gt;</a>&nbsp;&nbsp;&nbsp;OSTmrDel
<LI><a href="#[36]">&gt;&gt;</a>&nbsp;&nbsp;&nbsp;OSTmr_Task
</UL>

<P><STRONG><a name="[128]"></a>OSTmr_Link</STRONG> (Thumb, 100 bytes, Stack size 16 bytes, os_tmr.o(.text))
<BR><BR>[Stack]<UL><LI>Max Depth = 16<LI>Call Chain = OSTmr_Link
</UL>
<BR>[Called By]<UL><LI><a href="#[127]">&gt;&gt;</a>&nbsp;&nbsp;&nbsp;OSTmrStart
<LI><a href="#[36]">&gt;&gt;</a>&nbsp;&nbsp;&nbsp;OSTmr_Task
</UL>

<P><STRONG><a name="[36]"></a>OSTmr_Task</STRONG> (Thumb, 114 bytes, Stack size 8 bytes, os_tmr.o(.text))
<BR><BR>[Stack]<UL><LI>Max Depth = 40 + Unknown Stack Size
<LI>Call Chain = OSTmr_Task &rArr; OSSemPend &rArr; OS_EventTaskWait
</UL>
<BR>[Calls]<UL><LI><a href="#[128]">&gt;&gt;</a>&nbsp;&nbsp;&nbsp;OSTmr_Link
<LI><a href="#[122]">&gt;&gt;</a>&nbsp;&nbsp;&nbsp;OSTmr_Unlink
<LI><a href="#[108]">&gt;&gt;</a>&nbsp;&nbsp;&nbsp;OSSemPend
<LI><a href="#[de]">&gt;&gt;</a>&nbsp;&nbsp;&nbsp;OSSchedUnlock
<LI><a href="#[dd]">&gt;&gt;</a>&nbsp;&nbsp;&nbsp;OSSchedLock
</UL>
<BR>[Address Reference Count : 1]<UL><LI> os_tmr.o(.text)
</UL>
<P><STRONG><a name="[12a]"></a>OSTmr_InitTask</STRONG> (Thumb, 52 bytes, Stack size 32 bytes, os_tmr.o(.text))
<BR><BR>[Stack]<UL><LI>Max Depth = 128 + Unknown Stack Size
<LI>Call Chain = OSTmr_InitTask &rArr; OSTaskCreateExt &rArr; OS_TCBInit
</UL>
<BR>[Calls]<UL><LI><a href="#[cc]">&gt;&gt;</a>&nbsp;&nbsp;&nbsp;OSTaskNameSet
<LI><a href="#[cb]">&gt;&gt;</a>&nbsp;&nbsp;&nbsp;OSTaskCreateExt
</UL>
<BR>[Called By]<UL><LI><a href="#[da]">&gt;&gt;</a>&nbsp;&nbsp;&nbsp;OSTmr_Init
</UL>

<P><STRONG><a name="[12b]"></a>App_TaskCreate</STRONG> (Thumb, 20 bytes, Stack size 8 bytes, applicatontask.o(.text))
<BR><BR>[Stack]<UL><LI>Max Depth = 208 + Unknown Stack Size
<LI>Call Chain = App_TaskCreate &rArr; Tariff_initial &rArr; OSTaskCreateExt &rArr; OS_TCBInit
</UL>
<BR>[Calls]<UL><LI><a href="#[12e]">&gt;&gt;</a>&nbsp;&nbsp;&nbsp;Tariff_initial
<LI><a href="#[12c]">&gt;&gt;</a>&nbsp;&nbsp;&nbsp;IRQ_Task_initial
<LI><a href="#[12f]">&gt;&gt;</a>&nbsp;&nbsp;&nbsp;Dummy_initial
<LI><a href="#[12d]">&gt;&gt;</a>&nbsp;&nbsp;&nbsp;ALARMMNGT_initial
</UL>
<BR>[Called By]<UL><LI><a href="#[37]">&gt;&gt;</a>&nbsp;&nbsp;&nbsp;App_TaskStart
</UL>

<P><STRONG><a name="[37]"></a>App_TaskStart</STRONG> (Thumb, 40 bytes, Stack size 16 bytes, applicatontask.o(.text))
<BR><BR>[Stack]<UL><LI>Max Depth = 248 + Unknown Stack Size
<LI>Call Chain = App_TaskStart &rArr; User_BSP_Init &rArr; ADE7953_I2C_Inititial &rArr; ADE7953_i2c_Read &rArr; I2C_MasterTransferData &rArr; I2C_MasterHanleStates
</UL>
<BR>[Calls]<UL><LI><a href="#[131]">&gt;&gt;</a>&nbsp;&nbsp;&nbsp;App_SignalQeueq_Init
<LI><a href="#[12b]">&gt;&gt;</a>&nbsp;&nbsp;&nbsp;App_TaskCreate
<LI><a href="#[e1]">&gt;&gt;</a>&nbsp;&nbsp;&nbsp;OSStatInit
<LI><a href="#[130]">&gt;&gt;</a>&nbsp;&nbsp;&nbsp;OS_CPU_SysTickInit
<LI><a href="#[b3]">&gt;&gt;</a>&nbsp;&nbsp;&nbsp;User_BSP_Init
</UL>
<BR>[Address Reference Count : 1]<UL><LI> applicatontask.o(.text)
</UL>
<P><STRONG><a name="[138]"></a>ALARMMNGT_WaitForSignal_RTC</STRONG> (Thumb, 28 bytes, Stack size 16 bytes, alarmmangment.o(.text))
<BR><BR>[Stack]<UL><LI>Max Depth = 56 + Unknown Stack Size
<LI>Call Chain = ALARMMNGT_WaitForSignal_RTC &rArr; OSQPend &rArr; OS_EventTaskWait
</UL>
<BR>[Calls]<UL><LI><a href="#[ff]">&gt;&gt;</a>&nbsp;&nbsp;&nbsp;OSQPend
</UL>
<BR>[Called By]<UL><LI><a href="#[38]">&gt;&gt;</a>&nbsp;&nbsp;&nbsp;ALARMMNGT_TaskStart
</UL>

<P><STRONG><a name="[38]"></a>ALARMMNGT_TaskStart</STRONG> (Thumb, 120 bytes, Stack size 40 bytes, alarmmangment.o(.text))
<BR><BR>[Stack]<UL><LI>Max Depth = 96 + Unknown Stack Size
<LI>Call Chain = ALARMMNGT_TaskStart &rArr; ALARMMNGT_WaitForSignal_RTC &rArr; OSQPend &rArr; OS_EventTaskWait
</UL>
<BR>[Calls]<UL><LI><a href="#[138]">&gt;&gt;</a>&nbsp;&nbsp;&nbsp;ALARMMNGT_WaitForSignal_RTC
<LI><a href="#[13a]">&gt;&gt;</a>&nbsp;&nbsp;&nbsp;__aeabi_memcpy4
</UL>
<BR>[Address Reference Count : 1]<UL><LI> alarmmangment.o(.text)
</UL>
<P><STRONG><a name="[39]"></a>Tariff_TaskStart</STRONG> (Thumb, 24 bytes, Stack size 8 bytes, tariff_task.o(.text))
<BR><BR>[Stack]<UL><LI>Max Depth = 64 + Unknown Stack Size
<LI>Call Chain = Tariff_TaskStart &rArr; Tariff_WaitForSignal &rArr; OSQPend &rArr; OS_EventTaskWait
</UL>
<BR>[Calls]<UL><LI><a href="#[147]">&gt;&gt;</a>&nbsp;&nbsp;&nbsp;Tariff_WaitForSignal
</UL>
<BR>[Address Reference Count : 1]<UL><LI> tariff_task.o(.text)
</UL>
<P><STRONG><a name="[3a]"></a>Dummy_TaskStart</STRONG> (Thumb, 18 bytes, Stack size 8 bytes, dummytask.o(.text))
<BR><BR>[Stack]<UL><LI>Max Depth = 48 + Unknown Stack Size
<LI>Call Chain = Dummy_TaskStart &rArr; OSQPend &rArr; OS_EventTaskWait
</UL>
<BR>[Calls]<UL><LI><a href="#[ff]">&gt;&gt;</a>&nbsp;&nbsp;&nbsp;OSQPend
</UL>
<BR>[Address Reference Count : 1]<UL><LI> dummytask.o(.text)
</UL>
<P><STRONG><a name="[3b]"></a>IRQ_TaskStart</STRONG> (Thumb, 46 bytes, Stack size 8 bytes, irqhandeltask.o(.text))
<BR><BR>[Stack]<UL><LI>Max Depth = 48 + Unknown Stack Size
<LI>Call Chain = IRQ_TaskStart &rArr; OSQPend &rArr; OS_EventTaskWait
</UL>
<BR>[Calls]<UL><LI><a href="#[14b]">&gt;&gt;</a>&nbsp;&nbsp;&nbsp;ADE7953_Reset
<LI><a href="#[ff]">&gt;&gt;</a>&nbsp;&nbsp;&nbsp;OSQPend
</UL>
<BR>[Address Reference Count : 1]<UL><LI> irqhandeltask.o(.text)
</UL>
<P><STRONG><a name="[158]"></a>NVIC_SetPriority</STRONG> (Thumb, 32 bytes, Stack size 8 bytes, rtc_bsp.o(.text))
<BR><BR>[Stack]<UL><LI>Max Depth = 8<LI>Call Chain = NVIC_SetPriority
</UL>
<BR>[Called By]<UL><LI><a href="#[b5]">&gt;&gt;</a>&nbsp;&nbsp;&nbsp;RTC_BSP_Init
</UL>

<P><STRONG><a name="[163]"></a>SolarLeapCount</STRONG> (Thumb, 42 bytes, Stack size 0 bytes, rtc_bsp.o(.text), UNUSED)
<BR><BR>[Called By]<UL><LI><a href="#[165]">&gt;&gt;</a>&nbsp;&nbsp;&nbsp;SolarToChristian
<LI><a href="#[162]">&gt;&gt;</a>&nbsp;&nbsp;&nbsp;ChristianToSolar
</UL>

<P><STRONG><a name="[161]"></a>ChrisLeapCount</STRONG> (Thumb, 42 bytes, Stack size 0 bytes, rtc_bsp.o(.text), UNUSED)
<BR><BR>[Called By]<UL><LI><a href="#[165]">&gt;&gt;</a>&nbsp;&nbsp;&nbsp;SolarToChristian
<LI><a href="#[162]">&gt;&gt;</a>&nbsp;&nbsp;&nbsp;ChristianToSolar
<LI><a href="#[15f]">&gt;&gt;</a>&nbsp;&nbsp;&nbsp;GetWeekday
</UL>

<P><STRONG><a name="[160]"></a>ChrisLeapYear</STRONG> (Thumb, 38 bytes, Stack size 0 bytes, rtc_bsp.o(.text), UNUSED)
<BR><BR>[Called By]<UL><LI><a href="#[165]">&gt;&gt;</a>&nbsp;&nbsp;&nbsp;SolarToChristian
<LI><a href="#[162]">&gt;&gt;</a>&nbsp;&nbsp;&nbsp;ChristianToSolar
<LI><a href="#[15f]">&gt;&gt;</a>&nbsp;&nbsp;&nbsp;GetWeekday
</UL>

<P><STRONG><a name="[164]"></a>SolarLeapYear</STRONG> (Thumb, 38 bytes, Stack size 0 bytes, rtc_bsp.o(.text), UNUSED)
<BR><BR>[Called By]<UL><LI><a href="#[162]">&gt;&gt;</a>&nbsp;&nbsp;&nbsp;ChristianToSolar
</UL>

<P><STRONG><a name="[15d]"></a>NVIC_EnableIRQ</STRONG> (Thumb, 24 bytes, Stack size 0 bytes, rtc_bsp.o(.text))
<BR><BR>[Called By]<UL><LI><a href="#[b5]">&gt;&gt;</a>&nbsp;&nbsp;&nbsp;RTC_BSP_Init
</UL>

<P><STRONG><a name="[157]"></a>NVIC_DisableIRQ</STRONG> (Thumb, 18 bytes, Stack size 0 bytes, rtc_bsp.o(.text))
<BR><BR>[Called By]<UL><LI><a href="#[b5]">&gt;&gt;</a>&nbsp;&nbsp;&nbsp;RTC_BSP_Init
</UL>

<P><STRONG><a name="[173]"></a>NVIC_EnableIRQ</STRONG> (Thumb, 24 bytes, Stack size 0 bytes, extit_handeler.o(.text))
<BR><BR>[Called By]<UL><LI><a href="#[171]">&gt;&gt;</a>&nbsp;&nbsp;&nbsp;EINT_BSP_Init
</UL>
<P>
<H3>
Undefined Global Symbols
</H3><HR></body></html>
